12-07 14:34:51.221   138   340 I chatty  : uid=0(root) /system/bin/panel expire 17 lines
12-07 14:34:51.225  2989  3039 W harman_gps: process_ndr_data(): Fractional seconds = 223454400 is >1 second, Time Invalid: UTC time 0; DR time = 223454400; Fix Type=0
12-07 14:34:51.321  2989  3039 W harman_gps: process_ndr_data(): Fractional seconds = 223454500 is >1 second, Time Invalid: UTC time 0; DR time = 223454500; Fix Type=0
12-07 14:34:51.421  2989  3039 W harman_gps: process_ndr_data(): Fractional seconds = 223454600 is >1 second, Time Invalid: UTC time 0; DR time = 223454600; Fix Type=0
12-07 14:34:51.521  2989  3039 W harman_gps: process_ndr_data(): Fractional seconds = 223454701 is >1 second, Time Invalid: UTC time 0; DR time = 223454701; Fix Type=0
12-07 14:34:51.621  2989  3039 W harman_gps: process_ndr_data(): Fractional seconds = 223454800 is >1 second, Time Invalid: UTC time 0; DR time = 223454800; Fix Type=0
12-07 14:34:51.689   139   156 I chatty  : uid=0(root) UipcRxThread expire 1 line
12-07 14:34:51.721  2989  3039 W harman_gps: process_ndr_data(): Fractional seconds = 223454900 is >1 second, Time Invalid: UTC time 0; DR time = 223454900; Fix Type=0
12-07 14:34:51.722   138   340 I chatty  : uid=0(root) /system/bin/panel expire 18 lines
12-07 14:34:51.821  2989  3039 W harman_gps: process_ndr_data(): Fractional seconds = 223455000 is >1 second, Time Invalid: UTC time 0; DR time = 223455000; Fix Type=0
12-07 14:34:51.921  2989  3039 W harman_gps: process_ndr_data(): Fractional seconds = 223455100 is >1 second, Time Invalid: UTC time 0; DR time = 223455100; Fix Type=0
12-07 14:34:51.930  1985  1985 I GMAudioAppInitService: GMAudioApp is running (PID=1985,UID=10)
12-07 14:34:52.021  2989  3039 W harman_gps: process_ndr_data(): Fractional seconds = 223455201 is >1 second, Time Invalid: UTC time 0; DR time = 223455201; Fix Type=0
12-07 14:34:52.121  2989  3039 W harman_gps: process_ndr_data(): Fractional seconds = 223455300 is >1 second, Time Invalid: UTC time 0; DR time = 223455300; Fix Type=0
12-07 14:34:52.194   139   156 I chatty  : uid=0(root) UipcRxThread expire 1 line
12-07 14:34:52.221  2989  3039 W harman_gps: process_ndr_data(): Fractional seconds = 223455401 is >1 second, Time Invalid: UTC time 0; DR time = 223455401; Fix Type=0
12-07 14:34:52.222   138   340 I chatty  : uid=0(root) /system/bin/panel expire 13 lines
12-07 14:34:52.321  2989  3039 W harman_gps: process_ndr_data(): Fractional seconds = 223455501 is >1 second, Time Invalid: UTC time 0; DR time = 223455501; Fix Type=0
12-07 14:34:52.421  2989  3039 W harman_gps: process_ndr_data(): Fractional seconds = 223455601 is >1 second, Time Invalid: UTC time 0; DR time = 223455601; Fix Type=0
12-07 14:34:52.521  2989  3039 W harman_gps: process_ndr_data(): Fractional seconds = 223455701 is >1 second, Time Invalid: UTC time 0; DR time = 223455701; Fix Type=0
12-07 14:34:52.526  1584  1746 I chatty  : uid=0(root) SendThread expire 4 lines
12-07 14:34:52.527  1584  1737 I chatty  : uid=0(root) qnxcomm expire 1 line
12-07 14:34:52.527  1584  1746 I chatty  : uid=0(root) SendThread expire 2 lines
12-07 14:34:52.528  1584  1743 I chatty  : uid=0(root) RouterThread expire 1 line
12-07 14:34:52.529  1584  1737 I chatty  : uid=0(root) qnxcomm expire 1 line
12-07 14:34:52.529  1584  1746 I chatty  : uid=0(root) SendThread expire 1 line
12-07 14:34:52.529  1584  1807 I chatty  : uid=0(root) DSIServerConnec expire 1 line
12-07 14:34:52.530  1584  1743 I chatty  : uid=0(root) RouterThread expire 1 line
12-07 14:34:52.531  1584  1746 I chatty  : uid=0(root) SendThread expire 5 lines
12-07 14:34:52.531  1584  1807 I chatty  : uid=0(root) DSIServerConnec expire 1 line
12-07 14:34:52.532  1584  1746 I chatty  : uid=0(root) SendThread expire 1 line
12-07 14:34:52.533  1584  1746 I SCP     : RESP SGBluetoothGap_BSS_GAP:70 BSS_GAP_ServiceConnect address='BC:A9:20:E3:40:F6' service='HFPGW' error=BSS_GAP_ERROR_PAGE_TIMEOUT;
12-07 14:34:52.533  1584  1737 D qnxcomm : qnxcomm: accepted channel socket fd=67 from peer=/mp/connections/1584/66 (sequenceNr=269)
12-07 14:34:52.533  1584  1743 D qnxcomm : qnxcomm: connected socket fd=66 to pid=1584, chid=37, timeout=10 seconds
12-07 14:34:52.533  2138  2409 D qnxcomm : qnxcomm: connected socket fd=88 to pid=2138, chid=51, timeout=10 seconds
12-07 14:34:52.534  2138  2397 D qnxcomm : qnxcomm: accepted channel socket fd=88 from peer=/mp/connections/2138/88 (sequenceNr=77)
12-07 14:34:52.535  2138  2425 D qnxcomm : qnxcomm: close channel socket fd=88 for sequenceNr=77
12-07 14:34:52.535  1584  1807 D qnxcomm : qnxcomm: close channel socket fd=67 for sequenceNr=269
12-07 14:34:52.535  1584  1746 I SCP     : RESP PhoneCtrl:656 BSS_GAP_ServiceConnected error=BSS_GAP_ERROR_NONE;
12-07 14:34:52.535  1584  1746 I SCP     : CALL SGBluetoothGap_BSS_GAP:71 BSS_GAP_ServiceConnect device='PhoneCtrl' instance='Bluephone' address='BC:A9:20:E3:40:F6' service='HFPGW';
12-07 14:34:52.536  1584  1746 I SCP     : EVNT PhoneCtrl NAME=BSS_GAP_SERVICE_CONNECT instance='Bluephone' address='BC:A9:20:E3:40:F6' service='HFPGW' handle=1;
12-07 14:34:52.537  1584  1746 I SCP     : CTRL INFO PhoneService MSG='Phone controller service component, revision=6, date=2012-06-15';
12-07 14:34:52.537  1584  1746 I SCP     : CALL PhoneCtrl:657 DmlMgr_RegisterDmlService address='BC:A9:20:E3:40:F6' service='HFPGW' syscall='Bluephone_IdentifyModel';
12-07 14:34:52.538  1584  1746 I SCP     : CALL DmlMgr:526 PhoneCtrl_RegisterEvents event_list={ 'PHONECTRL_HFP_CONNECTED' };
12-07 14:34:52.538  1584  1746 I SCP     : RESP DmlMgr:526 PhoneCtrl_RegisterEvents result=PHONE_CTRL_OK;
12-07 14:34:52.538  1584  1746 I SCP     : RESP PhoneCtrl:657 DmlMgr_RegisterDmlService result=DML_MGR_OK;
12-07 14:34:52.538  1584  1746 I SCP     : CALL PhoneCtrl:658 BSS_HFP_Open ;
12-07 14:34:52.538  1584  1746 I SCP     : RESP PhoneCtrl:658 BSS_HFP_Open handle=1 error=BSS_HFP_ERROR_NONE;
12-07 14:34:52.539  1584  1746 I SCP     : CALL PhoneCtrl:659 BSS_HFP_Connect address='BC:A9:20:E3:40:F6' handle=1 sco_channel=0;
12-07 14:34:52.621  2989  3039 W harman_gps: process_ndr_data(): Fractional seconds = 223455801 is >1 second, Time Invalid: UTC time 0; DR time = 223455801; Fix Type=0
12-07 14:34:52.699   139   156 E ProtoKey: Protokey request failed
12-07 14:34:52.721  2989  3039 W harman_gps: process_ndr_data(): Fractional seconds = 223455900 is >1 second, Time Invalid: UTC time 0; DR time = 223455900; Fix Type=0
12-07 14:34:52.722   138   340 I MFC     : Rx size 16 id= 0x301 len=8
12-07 14:34:52.722   138   340 I MFC     : hexdata=20 80 0 0 0 0 0 0
12-07 14:34:52.722   138   340 I MFC     : F301 processed
12-07 14:34:52.722   138   340 I MFC     : Receive
12-07 14:34:52.722   138   340 I MFC     : Rx size 16 id= 0x302 len=2
12-07 14:34:52.722   138   340 I MFC     : hexdata=80 80
12-07 14:34:52.722   138   340 I MFC     : F302 processed
12-07 14:34:52.722   138   340 I MFC     : Receive
12-07 14:34:52.821  2989  3039 W harman_gps: process_ndr_data(): Fractional seconds = 223456001 is >1 second, Time Invalid: UTC time 0; DR time = 223456001; Fix Type=0
12-07 14:34:52.921  2989  3039 W harman_gps: process_ndr_data(): Fractional seconds = 223456100 is >1 second, Time Invalid: UTC time 0; DR time = 223456100; Fix Type=0
12-07 14:34:52.972   138   340 I MFC     : Rx size 16 id= 0x301 len=8
12-07 14:34:52.972   138   340 I MFC     : hexdata=20 80 0 0 0 0 0 0
12-07 14:34:52.972   138   340 I MFC     : F301 processed
12-07 14:34:52.972   138   340 I MFC     : Receive
12-07 14:34:52.973   138   340 I MFC     : Rx size 16 id= 0x302 len=2
12-07 14:34:52.973   138   340 I MFC     : hexdata=80 80
12-07 14:34:52.973   138   340 I MFC     : F302 processed
12-07 14:34:52.973   138   340 I MFC     : Receive
12-07 14:34:53.021  2989  3039 W harman_gps: process_ndr_data(): Fractional seconds = 223456201 is >1 second, Time Invalid: UTC time 0; DR time = 223456201; Fix Type=0
12-07 14:34:53.121  2989  3039 W harman_gps: process_ndr_data(): Fractional seconds = 223456300 is >1 second, Time Invalid: UTC time 0; DR time = 223456300; Fix Type=0
12-07 14:34:53.205   139   156 E ProtoKey: Protokey request failed
12-07 14:34:53.221  2989  3039 W harman_gps: process_ndr_data(): Fractional seconds = 223456401 is >1 second, Time Invalid: UTC time 0; DR time = 223456401; Fix Type=0
12-07 14:34:53.222   138   340 I MFC     : Rx size 16 id= 0x301 len=8
12-07 14:34:53.222   138   340 I MFC     : hexdata=20 80 0 0 0 0 0 0
12-07 14:34:53.222   138   340 I MFC     : F301 processed
12-07 14:34:53.222   138   340 I MFC     : Receive
12-07 14:34:53.222   138   340 I MFC     : Rx size 16 id= 0x302 len=2
12-07 14:34:53.222   138   340 I MFC     : hexdata=80 80
12-07 14:34:53.222   138   340 I MFC     : F302 processed
12-07 14:34:53.222   138   340 I MFC     : Receive
12-07 14:34:53.322  2989  3039 W harman_gps: process_ndr_data(): Fractional seconds = 223456501 is >1 second, Time Invalid: UTC time 0; DR time = 223456501; Fix Type=0
12-07 14:34:53.421  2989  3039 W harman_gps: process_ndr_data(): Fractional seconds = 223456601 is >1 second, Time Invalid: UTC time 0; DR time = 223456601; Fix Type=0
12-07 14:34:53.472  1241  1508 E VMS-LocationSrvGA: Signal ID: 558-- VehicleDataUnavailable:gm.vehicle.VehicleDataUnavailable: Vehicle Data Still Not Available From Bus
12-07 14:34:53.472  1241  1508 I GMStatusBar: updateLocationStatus(): Vehicle Data Still Not Available From Bus 
12-07 14:34:53.473   138   340 I MFC     : Rx size 16 id= 0x301 len=8
12-07 14:34:53.473   138   340 I MFC     : hexdata=20 80 0 0 0 0 0 0
12-07 14:34:53.473   138   340 I MFC     : F301 processed
12-07 14:34:53.473   138   340 I MFC     : Receive
12-07 14:34:53.473   138   340 I MFC     : Rx size 16 id= 0x302 len=2
12-07 14:34:53.473   138   340 I MFC     : hexdata=80 80
12-07 14:34:53.473   138   340 I MFC     : F302 processed
12-07 14:34:53.473   138   340 I MFC     : Receive
12-07 14:34:53.521  2989  3039 W harman_gps: process_ndr_data(): Fractional seconds = 223456701 is >1 second, Time Invalid: UTC time 0; DR time = 223456701; Fix Type=0
12-07 14:34:53.621  2989  3039 W harman_gps: process_ndr_data(): Fractional seconds = 223456801 is >1 second, Time Invalid: UTC time 0; DR time = 223456801; Fix Type=0
12-07 14:34:53.709   139   156 E ProtoKey: Protokey request failed
12-07 14:34:53.721  2989  3039 W harman_gps: process_ndr_data(): Fractional seconds = 223456900 is >1 second, Time Invalid: UTC time 0; DR time = 223456900; Fix Type=0
12-07 14:34:53.722   138   340 I MFC     : Rx size 16 id= 0x301 len=8
12-07 14:34:53.723   138   340 I MFC     : hexdata=20 80 0 0 0 0 0 0
12-07 14:34:53.723   138   340 I MFC     : F301 processed
12-07 14:34:53.723   138   340 I MFC     : Receive
12-07 14:34:53.723   138   340 I MFC     : Rx size 16 id= 0x302 len=2
12-07 14:34:53.723   138   340 I MFC     : hexdata=80 80
12-07 14:34:53.723   138   340 I MFC     : F302 processed
12-07 14:34:53.723   138   340 I MFC     : Receive
12-07 14:34:53.791  8346  8361 I chatty  : uid=1010020(com.telenav.app.denali.na) Binder_3 expire 10 lines
12-07 14:34:53.801  8346  8611 I chatty  : uid=1010020(com.telenav.app.denali.na) pool-12-thread- expire 14 lines
12-07 14:34:53.822  2989  3039 W harman_gps: process_ndr_data(): Fractional seconds = 223457001 is >1 second, Time Invalid: UTC time 0; DR time = 223457001; Fix Type=0
12-07 14:34:53.921  2989  3039 W harman_gps: process_ndr_data(): Fractional seconds = 223457101 is >1 second, Time Invalid: UTC time 0; DR time = 223457101; Fix Type=0
12-07 14:34:53.973   138   340 I MFC     : Rx size 16 id= 0x301 len=8
12-07 14:34:53.973   138   340 I MFC     : hexdata=20 80 0 0 0 0 0 0
12-07 14:34:53.973   138   340 I MFC     : F301 processed
12-07 14:34:53.973   138   340 I MFC     : Receive
12-07 14:34:53.973   138   340 I MFC     : Rx size 16 id= 0x302 len=2
12-07 14:34:53.973   138   340 I MFC     : hexdata=80 80
12-07 14:34:53.973   138   340 I MFC     : F302 processed
12-07 14:34:53.973   138   340 I MFC     : Receive
12-07 14:34:54.021  2989  3039 W harman_gps: process_ndr_data(): Fractional seconds = 223457201 is >1 second, Time Invalid: UTC time 0; DR time = 223457201; Fix Type=0
12-07 14:34:54.121  2989  3039 W harman_gps: process_ndr_data(): Fractional seconds = 223457301 is >1 second, Time Invalid: UTC time 0; DR time = 223457301; Fix Type=0
12-07 14:34:54.214   139   156 E ProtoKey: Protokey request failed
12-07 14:34:54.221  2989  3039 W harman_gps: process_ndr_data(): Fractional seconds = 223457401 is >1 second, Time Invalid: UTC time 0; DR time = 223457401; Fix Type=0
12-07 14:34:54.223   138   340 I MFC     : Rx size 16 id= 0x301 len=8
12-07 14:34:54.223   138   340 I MFC     : hexdata=20 80 0 0 0 0 0 0
12-07 14:34:54.223   138   340 I MFC     : F301 processed
12-07 14:34:54.223   138   340 I MFC     : Receive
12-07 14:34:54.223   138   340 I MFC     : Rx size 16 id= 0x302 len=2
12-07 14:34:54.223   138   340 I MFC     : hexdata=80 80
12-07 14:34:54.223   138   340 I MFC     : F302 processed
12-07 14:34:54.223   138   340 I MFC     : Receive
12-07 14:34:54.321  2989  3039 W harman_gps: process_ndr_data(): Fractional seconds = 223457501 is >1 second, Time Invalid: UTC time 0; DR time = 223457501; Fix Type=0
12-07 14:34:54.390  1149  1568 I chatty  : uid=1000(system) pool-11-thread- expire 5 lines
12-07 14:34:54.421  2989  3039 W harman_gps: process_ndr_data(): Fractional seconds = 223457601 is >1 second, Time Invalid: UTC time 0; DR time = 223457601; Fix Type=0
12-07 14:34:54.473   138   340 I MFC     : Rx size 16 id= 0x301 len=8
12-07 14:34:54.473   138   340 I MFC     : hexdata=20 80 0 0 0 0 0 0
12-07 14:34:54.473   138   340 I MFC     : F301 processed
12-07 14:34:54.473   138   340 I MFC     : Receive
12-07 14:34:54.473   138   340 I MFC     : Rx size 16 id= 0x302 len=2
12-07 14:34:54.473   138   340 I MFC     : hexdata=80 80
12-07 14:34:54.473   138   340 I MFC     : F302 processed
12-07 14:34:54.473   138   340 I MFC     : Receive
12-07 14:34:54.521  2989  3039 W harman_gps: process_ndr_data(): Fractional seconds = 223457701 is >1 second, Time Invalid: UTC time 0; DR time = 223457701; Fix Type=0
12-07 14:34:54.621  2989  3039 W harman_gps: process_ndr_data(): Fractional seconds = 223457801 is >1 second, Time Invalid: UTC time 0; DR time = 223457801; Fix Type=0
12-07 14:34:54.719   139   156 E ProtoKey: Protokey request failed
12-07 14:34:54.721  2989  3039 W harman_gps: process_ndr_data(): Fractional seconds = 223457901 is >1 second, Time Invalid: UTC time 0; DR time = 223457901; Fix Type=0
12-07 14:34:54.723   138   340 I MFC     : Rx size 16 id= 0x301 len=8
12-07 14:34:54.723   138   340 I MFC     : hexdata=20 80 0 0 0 0 0 0
12-07 14:34:54.723   138   340 I MFC     : F301 processed
12-07 14:34:54.723   138   340 I MFC     : Receive
12-07 14:34:54.723   138   340 I MFC     : Rx size 16 id= 0x302 len=2
12-07 14:34:54.723   138   340 I MFC     : hexdata=80 80
12-07 14:34:54.723   138   340 I MFC     : F302 processed
12-07 14:34:54.723   138   340 I MFC     : Receive
12-07 14:34:54.821  2989  3039 W harman_gps: process_ndr_data(): Fractional seconds = 223458001 is >1 second, Time Invalid: UTC time 0; DR time = 223458001; Fix Type=0
12-07 14:34:54.921  2989  3039 W harman_gps: process_ndr_data(): Fractional seconds = 223458101 is >1 second, Time Invalid: UTC time 0; DR time = 223458101; Fix Type=0
12-07 14:34:54.973   138   340 I MFC     : Rx size 16 id= 0x301 len=8
12-07 14:34:54.973   138   340 I MFC     : hexdata=20 80 0 0 0 0 0 0
12-07 14:34:54.973   138   340 I MFC     : F301 processed
12-07 14:34:54.973   138   340 I MFC     : Receive
12-07 14:34:54.973   138   340 I MFC     : Rx size 16 id= 0x302 len=2
12-07 14:34:54.973   138   340 I MFC     : hexdata=80 80
12-07 14:34:54.973   138   340 I MFC     : F302 processed
12-07 14:34:54.973   138   340 I MFC     : Receive
12-07 14:34:55.021  2989  3039 W harman_gps: process_ndr_data(): Fractional seconds = 223458201 is >1 second, Time Invalid: UTC time 0; DR time = 223458201; Fix Type=0
12-07 14:34:55.121  2989  3039 W harman_gps: process_ndr_data(): Fractional seconds = 223458301 is >1 second, Time Invalid: UTC time 0; DR time = 223458301; Fix Type=0
12-07 14:34:55.181  8346  8700 I chatty  : uid=1010020(com.telenav.app.denali.na) pool-1-thread-7 expire 9 lines
12-07 14:34:55.221  2989  3039 W harman_gps: process_ndr_data(): Fractional seconds = 223458401 is >1 second, Time Invalid: UTC time 0; DR time = 223458401; Fix Type=0
12-07 14:34:55.223   138   340 I MFC     : Rx size 16 id= 0x301 len=8
12-07 14:34:55.223   138   340 I MFC     : hexdata=20 80 0 0 0 0 0 0
12-07 14:34:55.223   138   340 I MFC     : F301 processed
12-07 14:34:55.223   138   340 I MFC     : Receive
12-07 14:34:55.223   138   340 I MFC     : Rx size 16 id= 0x302 len=2
12-07 14:34:55.223   138   340 I MFC     : hexdata=80 80
12-07 14:34:55.223   138   340 I MFC     : F302 processed
12-07 14:34:55.223   138   340 I MFC     : Receive
12-07 14:34:55.224   139   156 E ProtoKey: Protokey request failed
12-07 14:34:55.321  2989  3039 W harman_gps: process_ndr_data(): Fractional seconds = 223458501 is >1 second, Time Invalid: UTC time 0; DR time = 223458501; Fix Type=0
12-07 14:34:55.421  2989  3039 W harman_gps: process_ndr_data(): Fractional seconds = 223458601 is >1 second, Time Invalid: UTC time 0; DR time = 223458601; Fix Type=0
12-07 14:34:55.473   138   340 I MFC     : Rx size 16 id= 0x301 len=8
12-07 14:34:55.473   138   340 I MFC     : hexdata=20 80 0 0 0 0 0 0
12-07 14:34:55.473   138   340 I MFC     : F301 processed
12-07 14:34:55.473   138   340 I MFC     : Receive
12-07 14:34:55.473   138   340 I MFC     : Rx size 16 id= 0x302 len=2
12-07 14:34:55.473   138   340 I MFC     : hexdata=80 80
12-07 14:34:55.473   138   340 I MFC     : F302 processed
12-07 14:34:55.473   138   340 I MFC     : Receive
12-07 14:34:55.522  2989  3039 W harman_gps: process_ndr_data(): Fractional seconds = 223458701 is >1 second, Time Invalid: UTC time 0; DR time = 223458701; Fix Type=0
12-07 14:34:55.621  8346  8698 I chatty  : uid=1010020(com.telenav.app.denali.na) pool-1-thread-6 expire 9 lines
12-07 14:34:55.623  2989  3039 W harman_gps: process_ndr_data(): Fractional seconds = 223458801 is >1 second, Time Invalid: UTC time 0; DR time = 223458801; Fix Type=0
12-07 14:34:55.721  2989  3039 W harman_gps: process_ndr_data(): Fractional seconds = 223458901 is >1 second, Time Invalid: UTC time 0; DR time = 223458901; Fix Type=0
12-07 14:34:55.723   138   340 I MFC     : Rx size 16 id= 0x301 len=8
12-07 14:34:55.723   138   340 I MFC     : hexdata=20 80 0 0 0 0 0 0
12-07 14:34:55.723   138   340 I MFC     : F301 processed
12-07 14:34:55.723   138   340 I MFC     : Receive
12-07 14:34:55.724   138   340 I MFC     : Rx size 16 id= 0x302 len=2
12-07 14:34:55.724   138   340 I MFC     : hexdata=80 80
12-07 14:34:55.724   138   340 I MFC     : F302 processed
12-07 14:34:55.724   138   340 I MFC     : Receive
12-07 14:34:55.729   139   156 E ProtoKey: Protokey request failed
12-07 14:34:55.821  2989  3039 W harman_gps: process_ndr_data(): Fractional seconds = 223459001 is >1 second, Time Invalid: UTC time 0; DR time = 223459001; Fix Type=0
12-07 14:34:55.921  2989  3039 W harman_gps: process_ndr_data(): Fractional seconds = 223459101 is >1 second, Time Invalid: UTC time 0; DR time = 223459101; Fix Type=0
12-07 14:34:55.974   138   340 I MFC     : Rx size 16 id= 0x301 len=8
12-07 14:34:55.974   138   340 I MFC     : hexdata=20 80 0 0 0 0 0 0
12-07 14:34:55.974   138   340 I MFC     : F301 processed
12-07 14:34:55.974   138   340 I MFC     : Receive
12-07 14:34:55.974   138   340 I MFC     : Rx size 16 id= 0x302 len=2
12-07 14:34:55.974   138   340 I MFC     : hexdata=80 80
12-07 14:34:55.974   138   340 I MFC     : F302 processed
12-07 14:34:55.974   138   340 I MFC     : Receive
12-07 14:34:56.017   139   153 I [PLSS]PMSvc: SoH |4|r|1|05|00|00|3|3|3|3|0|0|3|0|0|0|3|0|0|0|0|0|
12-07 14:34:56.021  2989  3039 W harman_gps: process_ndr_data(): Fractional seconds = 223459201 is >1 second, Time Invalid: UTC time 0; DR time = 223459201; Fix Type=0
12-07 14:34:56.121  2989  3039 W harman_gps: process_ndr_data(): Fractional seconds = 223459301 is >1 second, Time Invalid: UTC time 0; DR time = 223459301; Fix Type=0
12-07 14:34:56.221  2989  3039 W harman_gps: process_ndr_data(): Fractional seconds = 223459401 is >1 second, Time Invalid: UTC time 0; DR time = 223459401; Fix Type=0
12-07 14:34:56.224   138   340 I MFC     : Rx size 16 id= 0x301 len=8
12-07 14:34:56.224   138   340 I MFC     : hexdata=20 80 0 0 0 0 0 0
12-07 14:34:56.224   138   340 I MFC     : F301 processed
12-07 14:34:56.224   138   340 I MFC     : Receive
12-07 14:34:56.224   138   340 I MFC     : Rx size 16 id= 0x302 len=2
12-07 14:34:56.224   138   340 I MFC     : hexdata=80 80
12-07 14:34:56.224   138   340 I MFC     : F302 processed
12-07 14:34:56.224   138   340 I MFC     : Receive
12-07 14:34:56.234   139   156 E ProtoKey: Protokey request failed
12-07 14:34:56.321  2989  3039 W harman_gps: process_ndr_data(): Fractional seconds = 223459501 is >1 second, Time Invalid: UTC time 0; DR time = 223459501; Fix Type=0
12-07 14:34:56.422  2989  3039 W harman_gps: process_ndr_data(): Fractional seconds = 223459601 is >1 second, Time Invalid: UTC time 0; DR time = 223459601; Fix Type=0
12-07 14:34:56.474   138   340 I MFC     : Rx size 16 id= 0x301 len=8
12-07 14:34:56.474   138   340 I MFC     : hexdata=20 80 0 0 0 0 0 0
12-07 14:34:56.474   138   340 I MFC     : F301 processed
12-07 14:34:56.474   138   340 I MFC     : Receive
12-07 14:34:56.474   138   340 I MFC     : Rx size 16 id= 0x302 len=2
12-07 14:34:56.474   138   340 I MFC     : hexdata=80 80
12-07 14:34:56.474   138   340 I MFC     : F302 processed
12-07 14:34:56.474   138   340 I MFC     : Receive
12-07 14:34:56.522  2989  3039 W harman_gps: process_ndr_data(): Fractional seconds = 223459701 is >1 second, Time Invalid: UTC time 0; DR time = 223459701; Fix Type=0
12-07 14:34:56.621  2989  3039 W harman_gps: process_ndr_data(): Fractional seconds = 223459801 is >1 second, Time Invalid: UTC time 0; DR time = 223459801; Fix Type=0
12-07 14:34:56.721  2989  3039 W harman_gps: process_ndr_data(): Fractional seconds = 223459901 is >1 second, Time Invalid: UTC time 0; DR time = 223459901; Fix Type=0
12-07 14:34:56.724   138   340 I MFC     : Rx size 16 id= 0x301 len=8
12-07 14:34:56.724   138   340 I MFC     : hexdata=20 80 0 0 0 0 0 0
12-07 14:34:56.724   138   340 I MFC     : F301 processed
12-07 14:34:56.724   138   340 I MFC     : Receive
12-07 14:34:56.724   138   340 I MFC     : Rx size 16 id= 0x302 len=2
12-07 14:34:56.724   138   340 I MFC     : hexdata=80 80
12-07 14:34:56.724   138   340 I MFC     : F302 processed
12-07 14:34:56.724   138   340 I MFC     : Receive
12-07 14:34:56.739   139   156 E ProtoKey: Protokey request failed
12-07 14:34:56.821  2989  3039 W harman_gps: process_ndr_data(): Fractional seconds = 223460001 is >1 second, Time Invalid: UTC time 0; DR time = 223460001; Fix Type=0
12-07 14:34:56.910  1149  1149 I chatty  : uid=1000(system) com.gm.domain.server.primary expire 10 lines
12-07 14:34:56.922  2989  3039 W harman_gps: process_ndr_data(): Fractional seconds = 223460101 is >1 second, Time Invalid: UTC time 0; DR time = 223460101; Fix Type=0
12-07 14:34:56.923   406   483 I chatty  : uid=1000(system) android.io expire 15 lines
12-07 14:34:56.933  1985  1985 I GMAudioAppInitService: GMAudioApp is running (PID=1985,UID=10)
12-07 14:34:56.974   138   340 I MFC     : Rx size 16 id= 0x301 len=8
12-07 14:34:56.974   138   340 I MFC     : hexdata=20 80 0 0 0 0 0 0
12-07 14:34:56.974   138   340 I MFC     : F301 processed
12-07 14:34:56.974   138   340 I MFC     : Receive
12-07 14:34:56.974   138   340 I MFC     : Rx size 16 id= 0x302 len=2
12-07 14:34:56.974   138   340 I MFC     : hexdata=80 80
12-07 14:34:56.974   138   340 I MFC     : F302 processed
12-07 14:34:56.974   138   340 I MFC     : Receive
12-07 14:34:57.021  2989  3039 W harman_gps: process_ndr_data(): Fractional seconds = 223460201 is >1 second, Time Invalid: UTC time 0; DR time = 223460201; Fix Type=0
12-07 14:34:57.121  2989  3039 W harman_gps: process_ndr_data(): Fractional seconds = 223460301 is >1 second, Time Invalid: UTC time 0; DR time = 223460301; Fix Type=0
12-07 14:34:57.221  2989  3039 W harman_gps: process_ndr_data(): Fractional seconds = 223460401 is >1 second, Time Invalid: UTC time 0; DR time = 223460401; Fix Type=0
12-07 14:34:57.224   138   340 I MFC     : Rx size 16 id= 0x301 len=8
12-07 14:34:57.224   138   340 I MFC     : hexdata=20 80 0 0 0 0 0 0
12-07 14:34:57.224   138   340 I MFC     : F301 processed
12-07 14:34:57.224   138   340 I MFC     : Receive
12-07 14:34:57.224   138   340 I MFC     : Rx size 16 id= 0x302 len=2
12-07 14:34:57.224   138   340 I MFC     : hexdata=80 80
12-07 14:34:57.224   138   340 I MFC     : F302 processed
12-07 14:34:57.224   138   340 I MFC     : Receive
12-07 14:34:57.244   139   156 E ProtoKey: Protokey request failed
12-07 14:34:57.321  2989  3039 W harman_gps: process_ndr_data(): Fractional seconds = 223460501 is >1 second, Time Invalid: UTC time 0; DR time = 223460501; Fix Type=0
12-07 14:34:57.421  2989  3039 W harman_gps: process_ndr_data(): Fractional seconds = 223460601 is >1 second, Time Invalid: UTC time 0; DR time = 223460601; Fix Type=0
12-07 14:34:57.474   138   340 I MFC     : Rx size 16 id= 0x301 len=8
12-07 14:34:57.474   138   340 I MFC     : hexdata=20 80 0 0 0 0 0 0
12-07 14:34:57.474   138   340 I MFC     : F301 processed
12-07 14:34:57.474   138   340 I MFC     : Receive
12-07 14:34:57.474   138   340 I MFC     : Rx size 16 id= 0x302 len=2
12-07 14:34:57.474   138   340 I MFC     : hexdata=80 80
12-07 14:34:57.474   138   340 I MFC     : F302 processed
12-07 14:34:57.474   138   340 I MFC     : Receive
12-07 14:34:57.522  2989  3039 W harman_gps: process_ndr_data(): Fractional seconds = 223460701 is >1 second, Time Invalid: UTC time 0; DR time = 223460701; Fix Type=0
12-07 14:34:57.602  1729  1729 D wpa_supplicant: wlan0: Control interface command 'SIGNAL_POLL'
12-07 14:34:57.604  1729  1729 D wpa_supplicant: CTRL-DEBUG: global_ctrl_sock-sendto: sock=11 sndbuf=163840 outq=0 send_len=49
12-07 14:34:57.621  2989  3039 W harman_gps: process_ndr_data(): Fractional seconds = 223460801 is >1 second, Time Invalid: UTC time 0; DR time = 223460801; Fix Type=0
12-07 14:34:57.663  1584  1746 I SCP     : subsystem\WICOME\services\bssservice\src\core\bcm\hf\hf.c|93929a20f3d142c480617edf17788bdf|628
12-07 14:34:57.663  1584  1746 I SCP     : subsystem\WICOME\services\bssservice\src\core\bcm\hf\hf.c|93929a20f3d142c480617edf17788bdf|925
12-07 14:34:57.663  1584  1746 I SCP     : CTRL INFO BSSService MSG='received event ET_CONNECT_ERROR';
12-07 14:34:57.664  1584  1746 I SCP     : RESP PhoneCtrl:659 BSS_HFP_Connect error=BSS_HFP_ERROR_PAGE_TIMEOUT;
12-07 14:34:57.664  1584  1737 D qnxcomm : qnxcomm: accepted channel socket fd=67 from peer=/mp/connections/1584/66 (sequenceNr=270)
12-07 14:34:57.664  1584  1746 I SCP     : subsystem\WICOME\services\bssservice\src\bss_service\gap\gap.c|29c8725c6e14bb2ae21f374b57d9bf41|31207
12-07 14:34:57.665  1584  1746 I SCP     : EVNT SGBluetoothGap_BSS_GAP NAME=BSS_GAP_DEVICE_DISCONNECTED address='BC:A9:20:E3:40:F6' reason=BSS_DISCONNECT_REASON_OTHER;
12-07 14:34:57.665  1584  1743 D qnxcomm : qnxcomm: connected socket fd=66 to pid=1584, chid=37, timeout=10 seconds
12-07 14:34:57.667  1584  1737 D qnxcomm : qnxcomm: accepted channel socket fd=94 from peer=/mp/connections/1584/66 (sequenceNr=271)
12-07 14:34:57.667  1584  1746 I SCP     : EVNT SGBluetoothGap_BSS_GAP NAME=BSS_GAP_DEVICE_LIST_CHANGED name_list={ 'Wenhui\'s iPhone' } address_list={ 'BC:A9:20:E3:40:F6' } class_of_device_list={ 7995916 } security_list={ BSS_GAP_SECURITY_AUTH_SSP_TRUSTED } connection_list={ BSS_GAP_CONNECTION_NOT_IN_RANGE } reason=BSS_CONNECTION_STATE_CHANGED;
12-07 14:34:57.667  1584  1807 D qnxcomm : qnxcomm: close channel socket fd=67 for sequenceNr=270
12-07 14:34:57.667  1584  1743 D qnxcomm : qnxcomm: connected socket fd=66 to pid=1584, chid=37, timeout=10 seconds
12-07 14:34:57.669  1584  1746 I SCP     : EVNT MediaCtrl NAME=BSS_GAP_DEVICE_LIST_CHANGED name_list={ 'Wenhui\'s iPhone' } address_list={ 'BC:A9:20:E3:40:F6' } class_of_device_list={ 7995916 } security_list={ BSS_GAP_SECURITY_AUTH_SSP_TRUSTED } connection_list={ BSS_GAP_CONNECTION_NOT_IN_RANGE } reason=BSS_CONNECTION_STATE_CHANGED;
12-07 14:34:57.669  1584  1746 I SCP     : CALL PhoneCtrl:660 BSS_HFP_Close handle=1;
12-07 14:34:57.669  1584  1807 D qnxcomm : qnxcomm: close channel socket fd=94 for sequenceNr=271
12-07 14:34:57.669  1584  1746 I SCP     : RESP PhoneCtrl:660 BSS_HFP_Close error=BSS_HFP_ERROR_NONE;
12-07 14:34:57.669  1584  1746 I SCP     : CALL PhoneCtrl:661 DmlMgr_DeRegisterDmlService address='BC:A9:20:E3:40:F6' service='HFPGW';
12-07 14:34:57.669  1584  1746 I SCP     : RESP PhoneCtrl:661 DmlMgr_DeRegisterDmlService result=DML_MGR_OK;
12-07 14:34:57.669  1584  1746 I SCP     : CALL PhoneCtrl:662 BSS_GAP_ServiceConnected error=BSS_GAP_ERROR_PAGE_TIMEOUT handle=1;
12-07 14:34:57.670  1584  1746 I SCP     : RESP SGBluetoothGap_BSS_GAP:71 BSS_GAP_ServiceConnect address='BC:A9:20:E3:40:F6' service='HFPGW' error=BSS_GAP_ERROR_PAGE_TIMEOUT;
12-07 14:34:57.670  1584  1737 D qnxcomm : qnxcomm: accepted channel socket fd=67 from peer=/mp/connections/1584/66 (sequenceNr=272)
12-07 14:34:57.670  1584  1743 D qnxcomm : qnxcomm: connected socket fd=66 to pid=1584, chid=37, timeout=10 seconds
12-07 14:34:57.671  2138  2409 D qnxcomm : qnxcomm: connected socket fd=88 to pid=2138, chid=51, timeout=10 seconds
12-07 14:34:57.671  2138  2397 D qnxcomm : qnxcomm: accepted channel socket fd=88 from peer=/mp/connections/2138/88 (sequenceNr=78)
12-07 14:34:57.674  2138  2425 D qnxcomm : qnxcomm: close channel socket fd=88 for sequenceNr=78
12-07 14:34:57.683  1729  1729 D wpa_supplicant: wlan0: Control interface command 'DRIVER BTCOEXSCAN-STOP'
12-07 14:34:57.683  1729  1729 D wpa_supplicant: wpa_driver_nl80211_driver_cmd  len = 0, 0
12-07 14:34:57.683  1729  1729 D wpa_supplicant: CTRL-DEBUG: global_ctrl_sock-sendto: sock=11 sndbuf=163840 outq=0 send_len=3
12-07 14:34:57.688  1584  1746 I SCP     : RESP PhoneCtrl:662 BSS_GAP_ServiceConnected error=BSS_GAP_ERROR_NONE;
12-07 14:34:57.688  1584  1746 I SCP     : CALL SGBluetoothGap_BSS_GAP:72 BSS_GAP_ServiceConnect device='MediaCtrl' instance='BlueMediaOne' address='BC:A9:20:E3:40:F6' service='A2DP_SOURCE';
12-07 14:34:57.690  1584  1807 D qnxcomm : qnxcomm: close channel socket fd=67 for sequenceNr=272
12-07 14:34:57.690  1584  1746 I SCP     : EVNT MediaCtrl NAME=BSS_GAP_SERVICE_CONNECT instance='BlueMediaOne' address='BC:A9:20:E3:40:F6' service='A2DP_SOURCE' handle=1;
12-07 14:34:57.690  1584  1746 I SCP     : CALL MediaCtrl:550 BlueMediaOne_ServiceConnect address='BC:A9:20:E3:40:F6' service='A2DP_SOURCE' handle=1;
12-07 14:34:57.692  1584  1746 I SCP     : CALL BlueMediaOne:49 BSS_A2DP_Accept remoteAddr='BC:A9:20:E3:40:F6' localStreamRole=SINK;
12-07 14:34:57.692  1584  1746 I SCP     : RESP BlueMediaOne:49 BSS_A2DP_Accept handle=0 codecType=0 codecFeatures='' contentProtection=0 delayReporting=UNSUPPORTED output=CODED result=BSS_A2DP_ERROR reason='BSS_A2DP_REASON_NO_INCOMING_CONNECTION';
12-07 14:34:57.693  1584  1746 I SCP     : CALL BlueMediaOne:50 BSS_A2DP_Connect remoteAddr='BC:A9:20:E3:40:F6' localStreamRole=SINK;
12-07 14:34:57.697  1729  1729 D wpa_supplicant: wlan0: Control interface command 'DRIVER BTCOEXSCAN-START'
12-07 14:34:57.698  1729  1729 D wpa_supplicant: wpa_driver_nl80211_driver_cmd  len = 0, 0
12-07 14:34:57.698  1729  1729 D wpa_supplicant: CTRL-DEBUG: global_ctrl_sock-sendto: sock=11 sndbuf=163840 outq=0 send_len=3
12-07 14:34:57.717  1170  1205 I chatty  : uid=1000(system) Binder_1 expire 1 line
12-07 14:34:57.723  2989  3039 W harman_gps: process_ndr_data(): Fractional seconds = 223460901 is >1 second, Time Invalid: UTC time 0; DR time = 223460901; Fix Type=0
12-07 14:34:57.724   138   340 I MFC     : Rx size 16 id= 0x301 len=8
12-07 14:34:57.724   138   340 I MFC     : hexdata=20 80 0 0 0 0 0 0
12-07 14:34:57.724   138   340 I MFC     : F301 processed
12-07 14:34:57.724   138   340 I MFC     : Receive
12-07 14:34:57.724   138   340 I MFC     : Rx size 16 id= 0x302 len=2
12-07 14:34:57.724   138   340 I MFC     : hexdata=80 80
12-07 14:34:57.724   138   340 I MFC     : F302 processed
12-07 14:34:57.724   138   340 I MFC     : Receive
12-07 14:34:57.741  2880  2880 E ConnHMI-DevicesUtils: Devices.isConnected status: false
12-07 14:34:57.747  2880  2880 I ConnHMI-BluetoothPhoneReceiver: onReceive(BluetoothHFDevice.ACTION_CONNECTION_STATE_CHANGED): state=0, name=Wenhui's iPhone====userAction===false
12-07 14:34:57.750   139   156 E ProtoKey: Protokey request failed
12-07 14:34:57.751  1170  1207 I chatty  : uid=1000(system) Binder_2 expire 1 line
12-07 14:34:57.757  2880  2880 E ConnHMI-DevicesUtils: Devices.isConnected status: false
12-07 14:34:57.810   406   423 I chatty  : uid=1000(system) HeapTaskDaemon expire 1 line
12-07 14:34:57.821  2989  3039 W harman_gps: process_ndr_data(): Fractional seconds = 223461001 is >1 second, Time Invalid: UTC time 0; DR time = 223461001; Fix Type=0
12-07 14:34:57.841  2549  2549 I Dialer-PhoneUiUtils-U10: BluetoothHFDevice (Wenhui's iPhone with mac: BC:A9:20:E3:40:F6) CONNECTION_STATE_CHANGED from 1 to 0
12-07 14:34:57.888  1241  1539 I PhoneInfoWrapper: device 0, proj:false, bt:false
12-07 14:34:57.888  1241  1539 I PhoneInfoWrapper: outgoingphone:false, found outgoing phone:false
12-07 14:34:57.921  2989  3039 W harman_gps: process_ndr_data(): Fractional seconds = 223461101 is >1 second, Time Invalid: UTC time 0; DR time = 223461101; Fix Type=0
12-07 14:34:57.921  2061  2732 I PhoneInfoWrapper: device 0, proj:false, bt:false
12-07 14:34:57.921  2061  2732 I PhoneInfoWrapper: outgoingphone:true, found outgoing phone:false
12-07 14:34:57.974   138   340 I MFC     : Rx size 16 id= 0x301 len=8
12-07 14:34:57.974   138   340 I MFC     : hexdata=20 80 0 0 0 0 0 0
12-07 14:34:57.974   138   340 I MFC     : F301 processed
12-07 14:34:57.974   138   340 I MFC     : Receive
12-07 14:34:57.975   138   340 I MFC     : Rx size 16 id= 0x302 len=2
12-07 14:34:57.975   138   340 I MFC     : hexdata=80 80
12-07 14:34:57.975   138   340 I MFC     : F302 processed
12-07 14:34:57.975   138   340 I MFC     : Receive
12-07 14:34:58.022  2989  3039 W harman_gps: process_ndr_data(): Fractional seconds = 223461201 is >1 second, Time Invalid: UTC time 0; DR time = 223461201; Fix Type=0
12-07 14:34:58.121  2989  3039 W harman_gps: process_ndr_data(): Fractional seconds = 223461301 is >1 second, Time Invalid: UTC time 0; DR time = 223461301; Fix Type=0
12-07 14:34:58.144  2061  2732 I PhoneInfoWrapper: device 0, proj:false, bt:false
12-07 14:34:58.144  2061  2732 I PhoneInfoWrapper: outgoingphone:true, found outgoing phone:false
12-07 14:34:58.221  2989  3039 W harman_gps: process_ndr_data(): Fractional seconds = 223461401 is >1 second, Time Invalid: UTC time 0; DR time = 223461401; Fix Type=0
12-07 14:34:58.225   138   340 I MFC     : Rx size 16 id= 0x301 len=8
12-07 14:34:58.225   138   340 I MFC     : hexdata=20 80 0 0 0 0 0 0
12-07 14:34:58.225   138   340 I MFC     : F301 processed
12-07 14:34:58.225   138   340 I MFC     : Receive
12-07 14:34:58.225   138   340 I MFC     : Rx size 16 id= 0x302 len=2
12-07 14:34:58.225   138   340 I MFC     : hexdata=80 80
12-07 14:34:58.225   138   340 I MFC     : F302 processed
12-07 14:34:58.225   138   340 I MFC     : Receive
12-07 14:34:58.254   139   156 E ProtoKey: Protokey request failed
12-07 14:34:58.321  2989  3039 W harman_gps: process_ndr_data(): Fractional seconds = 223461501 is >1 second, Time Invalid: UTC time 0; DR time = 223461501; Fix Type=0
12-07 14:34:58.421  2989  3039 W harman_gps: process_ndr_data(): Fractional seconds = 223461601 is >1 second, Time Invalid: UTC time 0; DR time = 223461601; Fix Type=0
12-07 14:34:58.475   138   340 I MFC     : Rx size 16 id= 0x301 len=8
12-07 14:34:58.475   138   340 I MFC     : hexdata=20 80 0 0 0 0 0 0
12-07 14:34:58.475   138   340 I MFC     : F301 processed
12-07 14:34:58.475   138   340 I MFC     : Receive
12-07 14:34:58.475   138   340 I MFC     : Rx size 16 id= 0x302 len=2
12-07 14:34:58.475   138   340 I MFC     : hexdata=80 80
12-07 14:34:58.475   138   340 I MFC     : F302 processed
12-07 14:34:58.475   138   340 I MFC     : Receive
12-07 14:34:58.498  1241  1508 E VMS-LocationSrvGA: Signal ID: 558-- VehicleDataUnavailable:gm.vehicle.VehicleDataUnavailable: Vehicle Data Still Not Available From Bus
12-07 14:34:58.498  1241  1508 I GMStatusBar: updateLocationStatus(): Vehicle Data Still Not Available From Bus 
12-07 14:34:58.505  1149  1520 I chatty  : uid=1000(system) TcpInternetMana expire 13 lines
12-07 14:34:58.506  1149  1520 E TcpInternetManager: getOnstarSubscription: getData failure. 
12-07 14:34:58.522  2989  3039 W harman_gps: process_ndr_data(): Fractional seconds = 223461701 is >1 second, Time Invalid: UTC time 0; DR time = 223461701; Fix Type=0
12-07 14:34:58.566  2190  3826 I chatty  : uid=1000(system) EventCollectSer expire 2 lines
12-07 14:34:58.621  2989  3039 W harman_gps: process_ndr_data(): Fractional seconds = 223461801 is >1 second, Time Invalid: UTC time 0; DR time = 223461801; Fix Type=0
12-07 14:34:58.721  2989  3039 W harman_gps: process_ndr_data(): Fractional seconds = 223461901 is >1 second, Time Invalid: UTC time 0; DR time = 223461901; Fix Type=0
12-07 14:34:58.725   138   340 I MFC     : Rx size 16 id= 0x301 len=8
12-07 14:34:58.725   138   340 I MFC     : hexdata=20 80 0 0 0 0 0 0
12-07 14:34:58.725   138   340 I MFC     : F301 processed
12-07 14:34:58.725   138   340 I MFC     : Receive
12-07 14:34:58.725   138   340 I MFC     : Rx size 16 id= 0x302 len=2
12-07 14:34:58.725   138   340 I MFC     : hexdata=80 80
12-07 14:34:58.725   138   340 I MFC     : F302 processed
12-07 14:34:58.725   138   340 I MFC     : Receive
12-07 14:34:58.759   139   156 E ProtoKey: Protokey request failed
12-07 14:34:58.795  8346  8359 I chatty  : uid=1010020(com.telenav.app.denali.na) Binder_1 expire 24 lines
12-07 14:34:58.821  2989  3039 W harman_gps: process_ndr_data(): Fractional seconds = 223462001 is >1 second, Time Invalid: UTC time 0; DR time = 223462001; Fix Type=0
12-07 14:34:58.921  2989  3039 W harman_gps: process_ndr_data(): Fractional seconds = 223462101 is >1 second, Time Invalid: UTC time 0; DR time = 223462101; Fix Type=0
12-07 14:34:58.975   138   340 I MFC     : Rx size 16 id= 0x301 len=8
12-07 14:34:58.975   138   340 I MFC     : hexdata=20 80 0 0 0 0 0 0
12-07 14:34:58.975   138   340 I MFC     : F301 processed
12-07 14:34:58.975   138   340 I MFC     : Receive
12-07 14:34:58.975   138   340 I MFC     : Rx size 16 id= 0x302 len=2
12-07 14:34:58.975   138   340 I MFC     : hexdata=80 80
12-07 14:34:58.975   138   340 I MFC     : F302 processed
12-07 14:34:58.975   138   340 I MFC     : Receive
12-07 14:34:59.021  2989  3039 W harman_gps: process_ndr_data(): Fractional seconds = 223462201 is >1 second, Time Invalid: UTC time 0; DR time = 223462201; Fix Type=0
12-07 14:34:59.121  2989  3039 W harman_gps: process_ndr_data(): Fractional seconds = 223462301 is >1 second, Time Invalid: UTC time 0; DR time = 223462301; Fix Type=0
12-07 14:34:59.221  2989  3039 W harman_gps: process_ndr_data(): Fractional seconds = 223462401 is >1 second, Time Invalid: UTC time 0; DR time = 223462401; Fix Type=0
12-07 14:34:59.225   138   340 I MFC     : Rx size 16 id= 0x301 len=8
12-07 14:34:59.225   138   340 I MFC     : hexdata=20 80 0 0 0 0 0 0
12-07 14:34:59.225   138   340 I MFC     : F301 processed
12-07 14:34:59.225   138   340 I MFC     : Receive
12-07 14:34:59.225   138   340 I MFC     : Rx size 16 id= 0x302 len=2
12-07 14:34:59.225   138   340 I MFC     : hexdata=80 80
12-07 14:34:59.225   138   340 I MFC     : F302 processed
12-07 14:34:59.225   138   340 I MFC     : Receive
12-07 14:34:59.264   139   156 E ProtoKey: Protokey request failed
12-07 14:34:59.323  2989  3039 W harman_gps: process_ndr_data(): Fractional seconds = 223462501 is >1 second, Time Invalid: UTC time 0; DR time = 223462501; Fix Type=0
12-07 14:34:59.400  1149  1568 I chatty  : uid=1000(system) pool-11-thread- expire 1 line
12-07 14:34:59.421  1149  1149 I chatty  : uid=1000(system) com.gm.domain.server.primary expire 4 lines
12-07 14:34:59.421  2989  3039 W harman_gps: process_ndr_data(): Fractional seconds = 223462601 is >1 second, Time Invalid: UTC time 0; DR time = 223462601; Fix Type=0
12-07 14:34:59.475   138   340 I MFC     : Rx size 16 id= 0x301 len=8
12-07 14:34:59.475   138   340 I MFC     : hexdata=20 80 0 0 0 0 0 0
12-07 14:34:59.475   138   340 I MFC     : F301 processed
12-07 14:34:59.475   138   340 I MFC     : Receive
12-07 14:34:59.475   138   340 I MFC     : Rx size 16 id= 0x302 len=2
12-07 14:34:59.475   138   340 I MFC     : hexdata=80 80
12-07 14:34:59.475   138   340 I MFC     : F302 processed
12-07 14:34:59.475   138   340 I MFC     : Receive
12-07 14:34:59.522  2989  3039 W harman_gps: process_ndr_data(): Fractional seconds = 223462702 is >1 second, Time Invalid: UTC time 0; DR time = 223462702; Fix Type=0
12-07 14:34:59.621  2989  3039 W harman_gps: process_ndr_data(): Fractional seconds = 223462801 is >1 second, Time Invalid: UTC time 0; DR time = 223462801; Fix Type=0
12-07 14:34:59.721  2989  3039 W harman_gps: process_ndr_data(): Fractional seconds = 223462901 is >1 second, Time Invalid: UTC time 0; DR time = 223462901; Fix Type=0
12-07 14:34:59.725   138   340 I MFC     : Rx size 16 id= 0x301 len=8
12-07 14:34:59.725   138   340 I MFC     : hexdata=20 80 0 0 0 0 0 0
12-07 14:34:59.725   138   340 I MFC     : F301 processed
12-07 14:34:59.725   138   340 I MFC     : Receive
12-07 14:34:59.725   138   340 I MFC     : Rx size 16 id= 0x302 len=2
12-07 14:34:59.725   138   340 I MFC     : hexdata=80 80
12-07 14:34:59.725   138   340 I MFC     : F302 processed
12-07 14:34:59.725   138   340 I MFC     : Receive
12-07 14:34:59.770   139   156 E ProtoKey: Protokey request failed
12-07 14:34:59.821  2989  3039 W harman_gps: process_ndr_data(): Fractional seconds = 223463001 is >1 second, Time Invalid: UTC time 0; DR time = 223463001; Fix Type=0
12-07 14:34:59.921  2989  3039 W harman_gps: process_ndr_data(): Fractional seconds = 223463101 is >1 second, Time Invalid: UTC time 0; DR time = 223463101; Fix Type=0
12-07 14:34:59.975   138   340 I MFC     : Rx size 16 id= 0x301 len=8
12-07 14:34:59.975   138   340 I MFC     : hexdata=20 80 0 0 0 0 0 0
12-07 14:34:59.975   138   340 I MFC     : F301 processed
12-07 14:34:59.975   138   340 I MFC     : Receive
12-07 14:34:59.975   138   340 I MFC     : Rx size 16 id= 0x302 len=2
12-07 14:34:59.975   138   340 I MFC     : hexdata=80 80
12-07 14:34:59.975   138   340 I MFC     : F302 processed
12-07 14:34:59.975   138   340 I MFC     : Receive
12-07 14:35:00.022  2989  3039 W harman_gps: process_ndr_data(): Fractional seconds = 223463201 is >1 second, Time Invalid: UTC time 0; DR time = 223463201; Fix Type=0
12-07 14:35:00.121  2989  3039 W harman_gps: process_ndr_data(): Fractional seconds = 223463301 is >1 second, Time Invalid: UTC time 0; DR time = 223463301; Fix Type=0
12-07 14:35:00.154  8346  8360 I chatty  : uid=1010020(com.telenav.app.denali.na) Binder_2 expire 34 lines
12-07 14:35:00.186  8346  8666 I chatty  : uid=1010020(com.telenav.app.denali.na) pool-11-thread- expire 12 lines
12-07 14:35:00.221  2989  3039 W harman_gps: process_ndr_data(): Fractional seconds = 223463401 is >1 second, Time Invalid: UTC time 0; DR time = 223463401; Fix Type=0
12-07 14:35:00.226   138   340 I MFC     : Rx size 16 id= 0x301 len=8
12-07 14:35:00.226   138   340 I MFC     : hexdata=20 80 0 0 0 0 0 0
12-07 14:35:00.226   138   340 I MFC     : F301 processed
12-07 14:35:00.226   138   340 I MFC     : Receive
12-07 14:35:00.226   138   340 I MFC     : Rx size 16 id= 0x302 len=2
12-07 14:35:00.226   138   340 I MFC     : hexdata=80 80
12-07 14:35:00.226   138   340 I MFC     : F302 processed
12-07 14:35:00.226   138   340 I MFC     : Receive
12-07 14:35:00.235  8346  8617 I chatty  : uid=1010020(com.telenav.app.denali.na) GLThread 456 expire 812 lines
12-07 14:35:00.274   139   156 E ProtoKey: Protokey request failed
12-07 14:35:00.321  2989  3039 W harman_gps: process_ndr_data(): Fractional seconds = 223463501 is >1 second, Time Invalid: UTC time 0; DR time = 223463501; Fix Type=0
12-07 14:35:00.396  1149  1569 I chatty  : uid=1000(system) Thread-86 expire 1 line
12-07 14:35:00.402  1149  1568 I chatty  : uid=1000(system) pool-11-thread- expire 1 line
12-07 14:35:00.403  8346  8583 I chatty  : uid=1010020(com.telenav.app.denali.na) Thread-447 expire 43 lines
12-07 14:35:00.406  8346  8620 I chatty  : uid=1010020(com.telenav.app.denali.na) pool-23-thread- expire 42 lines
12-07 14:35:00.421  2989  3039 W harman_gps: process_ndr_data(): Fractional seconds = 223463601 is >1 second, Time Invalid: UTC time 0; DR time = 223463601; Fix Type=0
12-07 14:35:00.428  1149  1149 I chatty  : uid=1000(system) com.gm.domain.server.primary expire 2 lines
12-07 14:35:00.476   138   340 I MFC     : Rx size 16 id= 0x301 len=8
12-07 14:35:00.476   138   340 I MFC     : hexdata=20 80 0 0 0 0 0 0
12-07 14:35:00.476   138   340 I MFC     : F301 processed
12-07 14:35:00.476   138   340 I MFC     : Receive
12-07 14:35:00.476   138   340 I MFC     : Rx size 16 id= 0x302 len=2
12-07 14:35:00.476   138   340 I MFC     : hexdata=80 80
12-07 14:35:00.476   138   340 I MFC     : F302 processed
12-07 14:35:00.476   138   340 I MFC     : Receive
12-07 14:35:00.522  2989  3039 W harman_gps: process_ndr_data(): Fractional seconds = 223463701 is >1 second, Time Invalid: UTC time 0; DR time = 223463701; Fix Type=0
12-07 14:35:00.621  2989  3039 W harman_gps: process_ndr_data(): Fractional seconds = 223463801 is >1 second, Time Invalid: UTC time 0; DR time = 223463801; Fix Type=0
12-07 14:35:00.635  2198  2447 I chatty  : uid=1000(system) Thread-133 expire 1 line
12-07 14:35:00.721  2989  3039 W harman_gps: process_ndr_data(): Fractional seconds = 223463901 is >1 second, Time Invalid: UTC time 0; DR time = 223463901; Fix Type=0
12-07 14:35:00.726   138   340 I MFC     : Rx size 16 id= 0x301 len=8
12-07 14:35:00.726   138   340 I MFC     : hexdata=20 80 0 0 0 0 0 0
12-07 14:35:00.726   138   340 I MFC     : F301 processed
12-07 14:35:00.726   138   340 I MFC     : Receive
12-07 14:35:00.726   138   340 I MFC     : Rx size 16 id= 0x302 len=2
12-07 14:35:00.726   138   340 I MFC     : hexdata=80 80
12-07 14:35:00.726   138   340 I MFC     : F302 processed
12-07 14:35:00.726   138   340 I MFC     : Receive
12-07 14:35:00.779   139   156 E ProtoKey: Protokey request failed
12-07 14:35:00.821  2989  3039 W harman_gps: process_ndr_data(): Fractional seconds = 223464001 is >1 second, Time Invalid: UTC time 0; DR time = 223464001; Fix Type=0
12-07 14:35:00.830   406   483 I chatty  : uid=1000(system) android.io expire 15 lines
12-07 14:35:00.921  2989  3039 W harman_gps: process_ndr_data(): Fractional seconds = 223464101 is >1 second, Time Invalid: UTC time 0; DR time = 223464101; Fix Type=0
12-07 14:35:00.933  1149  1149 I chatty  : uid=1000(system) com.gm.domain.server.primary expire 2 lines
12-07 14:35:00.976   138   340 I MFC     : Rx size 16 id= 0x301 len=8
12-07 14:35:00.976   138   340 I MFC     : hexdata=20 80 0 0 0 0 0 0
12-07 14:35:00.976   138   340 I MFC     : F301 processed
12-07 14:35:00.976   138   340 I MFC     : Receive
12-07 14:35:00.976   138   340 I MFC     : Rx size 16 id= 0x302 len=2
12-07 14:35:00.976   138   340 I MFC     : hexdata=80 80
12-07 14:35:00.976   138   340 I MFC     : F302 processed
12-07 14:35:00.976   138   340 I MFC     : Receive
12-07 14:35:01.017   139   153 I [PLSS]PMSvc: SoH |4|r|1|05|00|00|3|3|3|3|0|0|3|0|0|0|3|0|0|0|0|0|
12-07 14:35:01.022  2989  3039 W harman_gps: process_ndr_data(): Fractional seconds = 223464201 is >1 second, Time Invalid: UTC time 0; DR time = 223464201; Fix Type=0
12-07 14:35:01.121  2989  3039 W harman_gps: process_ndr_data(): Fractional seconds = 223464301 is >1 second, Time Invalid: UTC time 0; DR time = 223464301; Fix Type=0
12-07 14:35:01.186  1149  2574 I chatty  : uid=1000(system) Thread-152 expire 3 lines
12-07 14:35:01.221  2989  3039 W harman_gps: process_ndr_data(): Fractional seconds = 223464401 is >1 second, Time Invalid: UTC time 0; DR time = 223464401; Fix Type=0
12-07 14:35:01.226   138   340 I MFC     : Rx size 16 id= 0x301 len=8
12-07 14:35:01.226   138   340 I MFC     : hexdata=20 80 0 0 0 0 0 0
12-07 14:35:01.226   138   340 I MFC     : F301 processed
12-07 14:35:01.226   138   340 I MFC     : Receive
12-07 14:35:01.226   138   340 I MFC     : Rx size 16 id= 0x302 len=2
12-07 14:35:01.226   138   340 I MFC     : hexdata=80 80
12-07 14:35:01.226   138   340 I MFC     : F302 processed
12-07 14:35:01.226   138   340 I MFC     : Receive
12-07 14:35:01.284   139   156 E ProtoKey: Protokey request failed
12-07 14:35:01.321  2989  3039 W harman_gps: process_ndr_data(): Fractional seconds = 223464501 is >1 second, Time Invalid: UTC time 0; DR time = 223464501; Fix Type=0
12-07 14:35:01.404  1149  1568 I chatty  : uid=1000(system) pool-11-thread- expire 1 line
