12-07 14:35:09.230   138   340 I MFC     : hexdata=80 80
12-07 14:35:09.230   138   340 I MFC     : F302 processed
12-07 14:35:09.230   138   340 I MFC     : Receive
12-07 14:35:09.322  2989  3039 W harman_gps: process_ndr_data(): Fractional seconds = 223512500 is >1 second, Time Invalid: UTC time 0; DR time = 223512500; Fix Type=0
12-07 14:35:09.370   139   156 E ProtoKey: Protokey request failed
12-07 14:35:09.372  8346  8617 I chatty  : uid=1010020(com.telenav.app.denali.na) GLThread 456 expire 7 lines
12-07 14:35:09.416  8346  8583 I chatty  : uid=1010020(com.telenav.app.denali.na) Thread-447 expire 1 line
12-07 14:35:09.418  8346  8620 I chatty  : uid=1010020(com.telenav.app.denali.na) pool-23-thread- expire 1 line
12-07 14:35:09.421  1149  1568 I chatty  : uid=1000(system) pool-11-thread- expire 1 line
12-07 14:35:09.422  2989  3039 W harman_gps: process_ndr_data(): Fractional seconds = 223512600 is >1 second, Time Invalid: UTC time 0; DR time = 223512600; Fix Type=0
12-07 14:35:09.465  1149  1470 I chatty  : uid=1000(system) gm_svcipc_SvcIp expire 2 lines
12-07 14:35:09.469  1149  1453 I chatty  : uid=1000(system) er.EventHandler expire 2 lines
12-07 14:35:09.472  8346  8617 I chatty  : uid=1010020(com.telenav.app.denali.na) GLThread 456 expire 18 lines
12-07 14:35:09.476  1149  1149 I chatty  : uid=1000(system) com.gm.domain.server.primary expire 2 lines
12-07 14:35:09.480   138   340 I MFC     : Rx size 16 id= 0x301 len=8
12-07 14:35:09.480   138   340 I MFC     : hexdata=20 80 0 0 0 0 0 0
12-07 14:35:09.480   138   340 I MFC     : F301 processed
12-07 14:35:09.480   138   340 I MFC     : Receive
12-07 14:35:09.480   138   340 I MFC     : Rx size 16 id= 0x302 len=2
12-07 14:35:09.480   138   340 I MFC     : hexdata=80 80
12-07 14:35:09.480   138   340 I MFC     : F302 processed
12-07 14:35:09.480   138   340 I MFC     : Receive
12-07 14:35:09.491  1149  1915 I chatty  : uid=1000(system) UISSHolder expire 1 line
12-07 14:35:09.491  1149  1596 I chatty  : uid=1000(system) init thread expire 1 line
12-07 14:35:09.522  2989  3039 W harman_gps: process_ndr_data(): Fractional seconds = 223512701 is >1 second, Time Invalid: UTC time 0; DR time = 223512701; Fix Type=0
12-07 14:35:09.525  1149  1923 I chatty  : uid=1000(system) init thread expire 4 lines
12-07 14:35:09.622  2989  3039 W harman_gps: process_ndr_data(): Fractional seconds = 223512800 is >1 second, Time Invalid: UTC time 0; DR time = 223512800; Fix Type=0
12-07 14:35:09.663  8346  8583 I chatty  : uid=1010020(com.telenav.app.denali.na) Thread-447 expire 2 lines
12-07 14:35:09.665  8346  8608 I chatty  : uid=1010020(com.telenav.app.denali.na) pool-22-thread- expire 8 lines
12-07 14:35:09.666  8346  8620 I chatty  : uid=1010020(com.telenav.app.denali.na) pool-23-thread- expire 1 line
12-07 14:35:09.675  8346  8617 I chatty  : uid=1010020(com.telenav.app.denali.na) GLThread 456 expire 90 lines
12-07 14:35:09.722  2989  3039 W harman_gps: process_ndr_data(): Fractional seconds = 223512900 is >1 second, Time Invalid: UTC time 0; DR time = 223512900; Fix Type=0
12-07 14:35:09.730   138   340 I MFC     : Rx size 16 id= 0x301 len=8
12-07 14:35:09.730   138   340 I MFC     : hexdata=20 80 0 0 0 0 0 0
12-07 14:35:09.730   138   340 I MFC     : F301 processed
12-07 14:35:09.730   138   340 I MFC     : Receive
12-07 14:35:09.730   138   340 I MFC     : Rx size 16 id= 0x302 len=2
12-07 14:35:09.730   138   340 I MFC     : hexdata=80 80
12-07 14:35:09.730   138   340 I MFC     : F302 processed
12-07 14:35:09.730   138   340 I MFC     : Receive
12-07 14:35:09.822  2989  3039 W harman_gps: process_ndr_data(): Fractional seconds = 223513000 is >1 second, Time Invalid: UTC time 0; DR time = 223513000; Fix Type=0
12-07 14:35:09.875   139   156 E ProtoKey: Protokey request failed
12-07 14:35:09.906  1149  1569 I chatty  : uid=1000(system) Thread-86 expire 1 line
12-07 14:35:09.918  8346  8583 I chatty  : uid=1010020(com.telenav.app.denali.na) Thread-447 expire 3 lines
12-07 14:35:09.920  8346  8620 I chatty  : uid=1010020(com.telenav.app.denali.na) pool-23-thread- expire 3 lines
12-07 14:35:09.923  2989  3039 W harman_gps: process_ndr_data(): Fractional seconds = 223513101 is >1 second, Time Invalid: UTC time 0; DR time = 223513101; Fix Type=0
12-07 14:35:09.979  1149  1149 I chatty  : uid=1000(system) com.gm.domain.server.primary expire 2 lines
12-07 14:35:09.980   138   340 I MFC     : Rx size 16 id= 0x301 len=8
12-07 14:35:09.980   138   340 I MFC     : hexdata=20 80 0 0 0 0 0 0
12-07 14:35:09.980   138   340 I MFC     : F301 processed
12-07 14:35:09.980   138   340 I MFC     : Receive
12-07 14:35:09.980   138   340 I MFC     : Rx size 16 id= 0x302 len=2
12-07 14:35:09.980   138   340 I MFC     : hexdata=80 80
12-07 14:35:09.980   138   340 I MFC     : F302 processed
12-07 14:35:09.980   138   340 I MFC     : Receive
12-07 14:35:10.022  2989  3039 W harman_gps: process_ndr_data(): Fractional seconds = 223513201 is >1 second, Time Invalid: UTC time 0; DR time = 223513201; Fix Type=0
12-07 14:35:10.122  2989  3039 W harman_gps: process_ndr_data(): Fractional seconds = 223513300 is >1 second, Time Invalid: UTC time 0; DR time = 223513300; Fix Type=0
12-07 14:35:10.145  2198  2447 I chatty  : uid=1000(system) Thread-133 expire 1 line
12-07 14:35:10.154  8346  8361 I chatty  : uid=1010020(com.telenav.app.denali.na) Binder_3 expire 14 lines
12-07 14:35:10.164  8346  8611 I chatty  : uid=1010020(com.telenav.app.denali.na) pool-12-thread- expire 4 lines
12-07 14:35:10.185  1149  2574 I chatty  : uid=1000(system) Thread-152 expire 3 lines
12-07 14:35:10.199  8346  8666 I chatty  : uid=1010020(com.telenav.app.denali.na) pool-11-thread- expire 1 line
12-07 14:35:10.199  8346  8671 I chatty  : uid=1010020(com.telenav.app.denali.na) pool-1-thread-4 expire 7 lines
12-07 14:35:10.222  2989  3039 W harman_gps: process_ndr_data(): Fractional seconds = 223513400 is >1 second, Time Invalid: UTC time 0; DR time = 223513400; Fix Type=0
12-07 14:35:10.230   138   340 I MFC     : Rx size 16 id= 0x301 len=8
12-07 14:35:10.230   138   340 I MFC     : hexdata=20 80 0 0 0 0 0 0
12-07 14:35:10.230   138   340 I MFC     : F301 processed
12-07 14:35:10.230   138   340 I MFC     : Receive
12-07 14:35:10.230   138   340 I MFC     : Rx size 16 id= 0x302 len=2
12-07 14:35:10.230   138   340 I MFC     : hexdata=80 80
12-07 14:35:10.230   138   340 I MFC     : F302 processed
12-07 14:35:10.230   138   340 I MFC     : Receive
12-07 14:35:10.230  8346  8346 I chatty  : uid=1010020(com.telenav.app.denali.na) expire 1 line
12-07 14:35:10.322  2989  3039 W harman_gps: process_ndr_data(): Fractional seconds = 223513500 is >1 second, Time Invalid: UTC time 0; DR time = 223513500; Fix Type=0
12-07 14:35:10.380   139   156 E ProtoKey: Protokey request failed
12-07 14:35:10.423  2989  3039 W harman_gps: process_ndr_data(): Fractional seconds = 223513600 is >1 second, Time Invalid: UTC time 0; DR time = 223513600; Fix Type=0
12-07 14:35:10.424  1149  1568 I chatty  : uid=1000(system) pool-11-thread- expire 1 line
12-07 14:35:10.480   138   340 I MFC     : Rx size 16 id= 0x301 len=8
12-07 14:35:10.480   138   340 I MFC     : hexdata=20 80 0 0 0 0 0 0
12-07 14:35:10.480   138   340 I MFC     : F301 processed
12-07 14:35:10.480   138   340 I MFC     : Receive
12-07 14:35:10.480   138   340 I MFC     : Rx size 16 id= 0x302 len=2
12-07 14:35:10.480   138   340 I MFC     : hexdata=80 80
12-07 14:35:10.480   138   340 I MFC     : F302 processed
12-07 14:35:10.480   138   340 I MFC     : Receive
12-07 14:35:10.482  1149  1149 I chatty  : uid=1000(system) com.gm.domain.server.primary expire 2 lines
12-07 14:35:10.522  2989  3039 W harman_gps: process_ndr_data(): Fractional seconds = 223513701 is >1 second, Time Invalid: UTC time 0; DR time = 223513701; Fix Type=0
12-07 14:35:10.526  1149  1321 I chatty  : uid=1000(system) Thread-34 expire 1 line
12-07 14:35:10.526  3775  3828 I chatty  : uid=1000(system) Thread-318 expire 1 line
12-07 14:35:10.526  1149  1323 I chatty  : uid=1000(system) Thread-36 expire 1 line
12-07 14:35:10.622  2989  3039 W harman_gps: process_ndr_data(): Fractional seconds = 223513800 is >1 second, Time Invalid: UTC time 0; DR time = 223513800; Fix Type=0
12-07 14:35:10.626  1149  1321 I chatty  : uid=1000(system) Thread-34 expire 2 lines
12-07 14:35:10.626  3775  3828 I chatty  : uid=1000(system) Thread-318 expire 2 lines
12-07 14:35:10.626  1149  1323 I chatty  : uid=1000(system) Thread-36 expire 2 lines
12-07 14:35:10.666  8346  8671 I chatty  : uid=1010020(com.telenav.app.denali.na) pool-1-thread-4 expire 2 lines
12-07 14:35:10.667  8346  8666 I chatty  : uid=1010020(com.telenav.app.denali.na) pool-11-thread- expire 3 lines
12-07 14:35:10.669  8346  8583 I chatty  : uid=1010020(com.telenav.app.denali.na) Thread-447 expire 1 line
12-07 14:35:10.671  8346  8683 I chatty  : uid=1010020(com.telenav.app.denali.na) pool-1-thread-5 expire 5 lines
12-07 14:35:10.674  8346  8620 I chatty  : uid=1010020(com.telenav.app.denali.na) pool-23-thread- expire 1 line
12-07 14:35:10.697  8346  8617 I chatty  : uid=1010020(com.telenav.app.denali.na) GLThread 456 expire 132 lines
12-07 14:35:10.722  2989  3039 W harman_gps: process_ndr_data(): Fractional seconds = 223513900 is >1 second, Time Invalid: UTC time 0; DR time = 223513900; Fix Type=0
12-07 14:35:10.730   138   340 I MFC     : Rx size 16 id= 0x301 len=8
12-07 14:35:10.730   138   340 I MFC     : hexdata=20 80 0 0 0 0 0 0
12-07 14:35:10.730   138   340 I MFC     : F301 processed
12-07 14:35:10.730   138   340 I MFC     : Receive
12-07 14:35:10.730   138   340 I MFC     : Rx size 16 id= 0x302 len=2
12-07 14:35:10.730   138   340 I MFC     : hexdata=80 80
12-07 14:35:10.730   138   340 I MFC     : F302 processed
12-07 14:35:10.730   138   340 I MFC     : Receive
12-07 14:35:10.822  2989  3039 W harman_gps: process_ndr_data(): Fractional seconds = 223514000 is >1 second, Time Invalid: UTC time 0; DR time = 223514000; Fix Type=0
12-07 14:35:10.835   406   483 I chatty  : uid=1000(system) android.io expire 15 lines
12-07 14:35:10.870  8346  8683 I chatty  : uid=1010020(com.telenav.app.denali.na) pool-1-thread-5 expire 4 lines
12-07 14:35:10.885   139   156 E ProtoKey: Protokey request failed
12-07 14:35:10.918  8346  8583 I chatty  : uid=1010020(com.telenav.app.denali.na) Thread-447 expire 8 lines
12-07 14:35:10.921  8346  8608 I chatty  : uid=1010020(com.telenav.app.denali.na) pool-22-thread- expire 9 lines
12-07 14:35:10.922  2989  3039 W harman_gps: process_ndr_data(): Fractional seconds = 223514100 is >1 second, Time Invalid: UTC time 0; DR time = 223514100; Fix Type=0
12-07 14:35:10.925  8346  8620 I chatty  : uid=1010020(com.telenav.app.denali.na) pool-23-thread- expire 5 lines
12-07 14:35:10.980   138   340 I MFC     : Rx size 16 id= 0x301 len=8
12-07 14:35:10.980   138   340 I MFC     : hexdata=20 80 0 0 0 0 0 0
12-07 14:35:10.980   138   340 I MFC     : F301 processed
12-07 14:35:10.980   138   340 I MFC     : Receive
12-07 14:35:10.980   138   340 I MFC     : Rx size 16 id= 0x302 len=2
12-07 14:35:10.980   138   340 I MFC     : hexdata=80 80
12-07 14:35:10.980   138   340 I MFC     : F302 processed
12-07 14:35:10.981   138   340 I MFC     : Receive
12-07 14:35:10.984  1149  1149 I chatty  : uid=1000(system) com.gm.domain.server.primary expire 3 lines
12-07 14:35:11.017   139   153 I [PLSS]PMSvc: SoH |4|r|1|05|00|00|3|3|3|3|0|0|3|0|0|0|3|0|0|0|0|0|
12-07 14:35:11.022  2989  3039 W harman_gps: process_ndr_data(): Fractional seconds = 223514201 is >1 second, Time Invalid: UTC time 0; DR time = 223514201; Fix Type=0
12-07 14:35:11.122  2989  3039 W harman_gps: process_ndr_data(): Fractional seconds = 223514300 is >1 second, Time Invalid: UTC time 0; DR time = 223514300; Fix Type=0
12-07 14:35:11.178  8346  8666 I chatty  : uid=1010020(com.telenav.app.denali.na) pool-11-thread- expire 2 lines
12-07 14:35:11.222  2989  3039 W harman_gps: process_ndr_data(): Fractional seconds = 223514400 is >1 second, Time Invalid: UTC time 0; DR time = 223514400; Fix Type=0
12-07 14:35:11.230   138   340 I MFC     : Rx size 16 id= 0x301 len=8
12-07 14:35:11.230   138   340 I MFC     : hexdata=20 80 0 0 0 0 0 0
12-07 14:35:11.231   138   340 I MFC     : F301 processed
12-07 14:35:11.231   138   340 I MFC     : Receive
12-07 14:35:11.231   138   340 I MFC     : Rx size 16 id= 0x302 len=2
12-07 14:35:11.231   138   340 I MFC     : hexdata=80 80
12-07 14:35:11.231   138   340 I MFC     : F302 processed
12-07 14:35:11.231   138   340 I MFC     : Receive
12-07 14:35:11.322  2989  3039 W harman_gps: process_ndr_data(): Fractional seconds = 223514501 is >1 second, Time Invalid: UTC time 0; DR time = 223514501; Fix Type=0
12-07 14:35:11.390   139   156 E ProtoKey: Protokey request failed
12-07 14:35:11.422  2989  3039 W harman_gps: process_ndr_data(): Fractional seconds = 223514600 is >1 second, Time Invalid: UTC time 0; DR time = 223514600; Fix Type=0
12-07 14:35:11.426  1149  1568 I chatty  : uid=1000(system) pool-11-thread- expire 1 line
12-07 14:35:11.481   138   340 I MFC     : Rx size 16 id= 0x301 len=8
12-07 14:35:11.481   138   340 I MFC     : hexdata=20 80 0 0 0 0 0 0
12-07 14:35:11.481   138   340 I MFC     : F301 processed
12-07 14:35:11.481   138   340 I MFC     : Receive
12-07 14:35:11.481   138   340 I MFC     : Rx size 16 id= 0x302 len=2
12-07 14:35:11.481   138   340 I MFC     : hexdata=80 80
12-07 14:35:11.481   138   340 I MFC     : F302 processed
12-07 14:35:11.481   138   340 I MFC     : Receive
12-07 14:35:11.488  1149  1149 I chatty  : uid=1000(system) com.gm.domain.server.primary expire 1 line
12-07 14:35:11.522  2989  3039 W harman_gps: process_ndr_data(): Fractional seconds = 223514701 is >1 second, Time Invalid: UTC time 0; DR time = 223514701; Fix Type=0
12-07 14:35:11.622  2989  3039 W harman_gps: process_ndr_data(): Fractional seconds = 223514800 is >1 second, Time Invalid: UTC time 0; DR time = 223514800; Fix Type=0
12-07 14:35:11.722  2989  3039 W harman_gps: process_ndr_data(): Fractional seconds = 223514901 is >1 second, Time Invalid: UTC time 0; DR time = 223514901; Fix Type=0
12-07 14:35:11.731   138   340 I MFC     : Rx size 16 id= 0x301 len=8
12-07 14:35:11.731   138   340 I MFC     : hexdata=20 80 0 0 0 0 0 0
12-07 14:35:11.731   138   340 I MFC     : F301 processed
12-07 14:35:11.731   138   340 I MFC     : Receive
12-07 14:35:11.731   138   340 I MFC     : Rx size 16 id= 0x302 len=2
12-07 14:35:11.731   138   340 I MFC     : hexdata=80 80
12-07 14:35:11.731   138   340 I MFC     : F302 processed
12-07 14:35:11.731   138   340 I MFC     : Receive
12-07 14:35:11.808  1149  1569 I chatty  : uid=1000(system) Thread-86 expire 1 line
12-07 14:35:11.822  2989  3039 W harman_gps: process_ndr_data(): Fractional seconds = 223515000 is >1 second, Time Invalid: UTC time 0; DR time = 223515000; Fix Type=0
12-07 14:35:11.884  1149  1608 I chatty  : uid=1000(system) Timer-0 expire 1 line
12-07 14:35:11.895   139   156 E ProtoKey: Protokey request failed
12-07 14:35:11.922  2989  3039 W harman_gps: process_ndr_data(): Fractional seconds = 223515101 is >1 second, Time Invalid: UTC time 0; DR time = 223515101; Fix Type=0
12-07 14:35:11.941  1985  1985 I GMAudioAppInitService: GMAudioApp is running (PID=1985,UID=10)
12-07 14:35:11.981   138   340 I MFC     : Rx size 16 id= 0x301 len=8
12-07 14:35:11.981   138   340 I MFC     : hexdata=20 80 0 0 0 0 0 0
12-07 14:35:11.981   138   340 I MFC     : F301 processed
12-07 14:35:11.981   138   340 I MFC     : Receive
12-07 14:35:11.981   138   340 I MFC     : Rx size 16 id= 0x302 len=2
12-07 14:35:11.981   138   340 I MFC     : hexdata=80 80
12-07 14:35:11.981   138   340 I MFC     : F302 processed
12-07 14:35:11.981   138   340 I MFC     : Receive
12-07 14:35:11.990  1149  1149 I chatty  : uid=1000(system) com.gm.domain.server.primary expire 3 lines
12-07 14:35:12.022  2989  3039 W harman_gps: process_ndr_data(): Fractional seconds = 223515201 is >1 second, Time Invalid: UTC time 0; DR time = 223515201; Fix Type=0
12-07 14:35:12.047  2198  2447 I chatty  : uid=1000(system) Thread-133 expire 1 line
12-07 14:35:12.122  2989  3039 W harman_gps: process_ndr_data(): Fractional seconds = 223515300 is >1 second, Time Invalid: UTC time 0; DR time = 223515300; Fix Type=0
12-07 14:35:12.168  8346  8618 I chatty  : uid=1010020(com.telenav.app.denali.na) Thread-445 expire 1 line
12-07 14:35:12.171  8346  8608 I chatty  : uid=1010020(com.telenav.app.denali.na) pool-22-thread- expire 7 lines
12-07 14:35:12.173  8346  8620 I chatty  : uid=1010020(com.telenav.app.denali.na) pool-23-thread- expire 2 lines
12-07 14:35:12.179  8346  8617 I chatty  : uid=1010020(com.telenav.app.denali.na) GLThread 456 expire 141 lines
12-07 14:35:12.222  2989  3039 W harman_gps: process_ndr_data(): Fractional seconds = 223515400 is >1 second, Time Invalid: UTC time 0; DR time = 223515400; Fix Type=0
12-07 14:35:12.231   138   340 I MFC     : Rx size 16 id= 0x301 len=8
12-07 14:35:12.231   138   340 I MFC     : hexdata=20 80 0 0 0 0 0 0
12-07 14:35:12.231   138   340 I MFC     : F301 processed
12-07 14:35:12.231   138   340 I MFC     : Receive
12-07 14:35:12.231   138   340 I MFC     : Rx size 16 id= 0x302 len=2
12-07 14:35:12.231   138   340 I MFC     : hexdata=80 80
12-07 14:35:12.231   138   340 I MFC     : F302 processed
12-07 14:35:12.231   138   340 I MFC     : Receive
12-07 14:35:12.235   239   585 I Media_MMService:: In MVRCopfileGenerationRequestMonitor : The time zone is GMT-8:00:00. 
12-07 14:35:12.250   239   585 I Media_MMService:: MediaVRCopfileGenerator::getTrigger:CinemoPlaylistOpen Succedded
12-07 14:35:12.250   239   585 I Media_MMService:: MediaVRCopfileGenerator::getTrigger:Metapool found using ICinemoPlaylist
12-07 14:35:12.251   239   585 I Media_MMService:: MediaVRCopfileGenerator::getTrigger:Metapool found using ICinemoPlaylist
12-07 14:35:12.251   239   585 I Media_MMService:: MediaVRCopfileGenerator::getTrigger:Metapool found using ICinemoPlaylist
12-07 14:35:12.269   239   585 I Media_MMService:: MediaVRCopfileGenerator::getTrigger:CinemoPlaylistOpen Succedded
12-07 14:35:12.322  2989  3039 W harman_gps: process_ndr_data(): Fractional seconds = 223515501 is >1 second, Time Invalid: UTC time 0; DR time = 223515501; Fix Type=0
12-07 14:35:12.400   139   156 E ProtoKey: Protokey request failed
12-07 14:35:12.414  8346  8583 I chatty  : uid=1010020(com.telenav.app.denali.na) Thread-447 expire 1 line
12-07 14:35:12.422  2989  3039 W harman_gps: process_ndr_data(): Fractional seconds = 223515600 is >1 second, Time Invalid: UTC time 0; DR time = 223515600; Fix Type=0
12-07 14:35:12.427  1149  1568 I chatty  : uid=1000(system) pool-11-thread- expire 1 line
12-07 14:35:12.481   138   340 I MFC     : Rx size 16 id= 0x301 len=8
12-07 14:35:12.481   138   340 I MFC     : hexdata=20 80 0 0 0 0 0 0
12-07 14:35:12.481   138   340 I MFC     : F301 processed
12-07 14:35:12.481   138   340 I MFC     : Receive
12-07 14:35:12.481   138   340 I MFC     : Rx size 16 id= 0x302 len=2
12-07 14:35:12.481   138   340 I MFC     : hexdata=80 80
12-07 14:35:12.481   138   340 I MFC     : F302 processed
12-07 14:35:12.481   138   340 I MFC     : Receive
12-07 14:35:12.492  1149  1149 I chatty  : uid=1000(system) com.gm.domain.server.primary expire 3 lines
12-07 14:35:12.523  2989  3039 W harman_gps: process_ndr_data(): Fractional seconds = 223515702 is >1 second, Time Invalid: UTC time 0; DR time = 223515702; Fix Type=0
12-07 14:35:12.622  2989  3039 W harman_gps: process_ndr_data(): Fractional seconds = 223515800 is >1 second, Time Invalid: UTC time 0; DR time = 223515800; Fix Type=0
12-07 14:35:12.665  8346  8583 I chatty  : uid=1010020(com.telenav.app.denali.na) Thread-447 expire 6 lines
12-07 14:35:12.667  8346  8620 I chatty  : uid=1010020(com.telenav.app.denali.na) pool-23-thread- expire 8 lines
12-07 14:35:12.722  2989  3039 W harman_gps: process_ndr_data(): Fractional seconds = 223515901 is >1 second, Time Invalid: UTC time 0; DR time = 223515901; Fix Type=0
12-07 14:35:12.731   138   340 I MFC     : Rx size 16 id= 0x301 len=8
12-07 14:35:12.731   138   340 I MFC     : hexdata=20 80 0 0 0 0 0 0
12-07 14:35:12.731   138   340 I MFC     : F301 processed
12-07 14:35:12.731   138   340 I MFC     : Receive
12-07 14:35:12.731   138   340 I MFC     : Rx size 16 id= 0x302 len=2
12-07 14:35:12.731   138   340 I MFC     : hexdata=80 80
12-07 14:35:12.731   138   340 I MFC     : F302 processed
12-07 14:35:12.731   138   340 I MFC     : Receive
12-07 14:35:12.822  2989  3039 W harman_gps: process_ndr_data(): Fractional seconds = 223516001 is >1 second, Time Invalid: UTC time 0; DR time = 223516001; Fix Type=0
12-07 14:35:12.905   139   156 E ProtoKey: Protokey request failed
12-07 14:35:12.922  2989  3039 W harman_gps: process_ndr_data(): Fractional seconds = 223516101 is >1 second, Time Invalid: UTC time 0; DR time = 223516101; Fix Type=0
12-07 14:35:12.981   138   340 I MFC     : Rx size 16 id= 0x301 len=8
12-07 14:35:12.981   138   340 I MFC     : hexdata=20 80 0 0 0 0 0 0
12-07 14:35:12.981   138   340 I MFC     : F301 processed
12-07 14:35:12.981   138   340 I MFC     : Receive
12-07 14:35:12.981   138   340 I MFC     : Rx size 16 id= 0x302 len=2
12-07 14:35:12.981   138   340 I MFC     : hexdata=80 80
12-07 14:35:12.981   138   340 I MFC     : F302 processed
12-07 14:35:12.981   138   340 I MFC     : Receive
12-07 14:35:13.023  2989  3039 W harman_gps: process_ndr_data(): Fractional seconds = 223516201 is >1 second, Time Invalid: UTC time 0; DR time = 223516201; Fix Type=0
12-07 14:35:13.089  1584  1746 I SCP     : RESP BlueMediaOne:54 BSS_A2DP_Connect handle=0 streamIdList={  } codecTypeList={  } codecFeaturesList={  } contentProtectionList={  } delayReportingList={  } result=BSS_A2DP_ERROR reason='BSS_A2DP_REASON_PAGE_TIMEOUT';
12-07 14:35:13.089  1584  1746 I SCP     : EVNT SGBluetoothGap_BSS_GAP NAME=BSS_GAP_DEVICE_DISCONNECTED address='BC:A9:20:E3:40:F6' reason=BSS_DISCONNECT_REASON_OTHER;
12-07 14:35:13.090  1584  1737 D qnxcomm : qnxcomm: accepted channel socket fd=67 from peer=/mp/connections/1584/66 (sequenceNr=285)
12-07 14:35:13.090  1584  1746 I SCP     : subsystem\WICOME\services\bssservice\src\bss_service\gap\gap.c|29c8725c6e14bb2ae21f374b57d9bf41|31207
12-07 14:35:13.090  1584  1743 D qnxcomm : qnxcomm: connected socket fd=66 to pid=1584, chid=37, timeout=10 seconds
12-07 14:35:13.091  1584  1737 D qnxcomm : qnxcomm: accepted channel socket fd=94 from peer=/mp/connections/1584/66 (sequenceNr=286)
12-07 14:35:13.091  1584  1746 I SCP     : EVNT SGBluetoothGap_BSS_GAP NAME=BSS_GAP_DEVICE_LIST_CHANGED name_list={ 'Wenhui\'s iPhone' } address_list={ 'BC:A9:20:E3:40:F6' } class_of_device_list={ 7995916 } security_list={ BSS_GAP_SECURITY_AUTH_SSP_TRUSTED } connection_list={ BSS_GAP_CONNECTION_NOT_IN_RANGE } reason=BSS_CONNECTION_STATE_CHANGED;
12-07 14:35:13.092  1584  1807 D qnxcomm : qnxcomm: close channel socket fd=67 for sequenceNr=285
12-07 14:35:13.092  1584  1743 D qnxcomm : qnxcomm: connected socket fd=66 to pid=1584, chid=37, timeout=10 seconds
12-07 14:35:13.092  1584  1746 I SCP     : EVNT MediaCtrl NAME=BSS_GAP_DEVICE_LIST_CHANGED name_list={ 'Wenhui\'s iPhone' } address_list={ 'BC:A9:20:E3:40:F6' } class_of_device_list={ 7995916 } security_list={ BSS_GAP_SECURITY_AUTH_SSP_TRUSTED } connection_list={ BSS_GAP_CONNECTION_NOT_IN_RANGE } reason=BSS_CONNECTION_STATE_CHANGED;
12-07 14:35:13.093  1584  1746 I SCP     : RESP MediaCtrl:554 BlueMediaOne_ServiceConnect result=MEDIA_RESULT_PAGE_TIMEOUT;
12-07 14:35:13.093  1584  1746 I SCP     : EVNT SGMedia_BlueMediaOne NAME=MEDIAPLAYER_EV_CONNECTIONSTATE connection_state=CONNECTION_STATE_DISCONNECTED device_name='' codecType=0 output=CODED rc_handle=-1;
12-07 14:35:13.093  1584  1737 D qnxcomm : qnxcomm: accepted channel socket fd=67 from peer=/mp/connections/1584/66 (sequenceNr=287)
12-07 14:35:13.093  1584  1807 D qnxcomm : qnxcomm: close channel socket fd=94 for sequenceNr=286
12-07 14:35:13.093  1584  1743 D qnxcomm : qnxcomm: connected socket fd=66 to pid=1584, chid=37, timeout=10 seconds
12-07 14:35:13.093  1584  1746 I SCP     : EVNT BTMediaFSService_BlueMediaOne NAME=MEDIAPLAYER_EV_CONNECTIONSTATE connection_state=CONNECTION_STATE_DISCONNECTED device_name='' codecType=0 output=CODED rc_handle=-1;
12-07 14:35:13.093  1584  1746 I SCP     : EVNT SGMedia_BlueMediaOne NAME=MEDIA_EV_ROLE_CHANGED role=MEDIA_ROLE_UNKNOWN;
12-07 14:35:13.094  1584  1737 D qnxcomm : qnxcomm: accepted channel socket fd=94 from peer=/mp/connections/1584/66 (sequenceNr=288)
12-07 14:35:13.094  1584  1807 D qnxcomm : qnxcomm: close channel socket fd=67 for sequenceNr=287
12-07 14:35:13.094  1584  1743 D qnxcomm : qnxcomm: connected socket fd=66 to pid=1584, chid=37, timeout=10 seconds
12-07 14:35:13.094  1584  1746 I SCP     : EVNT BTMediaFSService_BlueMediaOne NAME=MEDIA_EV_ROLE_CHANGED role=MEDIA_ROLE_UNKNOWN;
12-07 14:35:13.094  1584  1746 I SCP     : EVNT SGMedia_BlueMediaOne NAME=MEDIA_EV_POSITION_CHANGED track_position=0 track_length=0;
12-07 14:35:13.094  1584  1737 D qnxcomm : qnxcomm: accepted channel socket fd=67 from peer=/mp/connections/1584/66 (sequenceNr=289)
12-07 14:35:13.094  1584  1807 D qnxcomm : qnxcomm: close channel socket fd=94 for sequenceNr=288
12-07 14:35:13.094  1584  1743 D qnxcomm : qnxcomm: connected socket fd=66 to pid=1584, chid=37, timeout=10 seconds
12-07 14:35:13.095  1584  1807 D qnxcomm : qnxcomm: close channel socket fd=67 for sequenceNr=289
12-07 14:35:13.095  1584  1746 I SCP     : EVNT BTMediaFSService_BlueMediaOne NAME=MEDIA_EV_POSITION_CHANGED track_position=0 track_length=0;
12-07 14:35:13.095  1584  1746 I SCP     : CTRL ERRO MediaService MSG='MCtrl_MediaServiceConnect_Call(), system call <media>_ServiceConnect failed.';
12-07 14:35:13.095  1584  1746 I SCP     : CTRL ERRO MediaService MSG='MCtrl_GcfMsgMgr_Event_ServiceConnectCB(), MCtrl_MediaServiceConnect_Call() failed, ';
12-07 14:35:13.095  1584  1746 I SCP     : CALL MediaCtrl:555 BSS_GAP_ServiceConnected error=BSS_GAP_ERROR_PAGE_TIMEOUT handle=1;
12-07 14:35:13.095  1584  1746 I SCP     : RESP SGBluetoothGap_BSS_GAP:74 BSS_GAP_ServiceConnect address='BC:A9:20:E3:40:F6' service='A2DP_SOURCE' error=BSS_GAP_ERROR_PAGE_TIMEOUT;
12-07 14:35:13.096  1584  1737 D qnxcomm : qnxcomm: accepted channel socket fd=67 from peer=/mp/connections/1584/66 (sequenceNr=290)
12-07 14:35:13.096  1584  1743 D qnxcomm : qnxcomm: connected socket fd=66 to pid=1584, chid=37, timeout=10 seconds
12-07 14:35:13.096  2138  2409 D qnxcomm : qnxcomm: connected socket fd=88 to pid=2138, chid=51, timeout=10 seconds
12-07 14:35:13.097  1584  1807 D qnxcomm : qnxcomm: close channel socket fd=67 for sequenceNr=290
12-07 14:35:13.097  1584  1746 I SCP     : RESP MediaCtrl:555 BSS_GAP_ServiceConnected error=BSS_GAP_ERROR_NONE;
12-07 14:35:13.097  2138  2397 D qnxcomm : qnxcomm: accepted channel socket fd=88 from peer=/mp/connections/2138/88 (sequenceNr=81)
12-07 14:35:13.100  2138  2425 D qnxcomm : qnxcomm: close channel socket fd=88 for sequenceNr=81
12-07 14:35:13.103  1584  1746 I SCP     : CALL SGBluetoothGap_BSS_GAP:75 BSS_GAP_ServiceConnect device='PhoneCtrl' instance='Bluephone' address='BC:A9:20:E3:40:F6' service='HFPGW';
12-07 14:35:13.103  1584  1746 I SCP     : EVNT PhoneCtrl NAME=BSS_GAP_SERVICE_CONNECT instance='Bluephone' address='BC:A9:20:E3:40:F6' service='HFPGW' handle=1;
12-07 14:35:13.104  1584  1746 I SCP     : CTRL INFO PhoneService MSG='Phone controller service component, revision=6, date=2012-06-15';
12-07 14:35:13.104  1584  1746 I SCP     : CALL PhoneCtrl:663 DmlMgr_RegisterDmlService address='BC:A9:20:E3:40:F6' service='HFPGW' syscall='Bluephone_IdentifyModel';
12-07 14:35:13.105   406  1216 I chatty  : uid=1000(system) WifiStateMachin expire 4 lines
12-07 14:35:13.106  1729  1729 D wpa_supplicant: wlan0: Control interface command 'DRIVER BTCOEXSCAN-STOP'
12-07 14:35:13.106  1729  1729 D wpa_supplicant: wpa_driver_nl80211_driver_cmd  len = 0, 0
12-07 14:35:13.106  1729  1729 D wpa_supplicant: CTRL-DEBUG: global_ctrl_sock-sendto: sock=11 sndbuf=163840 outq=0 send_len=3
12-07 14:35:13.106  1584  1746 I SCP     : CALL DmlMgr:527 PhoneCtrl_RegisterEvents event_list={ 'PHONECTRL_HFP_CONNECTED' };
12-07 14:35:13.106  1584  1746 I SCP     : RESP DmlMgr:527 PhoneCtrl_RegisterEvents result=PHONE_CTRL_OK;
12-07 14:35:13.106  1584  1746 I SCP     : RESP PhoneCtrl:663 DmlMgr_RegisterDmlService result=DML_MGR_OK;
12-07 14:35:13.107  1584  1746 I SCP     : CALL PhoneCtrl:664 BSS_HFP_Open ;
12-07 14:35:13.107  1584  1746 I SCP     : RESP PhoneCtrl:664 BSS_HFP_Open handle=1 error=BSS_HFP_ERROR_NONE;
12-07 14:35:13.108  1584  1746 I SCP     : CALL PhoneCtrl:665 BSS_HFP_Connect address='BC:A9:20:E3:40:F6' handle=1 sco_channel=0;
12-07 14:35:13.113  1729  1729 D wpa_supplicant: wlan0: Control interface command 'DRIVER BTCOEXSCAN-START'
12-07 14:35:13.113  1729  1729 D wpa_supplicant: wpa_driver_nl80211_driver_cmd  len = 0, 0
12-07 14:35:13.113  1729  1729 D wpa_supplicant: CTRL-DEBUG: global_ctrl_sock-sendto: sock=11 sndbuf=163840 outq=0 send_len=3
12-07 14:35:13.122  2989  3039 W harman_gps: process_ndr_data(): Fractional seconds = 223516301 is >1 second, Time Invalid: UTC time 0; DR time = 223516301; Fix Type=0
12-07 14:35:13.146  1170  2643 I chatty  : uid=1000(system) Binder_4 expire 1 line
12-07 14:35:13.166  5098  5098 I chatty  : uid=1000(system) com.gm.gmhomescreen expire 2 lines
12-07 14:35:13.169  2880  2880 E ConnHMI-DevicesUtils: Devices.isConnected status: false
12-07 14:35:13.184  1170  2624 I chatty  : uid=1000(system) Binder_3 expire 1 line
12-07 14:35:13.185  1149  2574 I chatty  : uid=1000(system) Thread-152 expire 3 lines
12-07 14:35:13.194  2880  2880 E ConnHMI-DevicesUtils: Devices.isConnected status: false
12-07 14:35:13.222  2989  3039 W harman_gps: process_ndr_data(): Fractional seconds = 223516401 is >1 second, Time Invalid: UTC time 0; DR time = 223516401; Fix Type=0
12-07 14:35:13.231   138   340 I MFC     : Rx size 16 id= 0x301 len=8
12-07 14:35:13.231   138   340 I MFC     : hexdata=20 80 0 0 0 0 0 0
12-07 14:35:13.231   138   340 I MFC     : F301 processed
12-07 14:35:13.231   138   340 I MFC     : Receive
12-07 14:35:13.231   138   340 I MFC     : Rx size 16 id= 0x302 len=2
12-07 14:35:13.231   138   340 I MFC     : hexdata=80 80
12-07 14:35:13.231   138   340 I MFC     : F302 processed
12-07 14:35:13.231   138   340 I MFC     : Receive
12-07 14:35:13.322  2989  3039 W harman_gps: process_ndr_data(): Fractional seconds = 223516501 is >1 second, Time Invalid: UTC time 0; DR time = 223516501; Fix Type=0
12-07 14:35:13.350  1241  1539 I PhoneInfoWrapper: device 0, proj:false, bt:false
12-07 14:35:13.350  1241  1539 I PhoneInfoWrapper: outgoingphone:false, found outgoing phone:false
12-07 14:35:13.351  2061  2732 I PhoneInfoWrapper: device 0, proj:false, bt:false
12-07 14:35:13.352  2061  2732 I PhoneInfoWrapper: outgoingphone:true, found outgoing phone:false
12-07 14:35:13.410   139   156 E ProtoKey: Protokey request failed
12-07 14:35:13.422  2989  3039 W harman_gps: process_ndr_data(): Fractional seconds = 223516601 is >1 second, Time Invalid: UTC time 0; DR time = 223516601; Fix Type=0
12-07 14:35:13.427  8346  8608 I chatty  : uid=1010020(com.telenav.app.denali.na) pool-22-thread- expire 8 lines
12-07 14:35:13.429  1149  1568 I chatty  : uid=1000(system) pool-11-thread- expire 1 line
12-07 14:35:13.481   138   340 I MFC     : Rx size 16 id= 0x301 len=8
12-07 14:35:13.481   138   340 I MFC     : hexdata=20 80 0 0 0 0 0 0
12-07 14:35:13.482   138   340 I MFC     : F301 processed
12-07 14:35:13.482   138   340 I MFC     : Receive
12-07 14:35:13.482   138   340 I MFC     : Rx size 16 id= 0x302 len=2
12-07 14:35:13.482   138   340 I MFC     : hexdata=80 80
12-07 14:35:13.482   138   340 I MFC     : F302 processed
12-07 14:35:13.482   138   340 I MFC     : Receive
12-07 14:35:13.496  1149  1149 I chatty  : uid=1000(system) com.gm.domain.server.primary expire 2 lines
12-07 14:35:13.523  2989  3039 W harman_gps: process_ndr_data(): Fractional seconds = 223516701 is >1 second, Time Invalid: UTC time 0; DR time = 223516701; Fix Type=0
12-07 14:35:13.526  1149  1321 I chatty  : uid=1000(system) Thread-34 expire 2 lines
12-07 14:35:13.526  1149  1323 I chatty  : uid=1000(system) Thread-36 expire 1 line
12-07 14:35:13.528  3775  3828 I chatty  : uid=1000(system) Thread-318 expire 3 lines
12-07 14:35:13.580  1241  1508 E VMS-LocationSrvGA: Signal ID: 558-- VehicleDataUnavailable:gm.vehicle.VehicleDataUnavailable: Vehicle Data Still Not Available From Bus
12-07 14:35:13.580  1241  1508 I GMStatusBar: updateLocationStatus(): Vehicle Data Still Not Available From Bus 
12-07 14:35:13.622  2989  3039 W harman_gps: process_ndr_data(): Fractional seconds = 223516801 is >1 second, Time Invalid: UTC time 0; DR time = 223516801; Fix Type=0
12-07 14:35:13.626  1149  1321 I chatty  : uid=1000(system) Thread-34 expire 1 line
12-07 14:35:13.627  1149  1323 I chatty  : uid=1000(system) Thread-36 expire 2 lines
12-07 14:35:13.710  1149  1569 I chatty  : uid=1000(system) Thread-86 expire 1 line
12-07 14:35:13.722  2989  3039 W harman_gps: process_ndr_data(): Fractional seconds = 223516901 is >1 second, Time Invalid: UTC time 0; DR time = 223516901; Fix Type=0
12-07 14:35:13.732   138   340 I MFC     : Rx size 16 id= 0x301 len=8
12-07 14:35:13.732   138   340 I MFC     : hexdata=20 80 0 0 0 0 0 0
12-07 14:35:13.732   138   340 I MFC     : F301 processed
12-07 14:35:13.732   138   340 I MFC     : Receive
12-07 14:35:13.732   138   340 I MFC     : Rx size 16 id= 0x302 len=2
12-07 14:35:13.732   138   340 I MFC     : hexdata=80 80
12-07 14:35:13.732   138   340 I MFC     : F302 processed
12-07 14:35:13.732   138   340 I MFC     : Receive
12-07 14:35:13.793  8346  8361 I chatty  : uid=1010020(com.telenav.app.denali.na) Binder_3 expire 10 lines
12-07 14:35:13.810  8346  8611 I chatty  : uid=1010020(com.telenav.app.denali.na) pool-12-thread- expire 2 lines
12-07 14:35:13.822  2989  3039 W harman_gps: process_ndr_data(): Fractional seconds = 223517001 is >1 second, Time Invalid: UTC time 0; DR time = 223517001; Fix Type=0
12-07 14:35:13.827  8346  8617 I chatty  : uid=1010020(com.telenav.app.denali.na) GLThread 456 expire 33 lines
12-07 14:35:13.915   139   156 E ProtoKey: Protokey request failed
12-07 14:35:13.917  8346  8583 I chatty  : uid=1010020(com.telenav.app.denali.na) Thread-447 expire 1 line
12-07 14:35:13.920  8346  8620 I chatty  : uid=1010020(com.telenav.app.denali.na) pool-23-thread- expire 1 line
12-07 14:35:13.922  2989  3039 W harman_gps: process_ndr_data(): Fractional seconds = 223517101 is >1 second, Time Invalid: UTC time 0; DR time = 223517101; Fix Type=0
12-07 14:35:13.949  2198  2447 I chatty  : uid=1000(system) Thread-133 expire 1 line
12-07 14:35:13.982   138   340 I MFC     : Rx size 16 id= 0x301 len=8
12-07 14:35:13.982   138   340 I MFC     : hexdata=20 80 0 0 0 0 0 0
12-07 14:35:13.982   138   340 I MFC     : F301 processed
12-07 14:35:13.982   138   340 I MFC     : Receive
12-07 14:35:13.982   138   340 I MFC     : Rx size 16 id= 0x302 len=2
12-07 14:35:13.982   138   340 I MFC     : hexdata=80 80
12-07 14:35:13.982   138   340 I MFC     : F302 processed
12-07 14:35:13.982   138   340 I MFC     : Receive
12-07 14:35:13.999  1149  1149 I chatty  : uid=1000(system) com.gm.domain.server.primary expire 3 lines
12-07 14:35:14.022  2989  3039 W harman_gps: process_ndr_data(): Fractional seconds = 223517201 is >1 second, Time Invalid: UTC time 0; DR time = 223517201; Fix Type=0
12-07 14:35:14.122  2989  3039 W harman_gps: process_ndr_data(): Fractional seconds = 223517301 is >1 second, Time Invalid: UTC time 0; DR time = 223517301; Fix Type=0
12-07 14:35:14.174  8346  8583 I chatty  : uid=1010020(com.telenav.app.denali.na) Thread-447 expire 5 lines
12-07 14:35:14.176  8346  8620 I chatty  : uid=1010020(com.telenav.app.denali.na) pool-23-thread- expire 4 lines
12-07 14:35:14.190  8346  8617 I chatty  : uid=1010020(com.telenav.app.denali.na) GLThread 456 expire 90 lines
12-07 14:35:14.222  2989  3039 W harman_gps: process_ndr_data(): Fractional seconds = 223517401 is >1 second, Time Invalid: UTC time 0; DR time = 223517401; Fix Type=0
12-07 14:35:14.232   138   340 I MFC     : Rx size 16 id= 0x301 len=8
12-07 14:35:14.232   138   340 I MFC     : hexdata=20 80 0 0 0 0 0 0
12-07 14:35:14.232   138   340 I MFC     : F301 processed
12-07 14:35:14.232   138   340 I MFC     : Receive
12-07 14:35:14.232   138   340 I MFC     : Rx size 16 id= 0x302 len=2
12-07 14:35:14.232   138   340 I MFC     : hexdata=80 80
12-07 14:35:14.232   138   340 I MFC     : F302 processed
12-07 14:35:14.232   138   340 I MFC     : Receive
12-07 14:35:14.322  2989  3039 W harman_gps: process_ndr_data(): Fractional seconds = 223517501 is >1 second, Time Invalid: UTC time 0; DR time = 223517501; Fix Type=0
12-07 14:35:14.420   139   156 E ProtoKey: Protokey request failed
12-07 14:35:14.422  2989  3039 W harman_gps: process_ndr_data(): Fractional seconds = 223517601 is >1 second, Time Invalid: UTC time 0; DR time = 223517601; Fix Type=0
12-07 14:35:14.431  1149  1568 I chatty  : uid=1000(system) pool-11-thread- expire 1 line
12-07 14:35:14.482   138   340 I MFC     : Rx size 16 id= 0x301 len=8
12-07 14:35:14.482   138   340 I MFC     : hexdata=20 80 0 0 0 0 0 0
12-07 14:35:14.482   138   340 I MFC     : F301 processed
12-07 14:35:14.482   138   340 I MFC     : Receive
12-07 14:35:14.482   138   340 I MFC     : Rx size 16 id= 0x302 len=2
12-07 14:35:14.482   138   340 I MFC     : hexdata=80 80
12-07 14:35:14.482   138   340 I MFC     : F302 processed
12-07 14:35:14.482   138   340 I MFC     : Receive
12-07 14:35:14.501  1149  1149 I chatty  : uid=1000(system) com.gm.domain.server.primary expire 3 lines
12-07 14:35:14.523  2989  3039 W harman_gps: process_ndr_data(): Fractional seconds = 223517701 is >1 second, Time Invalid: UTC time 0; DR time = 223517701; Fix Type=0
12-07 14:35:14.549  8346  8395 I chatty  : uid=1010020(com.telenav.app.denali.na) pool-16-thread- expire 5 lines
12-07 14:35:14.622  2989  3039 W harman_gps: process_ndr_data(): Fractional seconds = 223517801 is >1 second, Time Invalid: UTC time 0; DR time = 223517801; Fix Type=0
12-07 14:35:14.677  8346  8608 I chatty  : uid=1010020(com.telenav.app.denali.na) pool-22-thread- expire 8 lines
12-07 14:35:14.722  2989  3039 W harman_gps: process_ndr_data(): Fractional seconds = 223517901 is >1 second, Time Invalid: UTC time 0; DR time = 223517901; Fix Type=0
12-07 14:35:14.732   138   340 I MFC     : Rx size 16 id= 0x301 len=8
12-07 14:35:14.732   138   340 I MFC     : hexdata=20 80 0 0 0 0 0 0
12-07 14:35:14.732   138   340 I MFC     : F301 processed
12-07 14:35:14.732   138   340 I MFC     : Receive
12-07 14:35:14.732   138   340 I MFC     : Rx size 16 id= 0x302 len=2
12-07 14:35:14.732   138   340 I MFC     : hexdata=80 80
12-07 14:35:14.732   138   340 I MFC     : F302 processed
12-07 14:35:14.732   138   340 I MFC     : Receive
12-07 14:35:14.822  2989  3039 W harman_gps: process_ndr_data(): Fractional seconds = 223518001 is >1 second, Time Invalid: UTC time 0; DR time = 223518001; Fix Type=0
12-07 14:35:14.922  2989  3039 W harman_gps: process_ndr_data(): Fractional seconds = 223518101 is >1 second, Time Invalid: UTC time 0; DR time = 223518101; Fix Type=0
12-07 14:35:14.925   139   156 E ProtoKey: Protokey request failed
12-07 14:35:14.982   138   340 I MFC     : Rx size 16 id= 0x301 len=8
12-07 14:35:14.982   138   340 I MFC     : hexdata=20 80 0 0 0 0 0 0
12-07 14:35:14.982   138   340 I MFC     : F301 processed
12-07 14:35:14.982   138   340 I MFC     : Receive
12-07 14:35:14.982   138   340 I MFC     : Rx size 16 id= 0x302 len=2
12-07 14:35:14.982   138   340 I MFC     : hexdata=80 80
12-07 14:35:14.982   138   340 I MFC     : F302 processed
12-07 14:35:14.982   138   340 I MFC     : Receive
12-07 14:35:15.022  2989  3039 W harman_gps: process_ndr_data(): Fractional seconds = 223518201 is >1 second, Time Invalid: UTC time 0; DR time = 223518201; Fix Type=0
12-07 14:35:15.123  2989  3039 W harman_gps: process_ndr_data(): Fractional seconds = 223518302 is >1 second, Time Invalid: UTC time 0; DR time = 223518302; Fix Type=0
12-07 14:35:15.156  8346  8360 I chatty  : uid=1010020(com.telenav.app.denali.na) Binder_2 expire 14 lines
12-07 14:35:15.170  8346  8611 I chatty  : uid=1010020(com.telenav.app.denali.na) pool-12-thread- expire 4 lines
12-07 14:35:15.173  8346  8666 I chatty  : uid=1010020(com.telenav.app.denali.na) pool-11-thread- expire 1 line
12-07 14:35:15.174  8346  8700 I chatty  : uid=1010020(com.telenav.app.denali.na) pool-1-thread-7 expire 9 lines
12-07 14:35:15.184  8346  8583 I chatty  : uid=1010020(com.telenav.app.denali.na) Thread-447 expire 5 lines
12-07 14:35:15.187  8346  8620 I chatty  : uid=1010020(com.telenav.app.denali.na) pool-23-thread- expire 1 line
12-07 14:35:15.198  8346  8617 I chatty  : uid=1010020(com.telenav.app.denali.na) GLThread 456 expire 87 lines
12-07 14:35:15.222  2989  3039 W harman_gps: process_ndr_data(): Fractional seconds = 223518401 is >1 second, Time Invalid: UTC time 0; DR time = 223518401; Fix Type=0
12-07 14:35:15.232   138   340 I MFC     : Rx size 16 id= 0x301 len=8
12-07 14:35:15.232   138   340 I MFC     : hexdata=20 80 0 0 0 0 0 0
12-07 14:35:15.232   138   340 I MFC     : F301 processed
12-07 14:35:15.232   138   340 I MFC     : Receive
12-07 14:35:15.232   138   340 I MFC     : Rx size 16 id= 0x302 len=2
12-07 14:35:15.232   138   340 I MFC     : hexdata=80 80
12-07 14:35:15.232   138   340 I MFC     : F302 processed
12-07 14:35:15.232   138   340 I MFC     : Receive
12-07 14:35:15.235  8346  8346 I chatty  : uid=1010020(com.telenav.app.denali.na) expire 1 line
12-07 14:35:15.322  2989  3039 W harman_gps: process_ndr_data(): Fractional seconds = 223518501 is >1 second, Time Invalid: UTC time 0; DR time = 223518501; Fix Type=0
12-07 14:35:15.422  2989  3039 W harman_gps: process_ndr_data(): Fractional seconds = 223518601 is >1 second, Time Invalid: UTC time 0; DR time = 223518601; Fix Type=0
12-07 14:35:15.428  8346  8584 I chatty  : uid=1010020(com.telenav.app.denali.na) Thread-445 expire 1 line
12-07 14:35:15.431   139   156 E ProtoKey: Protokey request failed
12-07 14:35:15.433  1149  1568 I chatty  : uid=1000(system) pool-11-thread- expire 1 line
12-07 14:35:15.434  8346  8620 I chatty  : uid=1010020(com.telenav.app.denali.na) pool-23-thread- expire 3 lines
12-07 14:35:15.482   138   340 I MFC     : Rx size 16 id= 0x301 len=8
12-07 14:35:15.482   138   340 I MFC     : hexdata=20 80 0 0 0 0 0 0
12-07 14:35:15.482   138   340 I MFC     : F301 processed
12-07 14:35:15.482   138   340 I MFC     : Receive
12-07 14:35:15.482   138   340 I MFC     : Rx size 16 id= 0x302 len=2
12-07 14:35:15.482   138   340 I MFC     : hexdata=80 80
12-07 14:35:15.482   138   340 I MFC     : F302 processed
12-07 14:35:15.482   138   340 I MFC     : Receive
12-07 14:35:15.504  1149  1149 E OnStar.OnStarRemoteReflashService: subscribeRR->Failed to subscribe for RR->Reason : 
12-07 14:35:15.504  1149  1149 E OnStar.OnStarRemoteReflashService: com.gm.server.onstar.connector.OnStarConnectionException: FSA RemoteReflash client is not ready [UNINITIALIZED]
12-07 14:35:15.504  1149  1149 E OnStar.OnStarRemoteReflashService: 	at com.gm.server.onstar.connector.FsaTcpConnector.getRemoteReflashClient(FsaTcpConnector.java:1592)
12-07 14:35:15.504  1149  1149 E OnStar.OnStarRemoteReflashService: 	at com.gm.server.onstar.connector.FsaTcpConnector.subscribeRR(FsaTcpConnector.java:668)
12-07 14:35:15.504  1149  1149 E OnStar.OnStarRemoteReflashService: 	at com.gm.server.onstar.OnStarRemoteReflashService.subscribeRR(OnStarRemoteReflashService.java:408)
12-07 14:35:15.504  1149  1149 E OnStar.OnStarRemoteReflashService: 	at gm.onstar.OnStarRemoteReflashManager.subscribeRR(OnStarRemoteReflashManager.java:515)
12-07 14:35:15.504  1149  1149 E OnStar.OnStarRemoteReflashService: 	at com.gm.server.update.packagedepot.TCPMRemoteReflashHandler.initializeRemoteReflash(TCPMRemoteReflashHandler.java:1086)
12-07 14:35:15.504  1149  1149 E OnStar.OnStarRemoteReflashService: 	at com.gm.server.update.packagedepot.TCPMRemoteReflashHandler.-wrap32(TCPMRemoteReflashHandler.java)
12-07 14:35:15.504  1149  1149 E OnStar.OnStarRemoteReflashService: 	at com.gm.server.update.packagedepot.TCPMRemoteReflashHandler$6.run(TCPMRemoteReflashHandler.java:902)
12-07 14:35:15.504  1149  1149 E OnStar.OnStarRemoteReflashService: 	at android.os.Handler.handleCallback(Handler.java:739)
12-07 14:35:15.504  1149  1149 E OnStar.OnStarRemoteReflashService: 	at android.os.Handler.dispatchMessage(Handler.java:95)
12-07 14:35:15.504  1149  1149 E OnStar.OnStarRemoteReflashService: 	at android.os.Looper.loop(Looper.java:148)
12-07 14:35:15.504  1149  1149 E OnStar.OnStarRemoteReflashService: 	at android.app.ActivityThread.main(ActivityThread.java:5417)
12-07 14:35:15.504  1149  1149 E OnStar.OnStarRemoteReflashService: 	at java.lang.reflect.Method.invoke(Native Method)
12-07 14:35:15.504  1149  1149 E OnStar.OnStarRemoteReflashService: 	at com.android.internal.os.ZygoteInit$MethodAndArgsCaller.run(ZygoteInit.java:759)
12-07 14:35:15.504  1149  1149 E OnStar.OnStarRemoteReflashService: 	at com.android.internal.os.ZygoteInit.main(ZygoteInit.java:649)
12-07 14:35:15.505  1149  1149 E OnStar.OnStarRemoteReflashManager: subscribeRR->Failed to subscibe to RR->gm.onstar.exception.OnStarException: subscribeRR->FSA functions client is not ready
12-07 14:35:15.523  2989  3039 W harman_gps: process_ndr_data(): Fractional seconds = 223518701 is >1 second, Time Invalid: UTC time 0; DR time = 223518701; Fix Type=0
12-07 14:35:15.583  8346  8666 I chatty  : uid=1010020(com.telenav.app.denali.na) pool-11-thread- expire 5 lines
12-07 14:35:15.591  8346  8698 I chatty  : uid=1010020(com.telenav.app.denali.na) pool-1-thread-6 expire 9 lines
12-07 14:35:15.612  1149  1569 D com.gm.fsa.service.FSAServiceConnectedClient: FSA: sending message to /192.168.1.106, fktId 'HEARTBEAT' (100), optype 'STATUS' (343), handle 0
12-07 14:35:15.617   406  1216 D WifiNative-wlan0: doString: [SIGNAL_POLL]
12-07 14:35:15.618  1729  1729 D wpa_supplicant: wlan0: Control interface command 'SIGNAL_POLL'
12-07 14:35:15.620  1729  1729 D wpa_supplicant: CTRL-DEBUG: global_ctrl_sock-sendto: sock=11 sndbuf=163840 outq=0 send_len=49
12-07 14:35:15.623  2989  3039 W harman_gps: process_ndr_data(): Fractional seconds = 223518801 is >1 second, Time Invalid: UTC time 0; DR time = 223518801; Fix Type=0
12-07 14:35:15.722  2989  3039 W harman_gps: process_ndr_data(): Fractional seconds = 223518901 is >1 second, Time Invalid: UTC time 0; DR time = 223518901; Fix Type=0
12-07 14:35:15.732   138   340 I MFC     : Rx size 16 id= 0x301 len=8
12-07 14:35:15.732   138   340 I MFC     : hexdata=20 80 0 0 0 0 0 0
12-07 14:35:15.732   138   340 I MFC     : F301 processed
12-07 14:35:15.732   138   340 I MFC     : Receive
12-07 14:35:15.733   138   340 I MFC     : Rx size 16 id= 0x302 len=2
12-07 14:35:15.733   138   340 I MFC     : hexdata=80 80
12-07 14:35:15.733   138   340 I MFC     : F302 processed
12-07 14:35:15.733   138   340 I MFC     : Receive
12-07 14:35:15.822  2989  3039 W harman_gps: process_ndr_data(): Fractional seconds = 223519001 is >1 second, Time Invalid: UTC time 0; DR time = 223519001; Fix Type=0
12-07 14:35:15.851  2198  2447 D com.gm.fsa.service.FSAServiceConnectedClient: FSA: sending message to /192.168.1.106, fktId 'HEARTBEAT' (100), optype 'STATUS' (343), handle 0
12-07 14:35:15.922  2989  3039 W harman_gps: process_ndr_data(): Fractional seconds = 223519101 is >1 second, Time Invalid: UTC time 0; DR time = 223519101; Fix Type=0
12-07 14:35:15.930  8346  8608 I chatty  : uid=1010020(com.telenav.app.denali.na) pool-22-thread- expire 8 lines
12-07 14:35:15.935   139   156 E ProtoKey: Protokey request failed
12-07 14:35:15.983   138   340 I MFC     : Rx size 16 id= 0x301 len=8
12-07 14:35:15.983   138   340 I MFC     : hexdata=20 80 0 0 0 0 0 0
12-07 14:35:15.983   138   340 I MFC     : F301 processed
12-07 14:35:15.983   138   340 I MFC     : Receive
12-07 14:35:15.983   138   340 I MFC     : Rx size 16 id= 0x302 len=2
12-07 14:35:15.983   138   340 I MFC     : hexdata=80 80
12-07 14:35:15.983   138   340 I MFC     : F302 processed
12-07 14:35:15.983   138   340 I MFC     : Receive
12-07 14:35:16.007  1149  1149 E OnStar.OnStarRemoteReflashService: subscribeRR->Failed to subscribe for RR->Reason : 
12-07 14:35:16.007  1149  1149 E OnStar.OnStarRemoteReflashService: com.gm.server.onstar.connector.OnStarConnectionException: FSA RemoteReflash client is not ready [UNINITIALIZED]
12-07 14:35:16.007  1149  1149 E OnStar.OnStarRemoteReflashService: 	at com.gm.server.onstar.connector.FsaTcpConnector.getRemoteReflashClient(FsaTcpConnector.java:1592)
12-07 14:35:16.007  1149  1149 E OnStar.OnStarRemoteReflashService: 	at com.gm.server.onstar.connector.FsaTcpConnector.subscribeRR(FsaTcpConnector.java:668)
12-07 14:35:16.007  1149  1149 E OnStar.OnStarRemoteReflashService: 	at com.gm.server.onstar.OnStarRemoteReflashService.subscribeRR(OnStarRemoteReflashService.java:408)
12-07 14:35:16.007  1149  1149 E OnStar.OnStarRemoteReflashService: 	at gm.onstar.OnStarRemoteReflashManager.subscribeRR(OnStarRemoteReflashManager.java:515)
