--------- beginning of kpi
12-31 16:00:01.120   110   110 D BOOT_TIME|:  SurfaceFlinger START |2323 
12-31 16:00:01.930   110   110 D BOOT_TIME|:  SurfaceFlinger END |3133 
--------- beginning of system
12-31 16:00:02.281   135   135 D CalSvcd : calsvc binder thread joining thread pool
12-31 16:00:02.285   135   135 I CalSvcd : CalibrationService: Binder API Instance Created.
12-31 16:00:02.288   135   135 D CalSvcd : connect_to_database: Module info database connection opened.
12-31 16:00:02.290   135   135 D CalSvcd : connect_to_database: Getcal database connection opened.
12-31 16:00:02.290   135   135 D CalSvcd : getAllModuleIDProgrammedStates - states: 00000000000000, status: 1
12-31 16:00:02.290   135   135 I CalSvcd : CalibrationService: System has been calibrated!
12-31 16:00:02.300   135   135 I CalSvcd : sendCalNoCalState: Calibration state sent to the VIP!
12-31 16:00:02.540   137   137 D BOOT-TIME|:  AnimEngine: started at |3744 
12-31 16:00:02.761   137   172 E KPI-BOOT|: Animation going to execute event: SHOW_STARTUP_ANIM at |3965 
12-31 16:00:03.295   225   225 D GM_VIP_Simulator: gm_vip_simulator deamon started
12-31 16:00:03.376   225   225 D GM_VIP_Simulator: Message cmd(setKey) size(272) sent to kernel(unit 22)
12-31 16:00:03.420   226   226 D GMSecurity: gm_security deamon started (4387d64b)
12-31 16:00:03.426   226   226 D GMSecurity: service running
12-31 16:00:03.431   137   173 D BOOT-TIME|:  AnimEngine: media player started at |4634 
12-31 16:00:03.431   226   226 D GMSecurity: Reading /data/system/users/userlist.xml for user information
12-31 16:00:03.432   226   226 D GMSecurity: Ignoring user 0
12-31 16:00:03.432   226   226 D GMSecurity: Found user 10
12-31 16:00:03.432   226   226 D GMSecurity: Successfully retrieved user information from /data/system/users/userlist.xml
12-31 16:00:03.433   226   226 D GMSecurity: Message cmd(getIdentifier) size(272) sent to kernel(unit 22)
12-31 16:00:03.433   226   226 D GMSecurity: Waiting for message from kernel(unit 22)
12-31 16:00:03.433   226   226 D GMSecurity: Message received from Kernel(unit 22): [1a649fe45882a6e3]
12-31 16:00:03.433   226   226 D GMSecurity: mounting ecryptfs on /data/gm/security/
12-31 16:00:03.433   226   226 D GMSecurity: GM security connecting to vold
12-31 16:00:03.434   226   226 E GMSecurity: Error connecting vold. Retrying in 500 ms. Connection refused
12-31 16:00:03.547   224   224 I vold    : Vold 3.0 (the awakening) firing up
12-31 16:00:03.547   224   224 V vold    : Detected support for: ext4 vfat
12-31 16:00:03.682   134   134 D BOOT-TIME|:  App_Process: started at |4885 
12-31 16:00:03.727   250   250 I IRS     : main: binder thread starting.
12-31 16:00:03.774   224   332 E NetlinkEvent: NetlinkEvent::FindParam(): Parameter 'DISK_RO' not found
12-31 16:00:03.774   224   332 V vold    : ----------------
12-31 16:00:03.774   224   332 V vold    :  voldlog handleBlockEvent with action : 1 dev : disk devname : ram0
12-31 16:00:03.774   224   332 D NetlinkEvent: NL param 'DEVPATH=/devices/virtual/block/ram0'
12-31 16:00:03.774   224   332 D NetlinkEvent: NL param 'MAJOR=1'
12-31 16:00:03.774   224   332 D NetlinkEvent: NL param 'MINOR=0'
12-31 16:00:03.774   224   332 D NetlinkEvent: NL param 'DEVNAME=ram0'
12-31 16:00:03.774   224   332 D NetlinkEvent: NL param 'DEVTYPE=disk'
12-31 16:00:03.774   224   332 D NetlinkEvent: NL param 'NPARTS=0'
12-31 16:00:03.774   224   332 V vold    :  voldlog handleBlockEvent Disk with action : 1 NoPartitions : 0
12-31 16:00:03.774   224   332 E NetlinkEvent: NetlinkEvent::FindParam(): Parameter 'DISK_RO' not found
12-31 16:00:03.774   224   332 V vold    : ----------------
12-31 16:00:03.774   224   332 V vold    :  voldlog handleBlockEvent with action : 1 dev : disk devname : loop0
12-31 16:00:03.774   224   332 D NetlinkEvent: NL param 'DEVPATH=/devices/virtual/block/loop0'
12-31 16:00:03.774   224   332 D NetlinkEvent: NL param 'MAJOR=7'
12-31 16:00:03.774   224   332 D NetlinkEvent: NL param 'MINOR=0'
12-31 16:00:03.774   224   332 D NetlinkEvent: NL param 'DEVNAME=loop0'
12-31 16:00:03.774   224   332 D NetlinkEvent: NL param 'DEVTYPE=disk'
12-31 16:00:03.774   224   332 D NetlinkEvent: NL param 'NPARTS=0'
12-31 16:00:03.774   224   332 V vold    :  voldlog handleBlockEvent Disk with action : 1 NoPartitions : 0
12-31 16:00:03.774   224   332 E NetlinkEvent: NetlinkEvent::FindParam(): Parameter 'DISK_RO' not found
12-31 16:00:03.774   224   332 V vold    : ----------------
12-31 16:00:03.774   224   332 V vold    :  voldlog handleBlockEvent with action : 1 dev : disk devname : loop1
12-31 16:00:03.774   224   332 D NetlinkEvent: NL param 'DEVPATH=/devices/virtual/block/loop1'
12-31 16:00:03.774   224   332 D NetlinkEvent: NL param 'MAJOR=7'
12-31 16:00:03.774   224   332 D NetlinkEvent: NL param 'MINOR=1'
12-31 16:00:03.774   224   332 D NetlinkEvent: NL param 'DEVNAME=loop1'
12-31 16:00:03.774   224   332 D NetlinkEvent: NL param 'DEVTYPE=disk'
12-31 16:00:03.774   224   332 D NetlinkEvent: NL param 'NPARTS=0'
12-31 16:00:03.774   224   332 V vold    :  voldlog handleBlockEvent Disk with action : 1 NoPartitions : 0
12-31 16:00:03.774   224   332 E NetlinkEvent: NetlinkEvent::FindParam(): Parameter 'DISK_RO' not found
12-31 16:00:03.774   224   332 V vold    : ----------------
12-31 16:00:03.774   224   332 V vold    :  voldlog handleBlockEvent with action : 1 dev : disk devname : loop2
12-31 16:00:03.774   224   332 D NetlinkEvent: NL param 'DEVPATH=/devices/virtual/block/loop2'
12-31 16:00:03.774   224   332 D NetlinkEvent: NL param 'MAJOR=7'
12-31 16:00:03.774   224   332 D NetlinkEvent: NL param 'MINOR=2'
12-31 16:00:03.774   224   332 D NetlinkEvent: NL param 'DEVNAME=loop2'
12-31 16:00:03.774   224   332 D NetlinkEvent: NL param 'DEVTYPE=disk'
12-31 16:00:03.774   224   332 D NetlinkEvent: NL param 'NPARTS=0'
12-31 16:00:03.774   224   332 V vold    :  voldlog handleBlockEvent Disk with action : 1 NoPartitions : 0
12-31 16:00:03.774   224   332 E NetlinkEvent: NetlinkEvent::FindParam(): Parameter 'DISK_RO' not found
12-31 16:00:03.774   224   332 V vold    : ----------------
12-31 16:00:03.774   224   332 V vold    :  voldlog handleBlockEvent with action : 1 dev : disk devname : loop3
12-31 16:00:03.774   224   332 D NetlinkEvent: NL param 'DEVPATH=/devices/virtual/block/loop3'
12-31 16:00:03.774   224   332 D NetlinkEvent: NL param 'MAJOR=7'
12-31 16:00:03.774   224   332 D NetlinkEvent: NL param 'MINOR=3'
12-31 16:00:03.774   224   332 D NetlinkEvent: NL param 'DEVNAME=loop3'
12-31 16:00:03.774   224   332 D NetlinkEvent: NL param 'DEVTYPE=disk'
12-31 16:00:03.774   224   332 D NetlinkEvent: NL param 'NPARTS=0'
12-31 16:00:03.774   224   332 V vold    :  voldlog handleBlockEvent Disk with action : 1 NoPartitions : 0
12-31 16:00:03.774   224   332 E NetlinkEvent: NetlinkEvent::FindParam(): Parameter 'DISK_RO' not found
12-31 16:00:03.774   224   332 V vold    : ----------------
12-31 16:00:03.774   224   332 V vold    :  voldlog handleBlockEvent with action : 1 dev : disk devname : loop4
12-31 16:00:03.774   224   332 D NetlinkEvent: NL param 'DEVPATH=/devices/virtual/block/loop4'
12-31 16:00:03.774   224   332 D NetlinkEvent: NL param 'MAJOR=7'
12-31 16:00:03.774   224   332 D NetlinkEvent: NL param 'MINOR=4'
12-31 16:00:03.774   224   332 D NetlinkEvent: NL param 'DEVNAME=loop4'
12-31 16:00:03.774   224   332 D NetlinkEvent: NL param 'DEVTYPE=disk'
12-31 16:00:03.774   224   332 D NetlinkEvent: NL param 'NPARTS=0'
12-31 16:00:03.774   224   332 V vold    :  voldlog handleBlockEvent Disk with action : 1 NoPartitions : 0
12-31 16:00:03.774   224   332 E NetlinkEvent: NetlinkEvent::FindParam(): Parameter 'DISK_RO' not found
12-31 16:00:03.774   224   332 V vold    : ----------------
12-31 16:00:03.774   224   332 V vold    :  voldlog handleBlockEvent with action : 1 dev : disk devname : loop5
12-31 16:00:03.775   224   332 D NetlinkEvent: NL param 'DEVPATH=/devices/virtual/block/loop5'
12-31 16:00:03.775   224   332 D NetlinkEvent: NL param 'MAJOR=7'
12-31 16:00:03.775   224   332 D NetlinkEvent: NL param 'MINOR=5'
12-31 16:00:03.775   224   332 D NetlinkEvent: NL param 'DEVNAME=loop5'
12-31 16:00:03.775   224   332 D NetlinkEvent: NL param 'DEVTYPE=disk'
12-31 16:00:03.775   224   332 D NetlinkEvent: NL param 'NPARTS=0'
12-31 16:00:03.775   224   332 V vold    :  voldlog handleBlockEvent Disk with action : 1 NoPartitions : 0
12-31 16:00:03.775   224   332 E NetlinkEvent: NetlinkEvent::FindParam(): Parameter 'DISK_RO' not found
12-31 16:00:03.775   224   332 V vold    : ----------------
12-31 16:00:03.775   224   332 V vold    :  voldlog handleBlockEvent with action : 1 dev : disk devname : loop6
12-31 16:00:03.775   224   332 D NetlinkEvent: NL param 'DEVPATH=/devices/virtual/block/loop6'
12-31 16:00:03.775   224   332 D NetlinkEvent: NL param 'MAJOR=7'
12-31 16:00:03.775   224   332 D NetlinkEvent: NL param 'MINOR=6'
12-31 16:00:03.775   224   332 D NetlinkEvent: NL param 'DEVNAME=loop6'
12-31 16:00:03.775   224   332 D NetlinkEvent: NL param 'DEVTYPE=disk'
12-31 16:00:03.775   224   332 D NetlinkEvent: NL param 'NPARTS=0'
12-31 16:00:03.775   224   332 V vold    :  voldlog handleBlockEvent Disk with action : 1 NoPartitions : 0
12-31 16:00:03.775   224   332 E NetlinkEvent: NetlinkEvent::FindParam(): Parameter 'DISK_RO' not found
12-31 16:00:03.775   224   332 V vold    : ----------------
12-31 16:00:03.775   224   332 V vold    :  voldlog handleBlockEvent with action : 1 dev : disk devname : loop7
12-31 16:00:03.775   224   332 D NetlinkEvent: NL param 'DEVPATH=/devices/virtual/block/loop7'
12-31 16:00:03.775   224   332 D NetlinkEvent: NL param 'MAJOR=7'
12-31 16:00:03.775   224   332 D NetlinkEvent: NL param 'MINOR=7'
12-31 16:00:03.775   224   332 D NetlinkEvent: NL param 'DEVNAME=loop7'
12-31 16:00:03.775   224   332 D NetlinkEvent: NL param 'DEVTYPE=disk'
12-31 16:00:03.934   226   226 D GMSecurity: GM security connectted to vold
12-31 16:00:03.934   224   336 D ECryptfsCmd: Entering runCommand
12-31 16:00:04.553   134   134 V BOOT-TIME|:  ZygotInit main: started at |5755
12-31 16:00:04.650   224   335 D Vold    : setProjectionMode entry m_projectionType =2
12-31 16:00:04.650   224   339 D Vold    : fileExists /sys/kernel/config/usb_gadget/CarPlayGadget/
12-31 16:00:04.650   224   339 D Vold    : access failed: errno = -1, Error Des = No such file or directory
12-31 16:00:04.651   224   335 D Vold    : initConfigFSInterfaces Entry
12-31 16:00:04.651   224   335 D Vold    : initConfigCarPlayFSInterfaces Entry
12-31 16:00:04.652   224   335 D Vold    : initConfigCarPlayFSInterfaces success
12-31 16:00:04.706   134   134 V BOOT-TIME|:  Zygote forkSystemServer : started at |5909
12-31 16:00:04.754   134   134 V BOOT-TIME|:  ZygotInit startSystemServer: ended at |5958
12-31 16:00:05.017   406   406 I InstallerConnection: disconnecting...
12-31 16:00:05.206   224   332 E NetlinkEvent: NetlinkEvent::FindParam(): Parameter 'DISK_RO' not found
12-31 16:00:05.616   406   442 W SystemConfig: No directory /system/etc/sysconfig, skipping
12-31 16:00:05.694   406   406 I ActivityManager: Memory class: 80
12-31 16:00:05.709   406   445 I ServiceThread: Enabled StrictMode logging for ActivityManager looper.
12-31 16:00:05.717   406   447 I ServiceThread: Enabled StrictMode logging for android.ui looper.
12-31 16:00:05.758   406   406 D BatteryStatsImpl: Reading daily items from /data/system/batterystats-daily.xml
12-31 16:00:06.047   406   406 I IntentFirewall: Read new rules (A:0 B:0 S:0)
12-31 16:00:06.100   226   380 D GMSecurity: waiting for boot complete
12-31 16:00:06.106   406   485 I ServiceThread: Enabled StrictMode logging for android.display looper.
12-31 16:00:06.111   406   406 D AppOps  : AppOpsService published
12-31 16:00:06.124   406   406 I SystemServiceManager: Starting com.android.server.power.PowerManagerService
12-31 16:00:06.139   406   487 I ServiceThread: Enabled StrictMode logging for PowerManagerService looper.
12-31 16:00:06.162   406   406 I SystemServiceManager: Starting com.android.server.lights.LightsService
12-31 16:00:06.163   406   406 I SystemServiceManager: Starting com.android.server.display.DisplayManagerService
12-31 16:00:06.170   406   406 I SystemServiceManager: Starting phase 100
12-31 16:00:06.174   406   485 I DisplayManagerService: Display device added: DisplayDeviceInfo{"Built-in Screen": uniqueId="local:0", 1280 x 768, modeId 1, defaultModeId 1, supportedModes [{id=1, width=1280, height=768, fps=60.000004}], colorTransformId 1, defaultColorTransformId 1, supportedColorTransforms [{id=1, colorTransform=0}], density 160, 150.0 x 150.0 dpi, appVsyncOff 0, presDeadline 17666666, touch INTERNAL, rotation 0, type BUILT_IN, state UNKNOWN, FLAG_DEFAULT_DISPLAY, FLAG_ROTATES_WITH_CONTENT, FLAG_SECURE, FLAG_SUPPORTS_PROTECTED_BUFFERS}
12-31 16:00:06.175   406   485 I DisplayManagerService: Display device changed state: "Built-in Screen", ON
12-31 16:00:06.181   406   486 W ProcessCpuTracker: Skipping unknown process pid 484
12-31 16:00:06.200   406   406 I DomainServiceManager:  bootPhaseChanged to 100
12-31 16:00:06.328   226   226 D GMSecurity: Reading /data/system/users/userlist.xml for user information
12-31 16:00:06.328   226   226 D GMSecurity: Ignoring user 0
12-31 16:00:06.328   226   226 D GMSecurity: Found user 10
12-31 16:00:06.328   226   226 D GMSecurity: Successfully retrieved user information from /data/system/users/userlist.xml
12-31 16:00:07.100   226   380 D GMSecurity: waiting for boot complete
12-31 16:00:07.144   406   406 I PackageManager: Booting PMS with mPerformDefaultBoot :: false mPerformHarmanBootOpt :: true
12-31 16:00:07.160   406   406 D SELinuxMMAC: Using policy file /system/etc/security/mac_permissions.xml
12-31 16:00:07.223   406   406 W PackageManager: Library not found: /system/framework/org.apache.http.legacy.jar
12-31 16:00:07.697   406   406 W PackageManager: Failed to parse /system/framework/arm: Missing base APK in /system/framework/arm
12-31 16:00:07.839   406   406 W PackageManager: Failed to parse /system/framework/gmframework-res.apk: /system/framework/gmframework-res.apk (at Binary XML file line #2): null
12-31 16:00:07.840   406   406 W PackageManager: Failed to parse /system/framework/oat: Missing base APK in /system/framework/oat
12-31 16:00:07.844   406   406 W PackageManager: Failed to parse /system/framework/personalization: Missing base APK in /system/framework/personalization
12-31 16:00:07.893   406   406 W PackageParser: Ignoring duplicate uses-permissions/uses-permissions-sdk-m: android.permission.READ_CALL_LOG in package: com.android.contacts at: Binary XML file line #53
12-31 16:00:07.914   406   406 W PackageParser: No actions in intent filter at /system/priv-app/Contacts/Contacts.apk Binary XML file line #300
12-31 16:00:07.927   406   406 W PackageParser: Ignoring duplicate uses-permissions/uses-permissions-sdk-m: android.permission.READ_PHONE_STATE in package: com.android.providers.contacts at: Binary XML file line #20
12-31 16:00:07.935   406   406 W PackageParser: Unknown element under <provider>: uses-library at /system/priv-app/ContactsProvider/ContactsProvider.apk Binary XML file line #79
12-31 16:00:07.971   406   406 W PackageParser: No actions in intent filter at /system/priv-app/Dialer/Dialer.apk Binary XML file line #303
12-31 16:00:08.014   406   406 W PackageManager: Permission android.permission.DOWNLOAD_WITHOUT_NOTIFICATION from package com.android.providers.downloads in an unknown group android.permission-group.NETWORK
12-31 16:00:08.043   406   406 W PackageParser: Ignoring duplicate uses-permissions/uses-permissions-sdk-m: android.permission.GET_TASKS in package: com.gm.appshop at: Binary XML file line #46
12-31 16:00:08.043   406   406 W PackageParser: Ignoring duplicate uses-permissions/uses-permissions-sdk-m: gm.appshop.permission.RESTART_APPSHOP in package: com.gm.appshop at: Binary XML file line #57
12-31 16:00:08.100   226   380 D GMSecurity: waiting for boot complete
12-31 16:00:08.127   406   406 W PackageParser: Ignoring duplicate uses-permissions/uses-permissions-sdk-m: gm.permission.READ_VEHICLE_DATA in package: com.gm.personalization.service at: Binary XML file line #48
12-31 16:00:08.184   406   406 W PackageParser: Ignoring duplicate uses-permissions/uses-permissions-sdk-m: android.permission.INSTALL_GRANT_RUNTIME_PERMISSIONS in package: com.android.shell at: Binary XML file line #101
12-31 16:00:08.214   406   406 W PackageParser: Ignoring duplicate uses-permissions/uses-permissions-sdk-m: android.permission.ACCESS_COARSE_LOCATION in package: com.android.systemui at: Binary XML file line #182
12-31 16:00:08.366   224   332 E NetlinkEvent: NetlinkEvent::FindParam(): Parameter 'DISK_RO' not found
12-31 16:00:08.670   224   339 E Vold    : Subscribe Storage Events for 0xb67c8100
12-31 16:00:08.672   224   339 D Vold    : Vold:sys.usbGadget property set from RDMS subscribe
12-31 16:00:08.675   224   332 E NetlinkEvent: NetlinkEvent::FindParam(): Parameter 'DISK_RO' not found
12-31 16:00:08.675   224   332 E NetlinkEvent: NetlinkEvent::FindParam(): Parameter 'DISK_RO' not found
12-31 16:00:08.676   224   332 E NetlinkEvent: NetlinkEvent::FindParam(): Parameter 'DISK_RO' not found
12-31 16:00:08.677   224   332 E NetlinkEvent: NetlinkEvent::FindParam(): Parameter 'DISK_RO' not found
12-31 16:00:08.678   224   332 E NetlinkEvent: NetlinkEvent::FindParam(): Parameter 'DISK_RO' not found
12-31 16:00:08.678   224   332 V vold    : ----------------
12-31 16:00:08.678   224   332 D NetlinkEvent: NL param 'DEVPATH=/devices/platform/44000000.ocp/48880000.omap_dwc3_1/48890000.usb/xhci-hcd.1.auto/usb1'
12-31 16:00:08.678   224   332 D NetlinkEvent: NL param 'MAJOR=189'
12-31 16:00:08.678   224   332 D NetlinkEvent: NL param 'MINOR=0'
12-31 16:00:08.678   224   332 D NetlinkEvent: NL param 'DEVNAME=bus/usb/001/001'
12-31 16:00:08.678   224   332 D NetlinkEvent: NL param 'DEVTYPE=usb_device'
12-31 16:00:08.678   224   332 D NetlinkEvent: NL param 'PRODUCT=1d6b/2/404'
12-31 16:00:08.679   224   332 D NetlinkEvent: NL param 'TYPE=9/0/1'
12-31 16:00:08.679   224   332 D NetlinkEvent: NL param 'BUSNUM=001'
12-31 16:00:08.679   224   332 D NetlinkEvent: NL param 'DEVNUM=001'
12-31 16:00:08.679   224   332 D Vold    : logvold : 1 bus/usb/001/001  : 1 : /devices/platform/44000000.ocp/48880000.omap_dwc3_1/48890000.usb/xhci-hcd.1.auto/usb1 
12-31 16:00:08.679   224   332 E NetlinkEvent: NetlinkEvent::FindParam(): Parameter 'DISK_RO' not found
12-31 16:00:08.679   224   332 V vold    : ----------------
12-31 16:00:08.679   224   332 D NetlinkEvent: NL param 'DEVPATH=/devices/platform/44000000.ocp/48880000.omap_dwc3_1/48890000.usb/xhci-hcd.1.auto/usb1/1-0:1.0'
12-31 16:00:08.679   224   332 D NetlinkEvent: NL param 'DEVTYPE=usb_interface'
12-31 16:00:08.679   224   332 D NetlinkEvent: NL param 'PRODUCT=1d6b/2/404'
12-31 16:00:08.679   224   332 D NetlinkEvent: NL param 'TYPE=9/0/1'
12-31 16:00:08.679   224   332 D NetlinkEvent: NL param 'INTERFACE=9/0/0'
12-31 16:00:08.679   224   332 D NetlinkEvent: NL param 'MODALIAS=usb:v1D6Bp0002d0404dc09dsc00dp01ic09isc00ip00in00'
12-31 16:00:08.679   224   332 E NetlinkEvent: NetlinkEvent::FindParam(): Parameter 'DEVNAME' not found
12-31 16:00:08.680   224   332 E NetlinkEvent: NetlinkEvent::FindParam(): Parameter 'DISK_RO' not found
12-31 16:00:08.680   224   332 V vold    : ----------------
12-31 16:00:08.680   224   332 D NetlinkEvent: NL param 'DEVPATH=/devices/platform/44000000.ocp/48880000.omap_dwc3_1/48890000.usb/xhci-hcd.1.auto/usb2'
12-31 16:00:08.680   224   332 D NetlinkEvent: NL param 'MAJOR=189'
12-31 16:00:08.680   224   332 D NetlinkEvent: NL param 'MINOR=128'
12-31 16:00:08.680   224   332 D NetlinkEvent: NL param 'DEVNAME=bus/usb/002/001'
12-31 16:00:08.680   224   332 D NetlinkEvent: NL param 'DEVTYPE=usb_device'
12-31 16:00:08.680   224   332 D NetlinkEvent: NL param 'PRODUCT=1d6b/3/404'
12-31 16:00:08.680   224   332 D NetlinkEvent: NL param 'TYPE=9/0/3'
12-31 16:00:08.680   224   332 D NetlinkEvent: NL param 'BUSNUM=002'
12-31 16:00:08.680   224   332 D NetlinkEvent: NL param 'DEVNUM=001'
12-31 16:00:08.680   224   332 D Vold    : logvold : 1 bus/usb/002/001  : 2 : /devices/platform/44000000.ocp/48880000.omap_dwc3_1/48890000.usb/xhci-hcd.1.auto/usb2 
12-31 16:00:08.681   224   332 E NetlinkEvent: NetlinkEvent::FindParam(): Parameter 'DISK_RO' not found
12-31 16:00:08.681   224   332 V vold    : ----------------
12-31 16:00:08.681   224   332 D NetlinkEvent: NL param 'DEVPATH=/devices/platform/44000000.ocp/48880000.omap_dwc3_1/48890000.usb/xhci-hcd.1.auto/usb2/2-0:1.0'
12-31 16:00:08.681   224   332 D NetlinkEvent: NL param 'DEVTYPE=usb_interface'
12-31 16:00:08.681   224   332 D NetlinkEvent: NL param 'PRODUCT=1d6b/3/404'
12-31 16:00:08.681   224   332 D NetlinkEvent: NL param 'TYPE=9/0/3'
12-31 16:00:08.681   224   332 D NetlinkEvent: NL param 'INTERFACE=9/0/0'
12-31 16:00:08.681   224   332 D NetlinkEvent: NL param 'MODALIAS=usb:v1D6Bp0003d0404dc09dsc00dp03ic09isc00ip00in00'
12-31 16:00:08.681   224   332 E NetlinkEvent: NetlinkEvent::FindParam(): Parameter 'DEVNAME' not found
12-31 16:00:08.683   224   332 E NetlinkEvent: NetlinkEvent::FindParam(): Parameter 'DISK_RO' not found
12-31 16:00:08.687   224   332 E NetlinkEvent: NetlinkEvent::FindParam(): Parameter 'DISK_RO' not found
12-31 16:00:08.692   224   332 E NetlinkEvent: NetlinkEvent::FindParam(): Parameter 'DISK_RO' not found
12-31 16:00:08.711   224   332 E NetlinkEvent: NetlinkEvent::FindParam(): Parameter 'DISK_RO' not found
12-31 16:00:08.711   224   332 E NetlinkEvent: NetlinkEvent::FindParam(): Parameter 'DISK_RO' not found
12-31 16:00:09.100   226   380 D GMSecurity: waiting for boot complete
12-31 16:00:09.138   224   332 E NetlinkEvent: NetlinkEvent::FindParam(): Parameter 'DISK_RO' not found
12-31 16:00:09.138   224   332 V vold    : ----------------
12-31 16:00:09.138   224   332 D NetlinkEvent: NL param 'DEVPATH=/devices/platform/44000000.ocp/48880000.omap_dwc3_1/48890000.usb/xhci-hcd.1.auto/usb1/1-1'
12-31 16:00:09.138   224   332 D NetlinkEvent: NL param 'MAJOR=189'
12-31 16:00:09.138   224   332 D NetlinkEvent: NL param 'MINOR=1'
12-31 16:00:09.138   224   332 D NetlinkEvent: NL param 'DEVNAME=bus/usb/001/002'
12-31 16:00:09.138   224   332 D NetlinkEvent: NL param 'DEVTYPE=usb_device'
12-31 16:00:09.138   224   332 D NetlinkEvent: NL param 'PRODUCT=2996/115/11d'
12-31 16:00:09.138   224   332 D NetlinkEvent: NL param 'TYPE=9/0/2'
12-31 16:00:09.138   224   332 D NetlinkEvent: NL param 'BUSNUM=001'
12-31 16:00:09.138   224   332 D NetlinkEvent: NL param 'DEVNUM=002'
12-31 16:00:09.138   224   332 D Vold    : logvold : 1 bus/usb/001/002  : 3 : /devices/platform/44000000.ocp/48880000.omap_dwc3_1/48890000.usb/xhci-hcd.1.auto/usb1/1-1 
12-31 16:00:09.160   224   332 E NetlinkEvent: NetlinkEvent::FindParam(): Parameter 'DISK_RO' not found
12-31 16:00:09.160   224   332 V vold    : ----------------
12-31 16:00:09.160   224   332 D NetlinkEvent: NL param 'DEVPATH=/devices/platform/44000000.ocp/48880000.omap_dwc3_1/48890000.usb/xhci-hcd.1.auto/usb1/1-1/1-1:1.0'
12-31 16:00:09.160   224   332 D NetlinkEvent: NL param 'DEVTYPE=usb_interface'
12-31 16:00:09.160   224   332 D NetlinkEvent: NL param 'PRODUCT=2996/115/11d'
12-31 16:00:09.160   224   332 D NetlinkEvent: NL param 'TYPE=9/0/2'
12-31 16:00:09.160   224   332 D NetlinkEvent: NL param 'INTERFACE=9/0/1'
12-31 16:00:09.160   224   332 D NetlinkEvent: NL param 'MODALIAS=usb:v2996p0115d011Ddc09dsc00dp02ic09isc00ip01in00'
12-31 16:00:09.160   224   332 E NetlinkEvent: NetlinkEvent::FindParam(): Parameter 'DEVNAME' not found
12-31 16:00:09.571   224   332 E NetlinkEvent: NetlinkEvent::FindParam(): Parameter 'DISK_RO' not found
12-31 16:00:09.571   224   332 V vold    : ----------------
12-31 16:00:09.571   224   332 D NetlinkEvent: NL param 'DEVPATH=/devices/platform/44000000.ocp/48880000.omap_dwc3_1/48890000.usb/xhci-hcd.1.auto/usb1/1-1/1-1.1'
12-31 16:00:09.571   224   332 D NetlinkEvent: NL param 'MAJOR=189'
12-31 16:00:09.571   224   332 D NetlinkEvent: NL param 'MINOR=2'
12-31 16:00:09.571   224   332 D NetlinkEvent: NL param 'DEVNAME=bus/usb/001/003'
12-31 16:00:09.571   224   332 D NetlinkEvent: NL param 'DEVTYPE=usb_device'
12-31 16:00:09.571   224   332 D NetlinkEvent: NL param 'PRODUCT=2996/126/2e36'
12-31 16:00:09.571   224   332 D NetlinkEvent: NL param 'TYPE=239/2/1'
12-31 16:00:09.571   224   332 D NetlinkEvent: NL param 'BUSNUM=001'
12-31 16:00:09.571   224   332 D NetlinkEvent: NL param 'DEVNUM=003'
12-31 16:00:09.571   224   332 D Vold    : logvold : 1 bus/usb/001/003  : 4 : /devices/platform/44000000.ocp/48880000.omap_dwc3_1/48890000.usb/xhci-hcd.1.auto/usb1/1-1/1-1.1 
12-31 16:00:09.577   224   332 E NetlinkEvent: NetlinkEvent::FindParam(): Parameter 'DISK_RO' not found
12-31 16:00:09.577   224   332 V vold    : ----------------
12-31 16:00:09.577   224   332 D NetlinkEvent: NL param 'DEVPATH=/devices/platform/44000000.ocp/48880000.omap_dwc3_1/48890000.usb/xhci-hcd.1.auto/usb1/1-1/1-1.1/1-1.1:1.0'
12-31 16:00:09.577   224   332 D NetlinkEvent: NL param 'DEVTYPE=usb_interface'
12-31 16:00:09.577   224   332 D NetlinkEvent: NL param 'PRODUCT=2996/126/2e36'
12-31 16:00:09.577   224   332 D NetlinkEvent: NL param 'TYPE=239/2/1'
12-31 16:00:09.577   224   332 D NetlinkEvent: NL param 'INTERFACE=8/6/80'
12-31 16:00:09.577   224   332 D NetlinkEvent: NL param 'MODALIAS=usb:v2996p0126d2E36dcEFdsc02dp01ic08isc06ip50in00'
12-31 16:00:09.578   224   332 E NetlinkEvent: NetlinkEvent::FindParam(): Parameter 'DEVNAME' not found
12-31 16:00:09.588   224   332 E NetlinkEvent: NetlinkEvent::FindParam(): Parameter 'DISK_RO' not found
12-31 16:00:09.589   224   332 E NetlinkEvent: NetlinkEvent::FindParam(): Parameter 'DISK_RO' not found
12-31 16:00:09.589   224   332 E NetlinkEvent: NetlinkEvent::FindParam(): Parameter 'DISK_RO' not found
12-31 16:00:09.589   224   332 V vold    : ----------------
12-31 16:00:09.589   224   332 D NetlinkEvent: NL param 'DEVPATH=/devices/platform/44000000.ocp/48880000.omap_dwc3_1/48890000.usb/xhci-hcd.1.auto/usb1/1-1/1-1.1/1-1.1:1.1'
12-31 16:00:09.589   224   332 D NetlinkEvent: NL param 'DEVTYPE=usb_interface'
12-31 16:00:09.589   224   332 D NetlinkEvent: NL param 'PRODUCT=2996/126/2e36'
12-31 16:00:09.589   224   332 D NetlinkEvent: NL param 'TYPE=239/2/1'
12-31 16:00:09.589   224   332 D NetlinkEvent: NL param 'INTERFACE=3/0/0'
12-31 16:00:09.589   224   332 D NetlinkEvent: NL param 'MODALIAS=usb:v2996p0126d2E36dcEFdsc02dp01ic03isc00ip00in01'
12-31 16:00:09.589   224   332 E NetlinkEvent: NetlinkEvent::FindParam(): Parameter 'DEVNAME' not found
12-31 16:00:09.591   224   332 E NetlinkEvent: NetlinkEvent::FindParam(): Parameter 'DISK_RO' not found
12-31 16:00:09.593   224   332 E NetlinkEvent: NetlinkEvent::FindParam(): Parameter 'DISK_RO' not found
12-31 16:00:09.593   224   332 E NetlinkEvent: NetlinkEvent::FindParam(): Parameter 'DISK_RO' not found
12-31 16:00:09.593   224   332 E NetlinkEvent: NetlinkEvent::FindParam(): Parameter 'DISK_RO' not found
12-31 16:00:09.593   224   332 E NetlinkEvent: NetlinkEvent::FindParam(): Parameter 'DISK_RO' not found
12-31 16:00:09.594   224   332 V vold    : ----------------
12-31 16:00:09.594   224   332 D NetlinkEvent: NL param 'DEVPATH=/devices/platform/44000000.ocp/48880000.omap_dwc3_1/48890000.usb/xhci-hcd.1.auto/usb1/1-1/1-1.1/1-1.1:1.2'
12-31 16:00:09.594   224   332 D NetlinkEvent: NL param 'DEVTYPE=usb_interface'
12-31 16:00:09.594   224   332 D NetlinkEvent: NL param 'PRODUCT=2996/126/2e36'
12-31 16:00:09.594   224   332 D NetlinkEvent: NL param 'TYPE=239/2/1'
12-31 16:00:09.594   224   332 D NetlinkEvent: NL param 'INTERFACE=1/1/0'
12-31 16:00:09.594   224   332 D NetlinkEvent: NL param 'MODALIAS=usb:v2996p0126d2E36dcEFdsc02dp01ic01isc01ip00in02'
12-31 16:00:09.594   224   332 E NetlinkEvent: NetlinkEvent::FindParam(): Parameter 'DEVNAME' not found
12-31 16:00:09.640   224   332 E NetlinkEvent: NetlinkEvent::FindParam(): Parameter 'DISK_RO' not found
12-31 16:00:09.640   224   332 E NetlinkEvent: NetlinkEvent::FindParam(): Parameter 'DISK_RO' not found
12-31 16:00:09.641   224   332 E NetlinkEvent: NetlinkEvent::FindParam(): Parameter 'DISK_RO' not found
12-31 16:00:09.641   224   332 E NetlinkEvent: NetlinkEvent::FindParam(): Parameter 'DISK_RO' not found
12-31 16:00:09.641   224   332 V vold    : ----------------
12-31 16:00:09.641   224   332 D NetlinkEvent: NL param 'DEVPATH=/devices/platform/44000000.ocp/48880000.omap_dwc3_1/48890000.usb/xhci-hcd.1.auto/usb1/1-1/1-1.1/1-1.1:1.3'
12-31 16:00:09.641   224   332 D NetlinkEvent: NL param 'DEVTYPE=usb_interface'
12-31 16:00:09.641   224   332 D NetlinkEvent: NL param 'DRIVER=snd-usb-audio'
12-31 16:00:09.641   224   332 D NetlinkEvent: NL param 'PRODUCT=2996/126/2e36'
12-31 16:00:09.641   224   332 D NetlinkEvent: NL param 'TYPE=239/2/1'
12-31 16:00:09.641   224   332 D NetlinkEvent: NL param 'INTERFACE=1/2/0'
12-31 16:00:09.641   224   332 D NetlinkEvent: NL param 'MODALIAS=usb:v2996p0126d2E36dcEFdsc02dp01ic01isc02ip00in03'
12-31 16:00:09.641   224   332 E NetlinkEvent: NetlinkEvent::FindParam(): Parameter 'DEVNAME' not found
12-31 16:00:09.642   224   332 E NetlinkEvent: NetlinkEvent::FindParam(): Parameter 'DISK_RO' not found
12-31 16:00:09.642   224   332 V vold    : ----------------
12-31 16:00:09.642   224   332 D NetlinkEvent: NL param 'DEVPATH=/devices/platform/44000000.ocp/48880000.omap_dwc3_1/48890000.usb/xhci-hcd.1.auto/usb1/1-1/1-1.1/1-1.1:1.4'
12-31 16:00:09.642   224   332 D NetlinkEvent: NL param 'DEVTYPE=usb_interface'
12-31 16:00:09.642   224   332 D NetlinkEvent: NL param 'PRODUCT=2996/126/2e36'
12-31 16:00:09.642   224   332 D NetlinkEvent: NL param 'TYPE=239/2/1'
12-31 16:00:09.642   224   332 D NetlinkEvent: NL param 'INTERFACE=254/1/1'
12-31 16:00:09.642   224   332 D NetlinkEvent: NL param 'MODALIAS=usb:v2996p0126d2E36dcEFdsc02dp01icFEisc01ip01in04'
12-31 16:00:09.642   224   332 E NetlinkEvent: NetlinkEvent::FindParam(): Parameter 'DEVNAME' not found
12-31 16:00:09.818   224   332 E NetlinkEvent: NetlinkEvent::FindParam(): Parameter 'DISK_RO' not found
12-31 16:00:09.818   224   332 V vold    : ----------------
12-31 16:00:09.818   224   332 D NetlinkEvent: NL param 'DEVPATH=/devices/platform/44000000.ocp/48880000.omap_dwc3_1/48890000.usb/xhci-hcd.1.auto/usb1/1-1/1-1.5'
12-31 16:00:09.818   224   332 D NetlinkEvent: NL param 'MAJOR=189'
12-31 16:00:09.818   224   332 D NetlinkEvent: NL param 'MINOR=3'
12-31 16:00:09.818   224   332 D NetlinkEvent: NL param 'DEVNAME=bus/usb/001/004'
12-31 16:00:09.818   224   332 D NetlinkEvent: NL param 'DEVTYPE=usb_device'
12-31 16:00:09.818   224   332 D NetlinkEvent: NL param 'PRODUCT=2996/101/2411'
12-31 16:00:09.818   224   332 D NetlinkEvent: NL param 'TYPE=255/0/255'
12-31 16:00:09.818   224   332 D NetlinkEvent: NL param 'BUSNUM=001'
12-31 16:00:09.818   224   332 D NetlinkEvent: NL param 'DEVNUM=004'
12-31 16:00:09.818   224   332 D Vold    : logvold : 1 bus/usb/001/004  : 5 : /devices/platform/44000000.ocp/48880000.omap_dwc3_1/48890000.usb/xhci-hcd.1.auto/usb1/1-1/1-1.5 
12-31 16:00:09.832   224   332 E NetlinkEvent: NetlinkEvent::FindParam(): Parameter 'DISK_RO' not found
12-31 16:00:09.832   224   332 V vold    : ----------------
12-31 16:00:09.832   224   332 D NetlinkEvent: NL param 'DEVPATH=/devices/platform/44000000.ocp/48880000.omap_dwc3_1/48890000.usb/xhci-hcd.1.auto/usb1/1-1/1-1.5/1-1.5:1.0'
12-31 16:00:09.832   224   332 D NetlinkEvent: NL param 'DEVTYPE=usb_interface'
12-31 16:00:09.832   224   332 D NetlinkEvent: NL param 'PRODUCT=2996/101/2411'
12-31 16:00:09.832   224   332 D NetlinkEvent: NL param 'TYPE=255/0/255'
12-31 16:00:09.832   224   332 D NetlinkEvent: NL param 'INTERFACE=255/0/255'
12-31 16:00:09.832   224   332 D NetlinkEvent: NL param 'MODALIAS=usb:v2996p0101d2411dcFFdsc00dpFFicFFisc00ipFFin00'
12-31 16:00:09.832   224   332 E NetlinkEvent: NetlinkEvent::FindParam(): Parameter 'DEVNAME' not found
12-31 16:00:09.833   224   332 E NetlinkEvent: NetlinkEvent::FindParam(): Parameter 'DISK_RO' not found
12-31 16:00:09.834   224   332 E NetlinkEvent: NetlinkEvent::FindParam(): Parameter 'DISK_RO' not found
12-31 16:00:10.100   226   380 D GMSecurity: waiting for boot complete
12-31 16:00:10.216   224   332 E NetlinkEvent: NetlinkEvent::FindParam(): Parameter 'DISK_RO' not found
12-31 16:00:10.598   224   332 E NetlinkEvent: NetlinkEvent::FindParam(): Parameter 'DISK_RO' not found
12-31 16:00:10.598   224   332 E NetlinkEvent: NetlinkEvent::FindParam(): Parameter 'DISK_RO' not found
12-31 16:00:10.598   224   332 E NetlinkEvent: NetlinkEvent::FindParam(): Parameter 'DISK_RO' not found
12-31 16:00:10.598   224   332 E NetlinkEvent: NetlinkEvent::FindParam(): Parameter 'DISK_RO' not found
12-31 16:00:10.601   224   332 E NetlinkEvent: NetlinkEvent::FindParam(): Parameter 'DISK_RO' not found
12-31 16:00:10.601   224   332 E NetlinkEvent: NetlinkEvent::FindParam(): Parameter 'DISK_RO' not found
12-31 16:00:10.601   224   332 E NetlinkEvent: NetlinkEvent::FindParam(): Parameter 'DISK_RO' not found
12-31 16:00:10.889   224   332 E NetlinkEvent: NetlinkEvent::FindParam(): Parameter 'DISK_RO' not found
12-31 16:00:10.889   224   332 E NetlinkEvent: NetlinkEvent::FindParam(): Parameter 'DISK_RO' not found
12-31 16:00:10.889   224   332 E NetlinkEvent: NetlinkEvent::FindParam(): Parameter 'DISK_RO' not found
12-31 16:00:11.088   224   332 E NetlinkEvent: NetlinkEvent::FindParam(): Parameter 'DISK_RO' not found
12-31 16:00:11.100   226   380 D GMSecurity: waiting for boot complete
12-31 16:00:11.189   224   332 E NetlinkEvent: NetlinkEvent::FindParam(): Parameter 'DISK_RO' not found
12-31 16:00:11.189   224   332 E NetlinkEvent: NetlinkEvent::FindParam(): Parameter 'DISK_RO' not found
12-31 16:00:11.189   224   332 E NetlinkEvent: NetlinkEvent::FindParam(): Parameter 'DISK_RO' not found
12-31 16:00:11.465   224   332 E NetlinkEvent: NetlinkEvent::FindParam(): Parameter 'DISK_RO' not found
12-31 16:00:11.465   224   332 E NetlinkEvent: NetlinkEvent::FindParam(): Parameter 'DISK_RO' not found
12-31 16:00:11.465   224   332 E NetlinkEvent: NetlinkEvent::FindParam(): Parameter 'DISK_RO' not found
12-31 16:00:11.526   224   332 E NetlinkEvent: NetlinkEvent::FindParam(): Parameter 'DISK_RO' not found
12-31 16:00:11.559   224   332 E NetlinkEvent: NetlinkEvent::FindParam(): Parameter 'DISK_RO' not found
12-31 16:00:11.559   224   332 V vold    : ----------------
12-31 16:00:11.559   224   332 V vold    :  voldlog handleBlockEvent with action : 1 dev : disk devname : sda
12-31 16:00:11.559   224   332 D NetlinkEvent: NL param 'DEVPATH=/devices/platform/44000000.ocp/48880000.omap_dwc3_1/48890000.usb/xhci-hcd.1.auto/usb1/1-1/1-1.1/1-1.1:1.0/host0/target0:0:0/0:0:0:0/block/sda'
12-31 16:00:11.559   224   332 D NetlinkEvent: NL param 'MAJOR=8'
12-31 16:00:11.559   224   332 D NetlinkEvent: NL param 'MINOR=0'
12-31 16:00:11.559   224   332 D NetlinkEvent: NL param 'DEVNAME=sda'
12-31 16:00:11.559   224   332 D NetlinkEvent: NL param 'DEVTYPE=disk'
12-31 16:00:11.559   224   332 D NetlinkEvent: NL param 'NPARTS=1'
12-31 16:00:11.559   224   332 V vold    :  voldlog handleBlockEvent Disk with action : 1 NoPartitions : 1
12-31 16:00:11.561   224   332 W vold    : sgdisk to scan /dev/block/vold/disk:8,0
12-31 16:00:11.561   224   332 V vold    : /system/bin/sgdisk
12-31 16:00:11.561   224   332 V vold    :     --android-dump
12-31 16:00:11.561   224   332 V vold    :     /dev/block/vold/disk:8,0
12-31 16:00:11.817   406   406 W PackageManager: System package com.telenav.app.denali.na signature changed; retaining data.
12-31 16:00:11.937   406   406 W PackageParser: Service exported request ignored due to singleUser: com.gm.security.auth.authenticator.AuthenticationService at /system/app/GMAuthenticator/GMAuthenticator.apk Binary XML file line #46
12-31 16:00:11.939   406   406 W PackageParser: Service exported request ignored due to singleUser: com.gm.security.auth.view.GMAuthViewService at /system/app/GMAuthenticator/GMAuthenticator.apk Binary XML file line #62
12-31 16:00:11.969   406   406 I PackageManager: Replacing default ResolverActivity with custom activity: ComponentInfo{com.gm.internal.app/com.gm.internal.app.ResolverActivity}
12-31 16:00:11.972   406   406 W PackageParser: Unknown element under <manifest>: uses-library at /system/app/GMLogManagerTester/GMLogManagerTester.apk Binary XML file line #13
12-31 16:00:12.040   406   406 W PackageParser: Ignoring duplicate uses-permissions/uses-permissions-sdk-m: android.permission.INTERACT_ACROSS_USERS in package: com.gm.personalization.app at: Binary XML file line #46
12-31 16:00:12.040   406   406 W PackageParser: Ignoring duplicate uses-permissions/uses-permissions-sdk-m: gm.permission.READ_VEHICLE_DATA in package: com.gm.personalization.app at: Binary XML file line #48
12-31 16:00:12.040   406   406 W PackageParser: Ignoring duplicate uses-permissions/uses-permissions-sdk-m: android.permission.MANAGE_USERS in package: com.gm.personalization.app at: Binary XML file line #75
12-31 16:00:12.040   406   406 W PackageParser: Ignoring duplicate uses-permissions/uses-permissions-sdk-m: android.permission.INTERACT_ACROSS_USERS_FULL in package: com.gm.personalization.app at: Binary XML file line #76
12-31 16:00:12.051   406   406 W PackageManager: Permission group gm.permission-group.VEHICLE_BUS from package com.gm.domain.server.primary ignored: original from com.gm.domain.server.critical
12-31 16:00:12.056   406   406 W PackageParser: Unknown element under <manifest>: uses-library at /system/app/USBMountRecv/USBMountRecv.apk Binary XML file line #9
12-31 16:00:12.101   226   380 D GMSecurity: waiting for boot complete
12-31 16:00:12.226   406   406 E PackageManager: updateAllSharedLibrariesLPw failed: Package com.gm.media.mediatimer requires unavailable shared library com.gm.media.MediaPlayer; failing!
12-31 16:00:12.227   406   406 W PackageManager: Package com.telenav.app.denali.na desires unavailable shared library gmsecurity; ignoring!
12-31 16:00:12.227   406   406 E PackageManager: updateAllSharedLibrariesLPw failed: Package com.gm.android.gmnuanceproxy requires unavailable shared library org.apache.http.legacy.boot; failing!
12-31 16:00:12.227   406   406 E PackageManager: updateAllSharedLibrariesLPw failed: Package com.gm.navmgr requires unavailable shared library info3_cluster; failing!
12-31 16:00:12.227   406   406 W PackageManager: Package com.gm.tbt desires unavailable shared library gmsecurity; ignoring!
12-31 16:00:12.230   406   406 I PackageManager: Time to scan packages: 5.064 seconds
12-31 16:00:12.231   406   406 W PackageManager: Unknown permission gm.permission.encryption.DATA_LOCK in package com.gm.settings
12-31 16:00:12.231   406   406 W PackageManager: Unknown permission com.gm.subscription.action.SUBSCRIPTION_UPDATE in package com.gm.settings
12-31 16:00:12.232   406   406 W PackageManager: Unknown permission com.google.android.googleapps.permission.GOOGLE_AUTH in package com.android.providers.calendar
12-31 16:00:12.232   406   406 W PackageManager: Unknown permission com.google.android.googleapps.permission.GOOGLE_AUTH.cl in package com.android.providers.calendar
12-31 16:00:12.232   406   406 W PackageManager: Unknown permission com.mea.rsi.permission.RSIService in package com.mea.rsi.app
12-31 16:00:12.233   406   406 W PackageManager: Unknown permission android.permission.READ_SMART_DIALER in package com.harman.bluetooth.pim
12-31 16:00:12.233   406   406 W PackageManager: Unknown permission android.permission.GRANT_REVOKE_PERMISSIONS in package com.gm.appshop
12-31 16:00:12.234   406   406 W PackageManager: Not granting permission android.permission.CHANGE_CONFIGURATION to package com.hyperion.framework.app (protectionLevel=50 flags=0x3808be46)
12-31 16:00:12.234   406   406 W PackageManager: Unknown permission android.permission.ACCESS_GPS in package com.telenav.app.denali.na
12-31 16:00:12.234   406   406 W PackageManager: Unknown permission android.permission.ACCESS_LOCATION in package com.telenav.app.denali.na
12-31 16:00:12.234   406   406 W PackageManager: Unknown permission android.permission.READ_SETTINGS in package com.telenav.app.denali.na
12-31 16:00:12.234   406   406 I PackageManager: Un-granting permission android.permission.MANAGE_DOCUMENTS from package com.telenav.app.denali.na (protectionLevel=2 flags=0x38583e47)
12-31 16:00:12.234   406   406 W PackageManager: Unknown permission android.permission.FAVORITES_READ in package com.telenav.app.denali.na
12-31 16:00:12.234   406   406 W PackageManager: Unknown permission android.permission.FAVORITES_WRITE in package com.telenav.app.denali.na
12-31 16:00:12.234   406   406 I PackageManager: Un-granting permission android.permission.INTERACT_ACROSS_USERS_FULL from package com.telenav.app.denali.na (protectionLevel=258 flags=0x38583e47)
12-31 16:00:12.234   406   406 W PackageManager: Unknown permission com.gm.server.media.navplugin in package com.telenav.app.denali.na
12-31 16:00:12.235   406   406 W PackageManager: Unknown permission com.android.voicemail.permission.READ_WRITE_ALL_VOICEMAIL in package com.android.contacts
12-31 16:00:12.235   406   406 W PackageManager: Unknown permission com.gm.vehicle.permission.TEENDRIVER in package com.gm.domain.server.primary
12-31 16:00:12.235   406   406 W PackageManager: Unknown permission com.gm.vehicle.permission.READ_SEATBELTS_PROTECTED in package com.gm.domain.server.primary
12-31 16:00:12.235   406   406 W PackageManager: Not granting permission android.permission.MANAGE_USERS to package com.gm.browser (protectionLevel=18 flags=0x3808be44)
12-31 16:00:12.235   406   406 W PackageManager: Unknown permission com.android.launcher3.permission.RECEIVE_LAUNCH_BROADCASTS in package com.gm.browser
12-31 16:00:12.235   406   406 W PackageManager: Not granting permission gm.permission.READ_VEHICLE_DATA to package com.gm.browser (protectionLevel=18 flags=0x3808be44)
12-31 16:00:12.236   406   406 W PackageManager: Unknown permission android.permission.FAVORITES_READ in package com.gm.navmgr
12-31 16:00:12.236   406   406 W PackageManager: Unknown permission android.permission.FAVORITES_WRITE in package com.gm.navmgr
12-31 16:00:12.236   406   406 W PackageManager: Unknown permission com.telenav.permission.NAV_SERVICE in package com.gm.navmgr
12-31 16:00:12.236   406   406 W PackageManager: Unknown permission com.telenav.permission.NAV_BROADCAST in package com.gm.navmgr
12-31 16:00:12.237   406   406 W PackageManager: Unknown permission com.gm.vehicle.permission.READ_VIN_PROTECTED in package com.gm.gmbugreport.service
12-31 16:00:12.237   406   406 W PackageManager: Unknown permission com.android.voicemail.permission.READ_WRITE_ALL_VOICEMAIL in package com.android.dialer
12-31 16:00:12.238   406   406 W PackageManager: Unknown permission com.gm.vehicle.permission.READ_SECURITY_PROTECTED in package com.gm.apimanager
12-31 16:00:12.238   406   406 W PackageManager: Unknown permission com.gm.vehicle.permission.READ_DRIVING_MODE_PROTECTED in package com.gm.apimanager
12-31 16:00:12.238   406   406 W PackageManager: Unknown permission com.gm.vehicle.permission.READ_ELECTRIC_VEHICLE_DRIVING_BEHAVIOR_PROTECTED in package com.gm.apimanager
12-31 16:00:12.238   406   406 W PackageManager: Unknown permission com.gm.vehicle.permission.READ_ADAS_PROTECTED in package com.gm.apimanager
12-31 16:00:12.238   406   406 W PackageManager: Unknown permission com.gm.vehicle.permission.READ_VIN_PROTECTED in package com.gm.apimanager
12-31 16:00:12.238   406   406 W PackageManager: Unknown permission com.gm.vehicle.permission.READ_VEHICLE_INFORMATION_PROTECTED in package com.gm.apimanager
12-31 16:00:12.238   406   406 W PackageManager: Unknown permission com.gm.vehicle.permission.READ_SAFETY_SYSTEMS_PROTECTED in package com.gm.apimanager
12-31 16:00:12.238   406   406 W PackageManager: Unknown permission com.gm.vehicle.permission.READ_SEAT_CONTROL_PROTECTED in package com.gm.apimanager
12-31 16:00:12.238   406   406 W PackageManager: Unknown permission com.gm.vehicle.permission.READ_SAFETY_SYSTEMS_DRIVING_BEHAVIOR_PROTECTED in package com.gm.apimanager
12-31 16:00:12.238   406   406 W PackageManager: Unknown permission com.gm.vehicle.permission.READ_CAMERA_PROTECTED in package com.gm.apimanager
12-31 16:00:12.238   406   406 W PackageManager: Unknown permission com.gm.vehicle.permission.READ_AUTONOMOUS_PROTECTED in package com.gm.apimanager
12-31 16:00:12.238   406   406 W PackageManager: Unknown permission com.gm.vehicle.permission.READ_ELECTRIC_VEHICLE_PROTECTED in package com.gm.apimanager
12-31 16:00:12.238   406   406 W PackageManager: Unknown permission com.gm.vehicle.permission.READ_CRUISE_CONTROL_DRIVING_BEHAVIOR_PROTECTED in package com.gm.apimanager
12-31 16:00:12.238   406   406 W PackageManager: Unknown permission com.gm.vehicle.permission.READ_TEEN_DRIVER_PROTECTED in package com.gm.apimanager
12-31 16:00:12.238   406   406 W PackageManager: Unknown permission com.gm.vehicle.permission.READ_TIRES_PROTECTED in package com.gm.apimanager
12-31 16:00:12.238   406   406 W PackageManager: Unknown permission com.gm.vehicle.permission.READ_REAR_SEAT_INFOTAINMENT_PROTECTED in package com.gm.apimanager
12-31 16:00:12.238   406   406 W PackageManager: Unknown permission com.gm.vehicle.permission.READ_BATTERY_PROTECTED in package com.gm.apimanager
12-31 16:00:12.238   406   406 W PackageManager: Unknown permission com.gm.vehicle.permission.READ_VEHICLE_STATE_PROTECTED in package com.gm.apimanager
12-31 16:00:12.238   406   406 W PackageManager: Unknown permission com.gm.vehicle.permission.READ_CLIMATE_PROTECTED in package com.gm.apimanager
12-31 16:00:12.238   406   406 W PackageManager: Unknown permission com.gm.vehicle.permission.READ_MOTION_DRIVING_BEHAVIOR_PROTECTED in package com.gm.apimanager
12-31 16:00:12.238   406   406 W PackageManager: Unknown permission com.gm.vehicle.permission.READ_SEAT_PROTECTED in package com.gm.apimanager
12-31 16:00:12.238   406   406 W PackageManager: Unknown permission com.gm.vehicle.permission.READ_OIL_DRIVING_BEHAVIOR_PROTECTED in package com.gm.apimanager
12-31 16:00:12.239   406   406 W PackageManager: Unknown permission com.gm.vehicle.permission.READ_CUSTOMIZATION_PROTECTED in package com.gm.apimanager
12-31 16:00:12.239   406   406 W PackageManager: Unknown permission com.gm.vehicle.permission.READ_VEHICLE_MOVEMENT_PROTECTED in package com.gm.apimanager
12-31 16:00:12.239   406   406 W PackageManager: Unknown permission com.gm.vehicle.permission.READ_TRAILER_PROTECTED in package com.gm.apimanager
12-31 16:00:12.239   406   406 W PackageManager: Unknown permission com.gm.vehicle.permission.READ_ENVIRONMENT_PROTECTED in package com.gm.apimanager
12-31 16:00:12.239   406   406 W PackageManager: Unknown permission com.gm.vehicle.permission.READ_LIGHT_DRIVING_BEHAVIOR_PROTECTED in package com.gm.apimanager
12-31 16:00:12.239   406   406 W PackageManager: Unknown permission com.gm.vehicle.permission.READ_DTC_PROTECTED in package com.gm.apimanager
12-31 16:00:12.239   406   406 W PackageManager: Unknown permission com.gm.vehicle.permission.READ_LIGHTS_PROTECTED in package com.gm.apimanager
12-31 16:00:12.239   406   406 W PackageManager: Unknown permission com.gm.vehicle.permission.READ_BRAKES_PROTECTED in package com.gm.apimanager
12-31 16:00:12.239   406   406 W PackageManager: Unknown permission com.gm.vehicle.permission.READ_SEAT_BELTS_PROTECTED in package com.gm.apimanager
12-31 16:00:12.240   406   406 W PackageManager: Unknown permission com.gm.vehicle.permission.READ_LOCATION_PROTECTED in package com.gm.apimanager
12-31 16:00:12.240   406   406 W PackageManager: Unknown permission com.gm.vehicle.permission.READ_CHASSIS_PROTECTED in package com.gm.apimanager
12-31 16:00:12.240   406   406 W PackageManager: Unknown permission com.gm.vehicle.permission.READ_TIRE_DRIVING_BEHAVIOR_PROTECTED in package com.gm.apimanager
12-31 16:00:12.240   406   406 W PackageManager: Unknown permission com.gm.vehicle.permission.READ_SERVICE_INDICATORS_PROTECTED in package com.gm.apimanager
12-31 16:00:12.240   406   406 W PackageManager: Unknown permission com.gm.vehicle.permission.READ_LOW_VOLUME_MODULE_PROTECTED in package com.gm.apimanager
12-31 16:00:12.240   406   406 W PackageManager: Unknown permission com.gm.vehicle.permission.READ_PARK_ASSIST_PROTECTED in package com.gm.apimanager
12-31 16:00:12.240   406   406 W PackageManager: Unknown permission com.gm.vehicle.permission.READ_BRAKE_DRIVING_BEHAVIOR_PROTECTED in package com.gm.apimanager
12-31 16:00:12.240   406   406 W PackageManager: Unknown permission com.gm.vehicle.permission.READ_CRUISE_CONTROL_PROTECTED in package com.gm.apimanager
12-31 16:00:12.240   406   406 W PackageManager: Unknown permission com.gm.vehicle.permission.READ_FUEL_DRIVING_BEHAVIOR_PROTECTED in package com.gm.apimanager
12-31 16:00:12.240   406   406 W PackageManager: Unknown permission com.gm.vehicle.permission.READ_ODI_PROTECTED in package com.gm.apimanager
12-31 16:00:12.240   406   406 W PackageManager: Unknown permission com.gm.vehicle.permission.READ_DOORS_AND_WINDOWS_PROTECTED in package com.gm.apimanager
12-31 16:00:12.240   406   406 W PackageManager: Unknown permission com.gm.vehicle.permission.READ_DATE_AND_TIME_PROTECTED in package com.gm.apimanager
