12-07 14:35:01.421  2989  3039 W harman_gps: process_ndr_data(): Fractional seconds = 223464601 is >1 second, Time Invalid: UTC time 0; DR time = 223464601; Fix Type=0
12-07 14:35:01.436  1149  1149 I chatty  : uid=1000(system) com.gm.domain.server.primary expire 2 lines
12-07 14:35:01.476   138   340 I MFC     : Rx size 16 id= 0x301 len=8
12-07 14:35:01.476   138   340 I MFC     : hexdata=20 80 0 0 0 0 0 0
12-07 14:35:01.476   138   340 I MFC     : F301 processed
12-07 14:35:01.476   138   340 I MFC     : Receive
12-07 14:35:01.476   138   340 I MFC     : Rx size 16 id= 0x302 len=2
12-07 14:35:01.476   138   340 I MFC     : hexdata=80 80
12-07 14:35:01.476   138   340 I MFC     : F302 processed
12-07 14:35:01.476   138   340 I MFC     : Receive
12-07 14:35:01.522  2989  3039 W harman_gps: process_ndr_data(): Fractional seconds = 223464701 is >1 second, Time Invalid: UTC time 0; DR time = 223464701; Fix Type=0
12-07 14:35:01.525  1149  1321 I chatty  : uid=1000(system) Thread-34 expire 1 line
12-07 14:35:01.526  1149  1323 I chatty  : uid=1000(system) Thread-36 expire 1 line
12-07 14:35:01.526  3775  3828 I chatty  : uid=1000(system) Thread-318 expire 1 line
12-07 14:35:01.621  2989  3039 W harman_gps: process_ndr_data(): Fractional seconds = 223464801 is >1 second, Time Invalid: UTC time 0; DR time = 223464801; Fix Type=0
12-07 14:35:01.626  1149  1321 I chatty  : uid=1000(system) Thread-34 expire 2 lines
12-07 14:35:01.626  1149  1323 I chatty  : uid=1000(system) Thread-36 expire 2 lines
12-07 14:35:01.626  3775  3828 I chatty  : uid=1000(system) Thread-318 expire 2 lines
12-07 14:35:01.723  2989  3039 W harman_gps: process_ndr_data(): Fractional seconds = 223464901 is >1 second, Time Invalid: UTC time 0; DR time = 223464901; Fix Type=0
12-07 14:35:01.726   138   340 I MFC     : Rx size 16 id= 0x301 len=8
12-07 14:35:01.726   138   340 I MFC     : hexdata=20 80 0 0 0 0 0 0
12-07 14:35:01.726   138   340 I MFC     : F301 processed
12-07 14:35:01.726   138   340 I MFC     : Receive
12-07 14:35:01.727   138   340 I MFC     : Rx size 16 id= 0x302 len=2
12-07 14:35:01.727   138   340 I MFC     : hexdata=80 80
12-07 14:35:01.727   138   340 I MFC     : F302 processed
12-07 14:35:01.727   138   340 I MFC     : Receive
12-07 14:35:01.789   139   156 E ProtoKey: Protokey request failed
12-07 14:35:01.821  2989  3039 W harman_gps: process_ndr_data(): Fractional seconds = 223465001 is >1 second, Time Invalid: UTC time 0; DR time = 223465001; Fix Type=0
12-07 14:35:01.922  2989  3039 W harman_gps: process_ndr_data(): Fractional seconds = 223465101 is >1 second, Time Invalid: UTC time 0; DR time = 223465101; Fix Type=0
12-07 14:35:01.937  1985  1985 I GMAudioAppInitService: GMAudioApp is running (PID=1985,UID=10)
12-07 14:35:01.938  1149  1149 I chatty  : uid=1000(system) com.gm.domain.server.primary expire 2 lines
12-07 14:35:01.976   138   340 I MFC     : Rx size 16 id= 0x301 len=8
12-07 14:35:01.976   138   340 I MFC     : hexdata=20 80 0 0 0 0 0 0
12-07 14:35:01.976   138   340 I MFC     : F301 processed
12-07 14:35:01.976   138   340 I MFC     : Receive
12-07 14:35:01.978   138   340 I MFC     : Rx size 16 id= 0x302 len=2
12-07 14:35:01.978   138   340 I MFC     : hexdata=80 80
12-07 14:35:01.978   138   340 I MFC     : F302 processed
12-07 14:35:01.978   138   340 I MFC     : Receive
12-07 14:35:02.022  2989  3039 W harman_gps: process_ndr_data(): Fractional seconds = 223465201 is >1 second, Time Invalid: UTC time 0; DR time = 223465201; Fix Type=0
12-07 14:35:02.122  2989  3039 W harman_gps: process_ndr_data(): Fractional seconds = 223465302 is >1 second, Time Invalid: UTC time 0; DR time = 223465302; Fix Type=0
12-07 14:35:02.162  8346  8608 I chatty  : uid=1010020(com.telenav.app.denali.na) pool-22-thread- expire 48 lines
12-07 14:35:02.221  2989  3039 W harman_gps: process_ndr_data(): Fractional seconds = 223465401 is >1 second, Time Invalid: UTC time 0; DR time = 223465401; Fix Type=0
12-07 14:35:02.226   138   340 I MFC     : Rx size 16 id= 0x301 len=8
12-07 14:35:02.226   138   340 I MFC     : hexdata=20 80 0 0 0 0 0 0
12-07 14:35:02.226   138   340 I MFC     : F301 processed
12-07 14:35:02.226   138   340 I MFC     : Receive
12-07 14:35:02.227   138   340 I MFC     : Rx size 16 id= 0x302 len=2
12-07 14:35:02.227   138   340 I MFC     : hexdata=80 80
12-07 14:35:02.227   138   340 I MFC     : F302 processed
12-07 14:35:02.227   138   340 I MFC     : Receive
12-07 14:35:02.294   139   156 E ProtoKey: Protokey request failed
12-07 14:35:02.299  1149  1569 I chatty  : uid=1000(system) Thread-86 expire 1 line
12-07 14:35:02.321  2989  3039 W harman_gps: process_ndr_data(): Fractional seconds = 223465501 is >1 second, Time Invalid: UTC time 0; DR time = 223465501; Fix Type=0
12-07 14:35:02.406  1149  1568 I chatty  : uid=1000(system) pool-11-thread- expire 1 line
12-07 14:35:02.421  2989  3039 W harman_gps: process_ndr_data(): Fractional seconds = 223465601 is >1 second, Time Invalid: UTC time 0; DR time = 223465601; Fix Type=0
12-07 14:35:02.441  1149  1149 I chatty  : uid=1000(system) com.gm.domain.server.primary expire 3 lines
12-07 14:35:02.476   138   340 I MFC     : Rx size 16 id= 0x301 len=8
12-07 14:35:02.476   138   340 I MFC     : hexdata=20 80 0 0 0 0 0 0
12-07 14:35:02.477   138   340 I MFC     : F301 processed
12-07 14:35:02.477   138   340 I MFC     : Receive
12-07 14:35:02.477   138   340 I MFC     : Rx size 16 id= 0x302 len=2
12-07 14:35:02.477   138   340 I MFC     : hexdata=80 80
12-07 14:35:02.477   138   340 I MFC     : F302 processed
12-07 14:35:02.477   138   340 I MFC     : Receive
12-07 14:35:02.522  2989  3039 W harman_gps: process_ndr_data(): Fractional seconds = 223465701 is >1 second, Time Invalid: UTC time 0; DR time = 223465701; Fix Type=0
12-07 14:35:02.537  2198  2447 I chatty  : uid=1000(system) Thread-133 expire 1 line
12-07 14:35:02.622  2989  3039 W harman_gps: process_ndr_data(): Fractional seconds = 223465801 is >1 second, Time Invalid: UTC time 0; DR time = 223465801; Fix Type=0
12-07 14:35:02.721  2989  3039 W harman_gps: process_ndr_data(): Fractional seconds = 223465901 is >1 second, Time Invalid: UTC time 0; DR time = 223465901; Fix Type=0
12-07 14:35:02.727   138   340 I MFC     : Rx size 16 id= 0x301 len=8
12-07 14:35:02.727   138   340 I MFC     : hexdata=20 80 0 0 0 0 0 0
12-07 14:35:02.727   138   340 I MFC     : F301 processed
12-07 14:35:02.727   138   340 I MFC     : Receive
12-07 14:35:02.727   138   340 I MFC     : Rx size 16 id= 0x302 len=2
12-07 14:35:02.727   138   340 I MFC     : hexdata=80 80
12-07 14:35:02.727   138   340 I MFC     : F302 processed
12-07 14:35:02.727   138   340 I MFC     : Receive
12-07 14:35:02.799   139   156 E ProtoKey: Protokey request failed
12-07 14:35:02.818  1584  1746 I SCP     : RESP BlueMediaOne:50 BSS_A2DP_Connect handle=0 streamIdList={  } codecTypeList={  } codecFeaturesList={  } contentProtectionList={  } delayReportingList={  } result=BSS_A2DP_ERROR reason='BSS_A2DP_REASON_PAGE_TIMEOUT';
12-07 14:35:02.818  1584  1746 I SCP     : EVNT SGBluetoothGap_BSS_GAP NAME=BSS_GAP_DEVICE_DISCONNECTED address='BC:A9:20:E3:40:F6' reason=BSS_DISCONNECT_REASON_OTHER;
12-07 14:35:02.818  1584  1746 I SCP     : subsystem\WICOME\services\bssservice\src\bss_service\gap\gap.c|29c8725c6e14bb2ae21f374b57d9bf41|31207
12-07 14:35:02.819  1584  1737 D qnxcomm : qnxcomm: accepted channel socket fd=67 from peer=/mp/connections/1584/66 (sequenceNr=273)
12-07 14:35:02.819  1584  1743 D qnxcomm : qnxcomm: connected socket fd=66 to pid=1584, chid=37, timeout=10 seconds
12-07 14:35:02.821  1584  1737 D qnxcomm : qnxcomm: accepted channel socket fd=94 from peer=/mp/connections/1584/66 (sequenceNr=274)
12-07 14:35:02.821  1584  1746 I SCP     : EVNT SGBluetoothGap_BSS_GAP NAME=BSS_GAP_DEVICE_LIST_CHANGED name_list={ 'Wenhui\'s iPhone' } address_list={ 'BC:A9:20:E3:40:F6' } class_of_device_list={ 7995916 } security_list={ BSS_GAP_SECURITY_AUTH_SSP_TRUSTED } connection_list={ BSS_GAP_CONNECTION_NOT_IN_RANGE } reason=BSS_CONNECTION_STATE_CHANGED;
12-07 14:35:02.821  1584  1807 D qnxcomm : qnxcomm: close channel socket fd=67 for sequenceNr=273
12-07 14:35:02.821  1584  1743 D qnxcomm : qnxcomm: connected socket fd=66 to pid=1584, chid=37, timeout=10 seconds
12-07 14:35:02.821  2989  3039 W harman_gps: process_ndr_data(): Fractional seconds = 223466001 is >1 second, Time Invalid: UTC time 0; DR time = 223466001; Fix Type=0
12-07 14:35:02.822  1584  1737 D qnxcomm : qnxcomm: accepted channel socket fd=67 from peer=/mp/connections/1584/66 (sequenceNr=275)
12-07 14:35:02.822  1584  1746 I SCP     : EVNT MediaCtrl NAME=BSS_GAP_DEVICE_LIST_CHANGED name_list={ 'Wenhui\'s iPhone' } address_list={ 'BC:A9:20:E3:40:F6' } class_of_device_list={ 7995916 } security_list={ BSS_GAP_SECURITY_AUTH_SSP_TRUSTED } connection_list={ BSS_GAP_CONNECTION_NOT_IN_RANGE } reason=BSS_CONNECTION_STATE_CHANGED;
12-07 14:35:02.822  1584  1746 I SCP     : RESP MediaCtrl:550 BlueMediaOne_ServiceConnect result=MEDIA_RESULT_PAGE_TIMEOUT;
12-07 14:35:02.822  1584  1746 I SCP     : EVNT SGMedia_BlueMediaOne NAME=MEDIAPLAYER_EV_CONNECTIONSTATE connection_state=CONNECTION_STATE_DISCONNECTED device_name='' codecType=0 output=CODED rc_handle=-1;
12-07 14:35:02.823  1584  1807 D qnxcomm : qnxcomm: close channel socket fd=94 for sequenceNr=274
12-07 14:35:02.823  1584  1743 D qnxcomm : qnxcomm: connected socket fd=66 to pid=1584, chid=37, timeout=10 seconds
12-07 14:35:02.823  1584  1807 D qnxcomm : qnxcomm: close channel socket fd=67 for sequenceNr=275
12-07 14:35:02.823  1584  1746 I SCP     : EVNT BTMediaFSService_BlueMediaOne NAME=MEDIAPLAYER_EV_CONNECTIONSTATE connection_state=CONNECTION_STATE_DISCONNECTED device_name='' codecType=0 output=CODED rc_handle=-1;
12-07 14:35:02.823  1584  1746 I SCP     : EVNT SGMedia_BlueMediaOne NAME=MEDIA_EV_ROLE_CHANGED role=MEDIA_ROLE_UNKNOWN;
12-07 14:35:02.823  1584  1737 D qnxcomm : qnxcomm: accepted channel socket fd=67 from peer=/mp/connections/1584/66 (sequenceNr=276)
12-07 14:35:02.823  1584  1743 D qnxcomm : qnxcomm: connected socket fd=66 to pid=1584, chid=37, timeout=10 seconds
12-07 14:35:02.824  1584  1807 D qnxcomm : qnxcomm: close channel socket fd=67 for sequenceNr=276
12-07 14:35:02.824  1584  1746 I SCP     : EVNT BTMediaFSService_BlueMediaOne NAME=MEDIA_EV_ROLE_CHANGED role=MEDIA_ROLE_UNKNOWN;
12-07 14:35:02.824  1584  1746 I SCP     : EVNT SGMedia_BlueMediaOne NAME=MEDIA_EV_POSITION_CHANGED track_position=0 track_length=0;
12-07 14:35:02.824  1584  1737 D qnxcomm : qnxcomm: accepted channel socket fd=67 from peer=/mp/connections/1584/66 (sequenceNr=277)
12-07 14:35:02.824  1584  1743 D qnxcomm : qnxcomm: connected socket fd=66 to pid=1584, chid=37, timeout=10 seconds
12-07 14:35:02.824  1584  1807 D qnxcomm : qnxcomm: close channel socket fd=67 for sequenceNr=277
12-07 14:35:02.824  1584  1746 I SCP     : EVNT BTMediaFSService_BlueMediaOne NAME=MEDIA_EV_POSITION_CHANGED track_position=0 track_length=0;
12-07 14:35:02.825  1584  1746 I SCP     : CTRL ERRO MediaService MSG='MCtrl_MediaServiceConnect_Call(), system call <media>_ServiceConnect failed.';
12-07 14:35:02.825  1584  1746 I SCP     : CTRL ERRO MediaService MSG='MCtrl_GcfMsgMgr_Event_ServiceConnectCB(), MCtrl_MediaServiceConnect_Call() failed, ';
12-07 14:35:02.826  1584  1746 I SCP     : CALL MediaCtrl:551 BSS_GAP_ServiceConnected error=BSS_GAP_ERROR_PAGE_TIMEOUT handle=1;
12-07 14:35:02.826  1584  1746 I SCP     : RESP SGBluetoothGap_BSS_GAP:72 BSS_GAP_ServiceConnect address='BC:A9:20:E3:40:F6' service='A2DP_SOURCE' error=BSS_GAP_ERROR_PAGE_TIMEOUT;
12-07 14:35:02.826  1584  1737 D qnxcomm : qnxcomm: accepted channel socket fd=67 from peer=/mp/connections/1584/66 (sequenceNr=278)
12-07 14:35:02.826  1584  1743 D qnxcomm : qnxcomm: connected socket fd=66 to pid=1584, chid=37, timeout=10 seconds
12-07 14:35:02.828  2138  2409 D qnxcomm : qnxcomm: connected socket fd=88 to pid=2138, chid=51, timeout=10 seconds
12-07 14:35:02.828  2138  2397 D qnxcomm : qnxcomm: accepted channel socket fd=88 from peer=/mp/connections/2138/88 (sequenceNr=79)
12-07 14:35:02.828  2138  2425 D qnxcomm : qnxcomm: close channel socket fd=88 for sequenceNr=79
12-07 14:35:02.829  1584  1807 D qnxcomm : qnxcomm: close channel socket fd=67 for sequenceNr=278
12-07 14:35:02.830  1584  1746 I SCP     : RESP MediaCtrl:551 BSS_GAP_ServiceConnected error=BSS_GAP_ERROR_NONE;
12-07 14:35:02.830  1584  1746 I SCP     : CALL SGBluetoothGap_BSS_GAP:73 BSS_GAP_ServiceConnect device='MediaCtrl' instance='BlueMediaOne' address='BC:A9:20:E3:40:F6' service='A2DP_SOURCE';
12-07 14:35:02.831  1584  1746 I SCP     : EVNT MediaCtrl NAME=BSS_GAP_SERVICE_CONNECT instance='BlueMediaOne' address='BC:A9:20:E3:40:F6' service='A2DP_SOURCE' handle=1;
12-07 14:35:02.831  1584  1746 I SCP     : CALL MediaCtrl:552 BlueMediaOne_ServiceConnect address='BC:A9:20:E3:40:F6' service='A2DP_SOURCE' handle=1;
12-07 14:35:02.832  1584  1746 I SCP     : CALL BlueMediaOne:51 BSS_A2DP_Accept remoteAddr='BC:A9:20:E3:40:F6' localStreamRole=SINK;
12-07 14:35:02.832  1584  1746 I SCP     : RESP BlueMediaOne:51 BSS_A2DP_Accept handle=0 codecType=0 codecFeatures='' contentProtection=0 delayReporting=UNSUPPORTED output=CODED result=BSS_A2DP_ERROR reason='BSS_A2DP_REASON_NO_INCOMING_CONNECTION';
12-07 14:35:02.833  1584  1746 I SCP     : CALL BlueMediaOne:52 BSS_A2DP_Connect remoteAddr='BC:A9:20:E3:40:F6' localStreamRole=SINK;
12-07 14:35:02.922  2989  3039 W harman_gps: process_ndr_data(): Fractional seconds = 223466101 is >1 second, Time Invalid: UTC time 0; DR time = 223466101; Fix Type=0
12-07 14:35:02.943  1149  1149 I chatty  : uid=1000(system) com.gm.domain.server.primary expire 2 lines
12-07 14:35:02.977   138   340 I MFC     : Rx size 16 id= 0x301 len=8
12-07 14:35:02.977   138   340 I MFC     : hexdata=20 80 0 0 0 0 0 0
12-07 14:35:02.977   138   340 I MFC     : F301 processed
12-07 14:35:02.977   138   340 I MFC     : Receive
12-07 14:35:02.977   138   340 I MFC     : Rx size 16 id= 0x302 len=2
12-07 14:35:02.977   138   340 I MFC     : hexdata=80 80
12-07 14:35:02.977   138   340 I MFC     : F302 processed
12-07 14:35:02.977   138   340 I MFC     : Receive
12-07 14:35:03.022  2989  3039 W harman_gps: process_ndr_data(): Fractional seconds = 223466201 is >1 second, Time Invalid: UTC time 0; DR time = 223466201; Fix Type=0
12-07 14:35:03.122  2989  3039 W harman_gps: process_ndr_data(): Fractional seconds = 223466301 is >1 second, Time Invalid: UTC time 0; DR time = 223466301; Fix Type=0
12-07 14:35:03.221  2989  3039 W harman_gps: process_ndr_data(): Fractional seconds = 223466401 is >1 second, Time Invalid: UTC time 0; DR time = 223466401; Fix Type=0
12-07 14:35:03.227   138   340 I MFC     : Rx size 16 id= 0x301 len=8
12-07 14:35:03.227   138   340 I MFC     : hexdata=20 80 0 0 0 0 0 0
12-07 14:35:03.227   138   340 I MFC     : F301 processed
12-07 14:35:03.227   138   340 I MFC     : Receive
12-07 14:35:03.227   138   340 I MFC     : Rx size 16 id= 0x302 len=2
12-07 14:35:03.227   138   340 I MFC     : hexdata=80 80
12-07 14:35:03.227   138   340 I MFC     : F302 processed
12-07 14:35:03.227   138   340 I MFC     : Receive
12-07 14:35:03.304   139   156 E ProtoKey: Protokey request failed
12-07 14:35:03.321  2989  3039 W harman_gps: process_ndr_data(): Fractional seconds = 223466501 is >1 second, Time Invalid: UTC time 0; DR time = 223466501; Fix Type=0
12-07 14:35:03.408  1149  1568 I chatty  : uid=1000(system) pool-11-thread- expire 1 line
12-07 14:35:03.421  2989  3039 W harman_gps: process_ndr_data(): Fractional seconds = 223466601 is >1 second, Time Invalid: UTC time 0; DR time = 223466601; Fix Type=0
12-07 14:35:03.446  1149  1149 I chatty  : uid=1000(system) com.gm.domain.server.primary expire 3 lines
12-07 14:35:03.477   138   340 I MFC     : Rx size 16 id= 0x301 len=8
12-07 14:35:03.477   138   340 I MFC     : hexdata=20 80 0 0 0 0 0 0
12-07 14:35:03.477   138   340 I MFC     : F301 processed
12-07 14:35:03.477   138   340 I MFC     : Receive
12-07 14:35:03.477   138   340 I MFC     : Rx size 16 id= 0x302 len=2
12-07 14:35:03.477   138   340 I MFC     : hexdata=80 80
12-07 14:35:03.477   138   340 I MFC     : F302 processed
12-07 14:35:03.477   138   340 I MFC     : Receive
12-07 14:35:03.519  1241  1508 E VMS-LocationSrvGA: Signal ID: 558-- VehicleDataUnavailable:gm.vehicle.VehicleDataUnavailable: Vehicle Data Still Not Available From Bus
12-07 14:35:03.519  1241  1508 I GMStatusBar: updateLocationStatus(): Vehicle Data Still Not Available From Bus 
12-07 14:35:03.522  2989  3039 W harman_gps: process_ndr_data(): Fractional seconds = 223466701 is >1 second, Time Invalid: UTC time 0; DR time = 223466701; Fix Type=0
12-07 14:35:03.622  2989  3039 W harman_gps: process_ndr_data(): Fractional seconds = 223466801 is >1 second, Time Invalid: UTC time 0; DR time = 223466801; Fix Type=0
12-07 14:35:03.722  2989  3039 W harman_gps: process_ndr_data(): Fractional seconds = 223466901 is >1 second, Time Invalid: UTC time 0; DR time = 223466901; Fix Type=0
12-07 14:35:03.727   138   340 I MFC     : Rx size 16 id= 0x301 len=8
12-07 14:35:03.727   138   340 I MFC     : hexdata=20 80 0 0 0 0 0 0
12-07 14:35:03.727   138   340 I MFC     : F301 processed
12-07 14:35:03.727   138   340 I MFC     : Receive
12-07 14:35:03.727   138   340 I MFC     : Rx size 16 id= 0x302 len=2
12-07 14:35:03.727   138   340 I MFC     : hexdata=80 80
12-07 14:35:03.727   138   340 I MFC     : F302 processed
12-07 14:35:03.727   138   340 I MFC     : Receive
12-07 14:35:03.809   139   156 E ProtoKey: Protokey request failed
12-07 14:35:03.821  2989  3039 W harman_gps: process_ndr_data(): Fractional seconds = 223507000 is >1 second, Time Invalid: UTC time 0; DR time = 223507000; Fix Type=0
12-07 14:35:03.922  2989  3039 W harman_gps: process_ndr_data(): Fractional seconds = 223507100 is >1 second, Time Invalid: UTC time 0; DR time = 223507100; Fix Type=0
12-07 14:35:03.977   138   340 I MFC     : Rx size 16 id= 0x301 len=8
12-07 14:35:03.977   138   340 I MFC     : hexdata=20 80 0 0 0 0 0 0
12-07 14:35:03.977   138   340 I MFC     : F301 processed
12-07 14:35:03.977   138   340 I MFC     : Receive
12-07 14:35:03.977   138   340 I MFC     : Rx size 16 id= 0x302 len=2
12-07 14:35:03.977   138   340 I MFC     : hexdata=80 80
12-07 14:35:03.978   138   340 I MFC     : F302 processed
12-07 14:35:03.978   138   340 I MFC     : Receive
12-07 14:35:04.022  2989  3039 W harman_gps: process_ndr_data(): Fractional seconds = 223507200 is >1 second, Time Invalid: UTC time 0; DR time = 223507200; Fix Type=0
12-07 14:35:04.122  2989  3039 W harman_gps: process_ndr_data(): Fractional seconds = 223507300 is >1 second, Time Invalid: UTC time 0; DR time = 223507300; Fix Type=0
12-07 14:35:04.185  1149  2574 I chatty  : uid=1000(system) Thread-152 expire 2 lines
12-07 14:35:04.200  1149  1569 I chatty  : uid=1000(system) Thread-86 expire 1 line
12-07 14:35:04.222  2989  3039 W harman_gps: process_ndr_data(): Fractional seconds = 223507400 is >1 second, Time Invalid: UTC time 0; DR time = 223507400; Fix Type=0
12-07 14:35:04.227   138   340 I MFC     : Rx size 16 id= 0x301 len=8
12-07 14:35:04.227   138   340 I MFC     : hexdata=20 80 0 0 0 0 0 0
12-07 14:35:04.227   138   340 I MFC     : F301 processed
12-07 14:35:04.227   138   340 I MFC     : Receive
12-07 14:35:04.227   138   340 I MFC     : Rx size 16 id= 0x302 len=2
12-07 14:35:04.227   138   340 I MFC     : hexdata=80 80
12-07 14:35:04.227   138   340 I MFC     : F302 processed
12-07 14:35:04.227   138   340 I MFC     : Receive
12-07 14:35:04.286  1149  2574 I chatty  : uid=1000(system) Thread-152 expire 1 line
12-07 14:35:04.314   139   156 E ProtoKey: Protokey request failed
12-07 14:35:04.321  2989  3039 W harman_gps: process_ndr_data(): Fractional seconds = 223507500 is >1 second, Time Invalid: UTC time 0; DR time = 223507500; Fix Type=0
12-07 14:35:04.410  1149  1568 I chatty  : uid=1000(system) pool-11-thread- expire 1 line
12-07 14:35:04.421  2989  3039 W harman_gps: process_ndr_data(): Fractional seconds = 223507600 is >1 second, Time Invalid: UTC time 0; DR time = 223507600; Fix Type=0
12-07 14:35:04.439  2198  2447 I chatty  : uid=1000(system) Thread-133 expire 1 line
12-07 14:35:04.451  1149  1149 I chatty  : uid=1000(system) com.gm.domain.server.primary expire 2 lines
12-07 14:35:04.477   138   340 I MFC     : Rx size 16 id= 0x301 len=8
12-07 14:35:04.477   138   340 I MFC     : hexdata=20 80 0 0 0 0 0 0
12-07 14:35:04.478   138   340 I MFC     : F301 processed
12-07 14:35:04.478   138   340 I MFC     : Receive
12-07 14:35:04.478   138   340 I MFC     : Rx size 16 id= 0x302 len=2
12-07 14:35:04.478   138   340 I MFC     : hexdata=80 80
12-07 14:35:04.478   138   340 I MFC     : F302 processed
12-07 14:35:04.478   138   340 I MFC     : Receive
12-07 14:35:04.522  2989  3039 W harman_gps: process_ndr_data(): Fractional seconds = 223507700 is >1 second, Time Invalid: UTC time 0; DR time = 223507700; Fix Type=0
12-07 14:35:04.526  1149  1321 I chatty  : uid=1000(system) Thread-34 expire 1 line
12-07 14:35:04.526  3775  3828 I chatty  : uid=1000(system) Thread-318 expire 1 line
12-07 14:35:04.526  1149  1323 I chatty  : uid=1000(system) Thread-36 expire 1 line
12-07 14:35:04.549  8346  8395 I chatty  : uid=1010020(com.telenav.app.denali.na) pool-16-thread- expire 5 lines
12-07 14:35:04.622  2989  3039 W harman_gps: process_ndr_data(): Fractional seconds = 223507800 is >1 second, Time Invalid: UTC time 0; DR time = 223507800; Fix Type=0
12-07 14:35:04.626  1149  1321 I chatty  : uid=1000(system) Thread-34 expire 2 lines
12-07 14:35:04.626  3775  3828 I chatty  : uid=1000(system) Thread-318 expire 2 lines
12-07 14:35:04.627  1149  1323 I chatty  : uid=1000(system) Thread-36 expire 2 lines
12-07 14:35:04.722  2989  3039 W harman_gps: process_ndr_data(): Fractional seconds = 223507901 is >1 second, Time Invalid: UTC time 0; DR time = 223507901; Fix Type=0
12-07 14:35:04.727   138   340 I MFC     : Rx size 16 id= 0x301 len=8
12-07 14:35:04.727   138   340 I MFC     : hexdata=20 80 0 0 0 0 0 0
12-07 14:35:04.728   138   340 I MFC     : F301 processed
12-07 14:35:04.728   138   340 I MFC     : Receive
12-07 14:35:04.728   138   340 I MFC     : Rx size 16 id= 0x302 len=2
12-07 14:35:04.728   138   340 I MFC     : hexdata=80 80
12-07 14:35:04.728   138   340 I MFC     : F302 processed
12-07 14:35:04.728   138   340 I MFC     : Receive
12-07 14:35:04.819   139   156 E ProtoKey: Protokey request failed
12-07 14:35:04.822  2989  3039 W harman_gps: process_ndr_data(): Fractional seconds = 223508000 is >1 second, Time Invalid: UTC time 0; DR time = 223508000; Fix Type=0
12-07 14:35:04.884  1149  1608 I chatty  : uid=1000(system) Timer-0 expire 1 line
12-07 14:35:04.922  2989  3039 W harman_gps: process_ndr_data(): Fractional seconds = 223508100 is >1 second, Time Invalid: UTC time 0; DR time = 223508100; Fix Type=0
12-07 14:35:04.953  1149  1149 I chatty  : uid=1000(system) com.gm.domain.server.primary expire 3 lines
12-07 14:35:04.978   138   340 I MFC     : Rx size 16 id= 0x301 len=8
12-07 14:35:04.978   138   340 I MFC     : hexdata=20 80 0 0 0 0 0 0
12-07 14:35:04.978   138   340 I MFC     : F301 processed
12-07 14:35:04.978   138   340 I MFC     : Receive
12-07 14:35:04.978   138   340 I MFC     : Rx size 16 id= 0x302 len=2
12-07 14:35:04.978   138   340 I MFC     : hexdata=80 80
12-07 14:35:04.978   138   340 I MFC     : F302 processed
12-07 14:35:04.978   138   340 I MFC     : Receive
12-07 14:35:05.022  2989  3039 W harman_gps: process_ndr_data(): Fractional seconds = 223508200 is >1 second, Time Invalid: UTC time 0; DR time = 223508200; Fix Type=0
12-07 14:35:05.122  2989  3039 W harman_gps: process_ndr_data(): Fractional seconds = 223508300 is >1 second, Time Invalid: UTC time 0; DR time = 223508300; Fix Type=0
12-07 14:35:05.165  8346  8611 I chatty  : uid=1010020(com.telenav.app.denali.na) pool-12-thread- expire 6 lines
12-07 14:35:05.223  8346  8346 I chatty  : uid=1010020(com.telenav.app.denali.na) expire 8 lines
12-07 14:35:05.223  2989  3039 W harman_gps: process_ndr_data(): Fractional seconds = 223508400 is >1 second, Time Invalid: UTC time 0; DR time = 223508400; Fix Type=0
12-07 14:35:05.228   138   340 I MFC     : Rx size 16 id= 0x301 len=8
12-07 14:35:05.228   138   340 I MFC     : hexdata=20 80 0 0 0 0 0 0
12-07 14:35:05.228   138   340 I MFC     : F301 processed
12-07 14:35:05.228   138   340 I MFC     : Receive
12-07 14:35:05.228   138   340 I MFC     : Rx size 16 id= 0x302 len=2
12-07 14:35:05.228   138   340 I MFC     : hexdata=80 80
12-07 14:35:05.228   138   340 I MFC     : F302 processed
12-07 14:35:05.228   138   340 I MFC     : Receive
12-07 14:35:05.322  2989  3039 W harman_gps: process_ndr_data(): Fractional seconds = 223508500 is >1 second, Time Invalid: UTC time 0; DR time = 223508500; Fix Type=0
12-07 14:35:05.325   139   156 E ProtoKey: Protokey request failed
12-07 14:35:05.412  1149  1568 I chatty  : uid=1000(system) pool-11-thread- expire 1 line
12-07 14:35:05.422  2989  3039 W harman_gps: process_ndr_data(): Fractional seconds = 223508600 is >1 second, Time Invalid: UTC time 0; DR time = 223508600; Fix Type=0
12-07 14:35:05.443  8346  8650 I chatty  : uid=1010020(com.telenav.app.denali.na) pool-1-thread-2 expire 4 lines
12-07 14:35:05.456  1149  1149 I chatty  : uid=1000(system) com.gm.domain.server.primary expire 3 lines
12-07 14:35:05.478   138   340 I MFC     : Rx size 16 id= 0x301 len=8
12-07 14:35:05.478   138   340 I MFC     : hexdata=20 80 0 0 0 0 0 0
12-07 14:35:05.478   138   340 I MFC     : F301 processed
12-07 14:35:05.478   138   340 I MFC     : Receive
12-07 14:35:05.478   138   340 I MFC     : Rx size 16 id= 0x302 len=2
12-07 14:35:05.478   138   340 I MFC     : hexdata=80 80
12-07 14:35:05.478   138   340 I MFC     : F302 processed
12-07 14:35:05.478   138   340 I MFC     : Receive
12-07 14:35:05.522  2989  3039 W harman_gps: process_ndr_data(): Fractional seconds = 223508701 is >1 second, Time Invalid: UTC time 0; DR time = 223508701; Fix Type=0
12-07 14:35:05.622  2989  3039 W harman_gps: process_ndr_data(): Fractional seconds = 223508800 is >1 second, Time Invalid: UTC time 0; DR time = 223508800; Fix Type=0
12-07 14:35:05.722  2989  3039 W harman_gps: process_ndr_data(): Fractional seconds = 223508900 is >1 second, Time Invalid: UTC time 0; DR time = 223508900; Fix Type=0
12-07 14:35:05.728   138   340 I MFC     : Rx size 16 id= 0x301 len=8
12-07 14:35:05.728   138   340 I MFC     : hexdata=20 80 0 0 0 0 0 0
12-07 14:35:05.728   138   340 I MFC     : F301 processed
12-07 14:35:05.728   138   340 I MFC     : Receive
12-07 14:35:05.729   138   340 I MFC     : Rx size 16 id= 0x302 len=2
12-07 14:35:05.729   138   340 I MFC     : hexdata=80 80
12-07 14:35:05.729   138   340 I MFC     : F302 processed
12-07 14:35:05.729   138   340 I MFC     : Receive
12-07 14:35:05.821  2989  3039 W harman_gps: process_ndr_data(): Fractional seconds = 223509000 is >1 second, Time Invalid: UTC time 0; DR time = 223509000; Fix Type=0
12-07 14:35:05.830   139   156 E ProtoKey: Protokey request failed
12-07 14:35:05.922  2989  3039 W harman_gps: process_ndr_data(): Fractional seconds = 223509100 is >1 second, Time Invalid: UTC time 0; DR time = 223509100; Fix Type=0
12-07 14:35:05.957  8346  8669 I chatty  : uid=1010020(com.telenav.app.denali.na) pool-1-thread-3 expire 4 lines
12-07 14:35:05.978   138   340 I MFC     : Rx size 16 id= 0x301 len=8
12-07 14:35:05.978   138   340 I MFC     : hexdata=20 80 0 0 0 0 0 0
12-07 14:35:05.979   138   340 I MFC     : F301 processed
12-07 14:35:05.979   138   340 I MFC     : Receive
12-07 14:35:05.979   138   340 I MFC     : Rx size 16 id= 0x302 len=2
12-07 14:35:05.979   138   340 I MFC     : hexdata=80 80
12-07 14:35:05.979   138   340 I MFC     : F302 processed
12-07 14:35:05.979   138   340 I MFC     : Receive
12-07 14:35:06.017   139   153 I [PLSS]PMSvc: SoH |4|r|1|05|00|00|3|3|3|3|0|0|3|0|0|0|3|0|0|0|0|0|
12-07 14:35:06.022  2989  3039 W harman_gps: process_ndr_data(): Fractional seconds = 223509200 is >1 second, Time Invalid: UTC time 0; DR time = 223509200; Fix Type=0
12-07 14:35:06.102  1149  1569 I chatty  : uid=1000(system) Thread-86 expire 1 line
12-07 14:35:06.122  2989  3039 W harman_gps: process_ndr_data(): Fractional seconds = 223509300 is >1 second, Time Invalid: UTC time 0; DR time = 223509300; Fix Type=0
12-07 14:35:06.222  2989  3039 W harman_gps: process_ndr_data(): Fractional seconds = 223509400 is >1 second, Time Invalid: UTC time 0; DR time = 223509400; Fix Type=0
12-07 14:35:06.228   138   340 I MFC     : Rx size 16 id= 0x301 len=8
12-07 14:35:06.228   138   340 I MFC     : hexdata=20 80 0 0 0 0 0 0
12-07 14:35:06.228   138   340 I MFC     : F301 processed
12-07 14:35:06.228   138   340 I MFC     : Receive
12-07 14:35:06.228   138   340 I MFC     : Rx size 16 id= 0x302 len=2
12-07 14:35:06.228   138   340 I MFC     : hexdata=80 80
12-07 14:35:06.228   138   340 I MFC     : F302 processed
12-07 14:35:06.228   138   340 I MFC     : Receive
12-07 14:35:06.322  2989  3039 W harman_gps: process_ndr_data(): Fractional seconds = 223509500 is >1 second, Time Invalid: UTC time 0; DR time = 223509500; Fix Type=0
12-07 14:35:06.335   139   156 E ProtoKey: Protokey request failed
12-07 14:35:06.341  2198  2447 I chatty  : uid=1000(system) Thread-133 expire 1 line
12-07 14:35:06.415  1149  1568 I chatty  : uid=1000(system) pool-11-thread- expire 1 line
12-07 14:35:06.422  2989  3039 W harman_gps: process_ndr_data(): Fractional seconds = 223509600 is >1 second, Time Invalid: UTC time 0; DR time = 223509600; Fix Type=0
12-07 14:35:06.461  1149  1149 I chatty  : uid=1000(system) com.gm.domain.server.primary expire 2 lines
12-07 14:35:06.478   138   340 I MFC     : Rx size 16 id= 0x301 len=8
12-07 14:35:06.478   138   340 I MFC     : hexdata=20 80 0 0 0 0 0 0
12-07 14:35:06.478   138   340 I MFC     : F301 processed
12-07 14:35:06.478   138   340 I MFC     : Receive
12-07 14:35:06.478   138   340 I MFC     : Rx size 16 id= 0x302 len=2
12-07 14:35:06.478   138   340 I MFC     : hexdata=80 80
12-07 14:35:06.478   138   340 I MFC     : F302 processed
12-07 14:35:06.478   138   340 I MFC     : Receive
12-07 14:35:06.522  2989  3039 W harman_gps: process_ndr_data(): Fractional seconds = 223509701 is >1 second, Time Invalid: UTC time 0; DR time = 223509701; Fix Type=0
12-07 14:35:06.612   406  1216 I chatty  : uid=1000(system) WifiStateMachin expire 1 line
12-07 14:35:06.613  1729  1729 D wpa_supplicant: wlan0: Control interface command 'SIGNAL_POLL'
12-07 14:35:06.615  1729  1729 D wpa_supplicant: CTRL-DEBUG: global_ctrl_sock-sendto: sock=11 sndbuf=163840 outq=0 send_len=49
12-07 14:35:06.622  2989  3039 W harman_gps: process_ndr_data(): Fractional seconds = 223509800 is >1 second, Time Invalid: UTC time 0; DR time = 223509800; Fix Type=0
12-07 14:35:06.722  2989  3039 W harman_gps: process_ndr_data(): Fractional seconds = 223509900 is >1 second, Time Invalid: UTC time 0; DR time = 223509900; Fix Type=0
12-07 14:35:06.728   138   340 I MFC     : Rx size 16 id= 0x301 len=8
12-07 14:35:06.728   138   340 I MFC     : hexdata=20 80 0 0 0 0 0 0
12-07 14:35:06.728   138   340 I MFC     : F301 processed
12-07 14:35:06.728   138   340 I MFC     : Receive
12-07 14:35:06.728   138   340 I MFC     : Rx size 16 id= 0x302 len=2
12-07 14:35:06.728   138   340 I MFC     : hexdata=80 80
12-07 14:35:06.729   138   340 I MFC     : F302 processed
12-07 14:35:06.729   138   340 I MFC     : Receive
12-07 14:35:06.823  2989  3039 W harman_gps: process_ndr_data(): Fractional seconds = 223510001 is >1 second, Time Invalid: UTC time 0; DR time = 223510001; Fix Type=0
12-07 14:35:06.825   138   198 D ICSTYPEB: vipTemperatureResponse : VIP temperature response = 58
12-07 14:35:06.840   139   156 E ProtoKey: Protokey request failed
12-07 14:35:06.922  2989  3039 W harman_gps: process_ndr_data(): Fractional seconds = 223510100 is >1 second, Time Invalid: UTC time 0; DR time = 223510100; Fix Type=0
12-07 14:35:06.930   406   483 I chatty  : uid=1000(system) android.io expire 15 lines
12-07 14:35:06.940  1985  1985 I GMAudioAppInitService: GMAudioApp is running (PID=1985,UID=10)
12-07 14:35:06.963  1149  1149 I chatty  : uid=1000(system) com.gm.domain.server.primary expire 2 lines
12-07 14:35:06.979   138   340 I MFC     : Rx size 16 id= 0x301 len=8
12-07 14:35:06.979   138   340 I MFC     : hexdata=20 80 0 0 0 0 0 0
12-07 14:35:06.979   138   340 I MFC     : F301 processed
12-07 14:35:06.979   138   340 I MFC     : Receive
12-07 14:35:06.979   138   340 I MFC     : Rx size 16 id= 0x302 len=2
12-07 14:35:06.979   138   340 I MFC     : hexdata=80 80
12-07 14:35:06.979   138   340 I MFC     : F302 processed
12-07 14:35:06.979   138   340 I MFC     : Receive
12-07 14:35:07.022  2989  3039 W harman_gps: process_ndr_data(): Fractional seconds = 223510200 is >1 second, Time Invalid: UTC time 0; DR time = 223510200; Fix Type=0
12-07 14:35:07.122  2989  3039 W harman_gps: process_ndr_data(): Fractional seconds = 223510300 is >1 second, Time Invalid: UTC time 0; DR time = 223510300; Fix Type=0
12-07 14:35:07.186  1149  2574 I chatty  : uid=1000(system) Thread-152 expire 3 lines
12-07 14:35:07.222  2989  3039 W harman_gps: process_ndr_data(): Fractional seconds = 223510400 is >1 second, Time Invalid: UTC time 0; DR time = 223510400; Fix Type=0
12-07 14:35:07.229   138   340 I MFC     : Rx size 16 id= 0x301 len=8
12-07 14:35:07.229   138   340 I MFC     : hexdata=20 80 0 0 0 0 0 0
12-07 14:35:07.229   138   340 I MFC     : F301 processed
12-07 14:35:07.229   138   340 I MFC     : Receive
12-07 14:35:07.229   138   340 I MFC     : Rx size 16 id= 0x302 len=2
12-07 14:35:07.229   138   340 I MFC     : hexdata=80 80
12-07 14:35:07.229   138   340 I MFC     : F302 processed
12-07 14:35:07.229   138   340 I MFC     : Receive
12-07 14:35:07.323  2989  3039 W harman_gps: process_ndr_data(): Fractional seconds = 223510500 is >1 second, Time Invalid: UTC time 0; DR time = 223510500; Fix Type=0
12-07 14:35:07.348   139   156 E ProtoKey: Protokey request failed
12-07 14:35:07.417  1149  1568 I chatty  : uid=1000(system) pool-11-thread- expire 1 line
12-07 14:35:07.422  2989  3039 W harman_gps: process_ndr_data(): Fractional seconds = 223510600 is >1 second, Time Invalid: UTC time 0; DR time = 223510600; Fix Type=0
12-07 14:35:07.466  1149  1149 I chatty  : uid=1000(system) com.gm.domain.server.primary expire 2 lines
12-07 14:35:07.479   138   340 I MFC     : Rx size 16 id= 0x301 len=8
12-07 14:35:07.479   138   340 I MFC     : hexdata=20 80 0 0 0 0 0 0
12-07 14:35:07.479   138   340 I MFC     : F301 processed
12-07 14:35:07.479   138   340 I MFC     : Receive
12-07 14:35:07.479   138   340 I MFC     : Rx size 16 id= 0x302 len=2
12-07 14:35:07.479   138   340 I MFC     : hexdata=80 80
12-07 14:35:07.479   138   340 I MFC     : F302 processed
12-07 14:35:07.479   138   340 I MFC     : Receive
12-07 14:35:07.522  2989  3039 W harman_gps: process_ndr_data(): Fractional seconds = 223510701 is >1 second, Time Invalid: UTC time 0; DR time = 223510701; Fix Type=0
12-07 14:35:07.526  1149  1321 I chatty  : uid=1000(system) Thread-34 expire 1 line
12-07 14:35:07.526  3775  3828 I chatty  : uid=1000(system) Thread-318 expire 1 line
12-07 14:35:07.526  1149  1323 I chatty  : uid=1000(system) Thread-36 expire 2 lines
12-07 14:35:07.622  2989  3039 W harman_gps: process_ndr_data(): Fractional seconds = 223510800 is >1 second, Time Invalid: UTC time 0; DR time = 223510800; Fix Type=0
12-07 14:35:07.626  1149  1321 I chatty  : uid=1000(system) Thread-34 expire 2 lines
12-07 14:35:07.627  1149  1323 I chatty  : uid=1000(system) Thread-36 expire 1 line
12-07 14:35:07.627  3775  3828 I chatty  : uid=1000(system) Thread-318 expire 2 lines
12-07 14:35:07.722  2989  3039 W harman_gps: process_ndr_data(): Fractional seconds = 223510900 is >1 second, Time Invalid: UTC time 0; DR time = 223510900; Fix Type=0
12-07 14:35:07.729   138   340 I MFC     : Rx size 16 id= 0x301 len=8
12-07 14:35:07.729   138   340 I MFC     : hexdata=20 80 0 0 0 0 0 0
12-07 14:35:07.729   138   340 I MFC     : F301 processed
12-07 14:35:07.729   138   340 I MFC     : Receive
12-07 14:35:07.729   138   340 I MFC     : Rx size 16 id= 0x302 len=2
12-07 14:35:07.729   138   340 I MFC     : hexdata=80 80
12-07 14:35:07.729   138   340 I MFC     : F302 processed
12-07 14:35:07.729   138   340 I MFC     : Receive
12-07 14:35:07.823  2989  3039 W harman_gps: process_ndr_data(): Fractional seconds = 223511000 is >1 second, Time Invalid: UTC time 0; DR time = 223511000; Fix Type=0
12-07 14:35:07.855   139   156 E ProtoKey: Protokey request failed
12-07 14:35:07.922  2989  3039 W harman_gps: process_ndr_data(): Fractional seconds = 223511100 is >1 second, Time Invalid: UTC time 0; DR time = 223511100; Fix Type=0
12-07 14:35:07.956  1584  1746 I SCP     : RESP BlueMediaOne:52 BSS_A2DP_Connect handle=0 streamIdList={  } codecTypeList={  } codecFeaturesList={  } contentProtectionList={  } delayReportingList={  } result=BSS_A2DP_ERROR reason='BSS_A2DP_REASON_PAGE_TIMEOUT';
12-07 14:35:07.956  1584  1746 I SCP     : EVNT SGBluetoothGap_BSS_GAP NAME=BSS_GAP_DEVICE_DISCONNECTED address='BC:A9:20:E3:40:F6' reason=BSS_DISCONNECT_REASON_OTHER;
12-07 14:35:07.956  1584  1746 I SCP     : subsystem\WICOME\services\bssservice\src\bss_service\gap\gap.c|29c8725c6e14bb2ae21f374b57d9bf41|31207
12-07 14:35:07.956  1584  1737 D qnxcomm : qnxcomm: accepted channel socket fd=67 from peer=/mp/connections/1584/66 (sequenceNr=279)
12-07 14:35:07.957  1584  1743 D qnxcomm : qnxcomm: connected socket fd=66 to pid=1584, chid=37, timeout=10 seconds
12-07 14:35:07.957  1584  1807 D qnxcomm : qnxcomm: close channel socket fd=67 for sequenceNr=279
12-07 14:35:07.959  1584  1737 D qnxcomm : qnxcomm: accepted channel socket fd=67 from peer=/mp/connections/1584/66 (sequenceNr=280)
12-07 14:35:07.959  1584  1746 I SCP     : EVNT SGBluetoothGap_BSS_GAP NAME=BSS_GAP_DEVICE_LIST_CHANGED name_list={ 'Wenhui\'s iPhone' } address_list={ 'BC:A9:20:E3:40:F6' } class_of_device_list={ 7995916 } security_list={ BSS_GAP_SECURITY_AUTH_SSP_TRUSTED } connection_list={ BSS_GAP_CONNECTION_NOT_IN_RANGE } reason=BSS_CONNECTION_STATE_CHANGED;
12-07 14:35:07.959  1584  1743 D qnxcomm : qnxcomm: connected socket fd=66 to pid=1584, chid=37, timeout=10 seconds
12-07 14:35:07.960  1584  1737 D qnxcomm : qnxcomm: accepted channel socket fd=94 from peer=/mp/connections/1584/66 (sequenceNr=281)
12-07 14:35:07.960  1584  1746 I SCP     : EVNT MediaCtrl NAME=BSS_GAP_DEVICE_LIST_CHANGED name_list={ 'Wenhui\'s iPhone' } address_list={ 'BC:A9:20:E3:40:F6' } class_of_device_list={ 7995916 } security_list={ BSS_GAP_SECURITY_AUTH_SSP_TRUSTED } connection_list={ BSS_GAP_CONNECTION_NOT_IN_RANGE } reason=BSS_CONNECTION_STATE_CHANGED;
12-07 14:35:07.960  1584  1746 I SCP     : RESP MediaCtrl:552 BlueMediaOne_ServiceConnect result=MEDIA_RESULT_PAGE_TIMEOUT;
12-07 14:35:07.960  1584  1746 I SCP     : EVNT SGMedia_BlueMediaOne NAME=MEDIAPLAYER_EV_CONNECTIONSTATE connection_state=CONNECTION_STATE_DISCONNECTED device_name='' codecType=0 output=CODED rc_handle=-1;
12-07 14:35:07.960  1584  1807 D qnxcomm : qnxcomm: close channel socket fd=67 for sequenceNr=280
12-07 14:35:07.960  1584  1743 D qnxcomm : qnxcomm: connected socket fd=66 to pid=1584, chid=37, timeout=10 seconds
12-07 14:35:07.961  1584  1737 D qnxcomm : qnxcomm: accepted channel socket fd=67 from peer=/mp/connections/1584/66 (sequenceNr=282)
12-07 14:35:07.961  1584  1746 I SCP     : EVNT BTMediaFSService_BlueMediaOne NAME=MEDIAPLAYER_EV_CONNECTIONSTATE connection_state=CONNECTION_STATE_DISCONNECTED device_name='' codecType=0 output=CODED rc_handle=-1;
12-07 14:35:07.961  1584  1746 I SCP     : EVNT SGMedia_BlueMediaOne NAME=MEDIA_EV_ROLE_CHANGED role=MEDIA_ROLE_UNKNOWN;
12-07 14:35:07.961  1584  1807 D qnxcomm : qnxcomm: close channel socket fd=94 for sequenceNr=281
12-07 14:35:07.961  1584  1743 D qnxcomm : qnxcomm: connected socket fd=66 to pid=1584, chid=37, timeout=10 seconds
12-07 14:35:07.962  1584  1737 D qnxcomm : qnxcomm: accepted channel socket fd=94 from peer=/mp/connections/1584/66 (sequenceNr=283)
12-07 14:35:07.962  1584  1746 I SCP     : EVNT BTMediaFSService_BlueMediaOne NAME=MEDIA_EV_ROLE_CHANGED role=MEDIA_ROLE_UNKNOWN;
12-07 14:35:07.962  1584  1746 I SCP     : EVNT SGMedia_BlueMediaOne NAME=MEDIA_EV_POSITION_CHANGED track_position=0 track_length=0;
12-07 14:35:07.962  1584  1807 D qnxcomm : qnxcomm: close channel socket fd=67 for sequenceNr=282
12-07 14:35:07.962  1584  1743 D qnxcomm : qnxcomm: connected socket fd=66 to pid=1584, chid=37, timeout=10 seconds
12-07 14:35:07.962  1584  1746 I SCP     : EVNT BTMediaFSService_BlueMediaOne NAME=MEDIA_EV_POSITION_CHANGED track_position=0 track_length=0;
12-07 14:35:07.962  1584  1746 I SCP     : CTRL ERRO MediaService MSG='MCtrl_MediaServiceConnect_Call(), system call <media>_ServiceConnect failed.';
12-07 14:35:07.962  1584  1746 I SCP     : CTRL ERRO MediaService MSG='MCtrl_GcfMsgMgr_Event_ServiceConnectCB(), MCtrl_MediaServiceConnect_Call() failed, ';
12-07 14:35:07.962  1584  1746 I SCP     : CALL MediaCtrl:553 BSS_GAP_ServiceConnected error=BSS_GAP_ERROR_PAGE_TIMEOUT handle=1;
12-07 14:35:07.962  1584  1807 D qnxcomm : qnxcomm: close channel socket fd=94 for sequenceNr=283
12-07 14:35:07.962  1584  1746 I SCP     : RESP SGBluetoothGap_BSS_GAP:73 BSS_GAP_ServiceConnect address='BC:A9:20:E3:40:F6' service='A2DP_SOURCE' error=BSS_GAP_ERROR_PAGE_TIMEOUT;
12-07 14:35:07.963  1584  1737 D qnxcomm : qnxcomm: accepted channel socket fd=67 from peer=/mp/connections/1584/66 (sequenceNr=284)
12-07 14:35:07.963  1584  1743 D qnxcomm : qnxcomm: connected socket fd=66 to pid=1584, chid=37, timeout=10 seconds
12-07 14:35:07.963  1584  1746 I SCP     : RESP MediaCtrl:553 BSS_GAP_ServiceConnected error=BSS_GAP_ERROR_NONE;
12-07 14:35:07.963  2138  2409 D qnxcomm : qnxcomm: connected socket fd=88 to pid=2138, chid=51, timeout=10 seconds
12-07 14:35:07.963  1584  1807 D qnxcomm : qnxcomm: close channel socket fd=67 for sequenceNr=284
12-07 14:35:07.964  2138  2397 D qnxcomm : qnxcomm: accepted channel socket fd=88 from peer=/mp/connections/2138/88 (sequenceNr=80)
12-07 14:35:07.964  2138  2425 D qnxcomm : qnxcomm: close channel socket fd=88 for sequenceNr=80
12-07 14:35:07.964  1584  1746 I SCP     : CALL SGBluetoothGap_BSS_GAP:74 BSS_GAP_ServiceConnect device='MediaCtrl' instance='BlueMediaOne' address='BC:A9:20:E3:40:F6' service='A2DP_SOURCE';
12-07 14:35:07.964  1584  1746 I SCP     : EVNT MediaCtrl NAME=BSS_GAP_SERVICE_CONNECT instance='BlueMediaOne' address='BC:A9:20:E3:40:F6' service='A2DP_SOURCE' handle=1;
12-07 14:35:07.965  1584  1746 I SCP     : CALL MediaCtrl:554 BlueMediaOne_ServiceConnect address='BC:A9:20:E3:40:F6' service='A2DP_SOURCE' handle=1;
12-07 14:35:07.965  1584  1746 I SCP     : CALL BlueMediaOne:53 BSS_A2DP_Accept remoteAddr='BC:A9:20:E3:40:F6' localStreamRole=SINK;
12-07 14:35:07.965  1584  1746 I SCP     : RESP BlueMediaOne:53 BSS_A2DP_Accept handle=0 codecType=0 codecFeatures='' contentProtection=0 delayReporting=UNSUPPORTED output=CODED result=BSS_A2DP_ERROR reason='BSS_A2DP_REASON_NO_INCOMING_CONNECTION';
12-07 14:35:07.965  1584  1746 I SCP     : CALL BlueMediaOne:54 BSS_A2DP_Connect remoteAddr='BC:A9:20:E3:40:F6' localStreamRole=SINK;
12-07 14:35:07.968  1149  1149 I chatty  : uid=1000(system) com.gm.domain.server.primary expire 2 lines
12-07 14:35:07.980   138   340 I MFC     : Rx size 16 id= 0x301 len=8
12-07 14:35:07.980   138   340 I MFC     : hexdata=20 80 0 0 0 0 0 0
12-07 14:35:07.980   138   340 I MFC     : F301 processed
12-07 14:35:07.980   138   340 I MFC     : Receive
12-07 14:35:07.980   138   340 I MFC     : Rx size 16 id= 0x302 len=2
12-07 14:35:07.980   138   340 I MFC     : hexdata=80 80
12-07 14:35:07.980   138   340 I MFC     : F302 processed
12-07 14:35:07.980   138   340 I MFC     : Receive
12-07 14:35:08.004  1149  1569 I chatty  : uid=1000(system) Thread-86 expire 1 line
12-07 14:35:08.022  2989  3039 W harman_gps: process_ndr_data(): Fractional seconds = 223511201 is >1 second, Time Invalid: UTC time 0; DR time = 223511201; Fix Type=0
12-07 14:35:08.122  2989  3039 W harman_gps: process_ndr_data(): Fractional seconds = 223511300 is >1 second, Time Invalid: UTC time 0; DR time = 223511300; Fix Type=0
12-07 14:35:08.222  2989  3039 W harman_gps: process_ndr_data(): Fractional seconds = 223511400 is >1 second, Time Invalid: UTC time 0; DR time = 223511400; Fix Type=0
12-07 14:35:08.229   138   340 I MFC     : Rx size 16 id= 0x301 len=8
12-07 14:35:08.229   138   340 I MFC     : hexdata=20 80 0 0 0 0 0 0
12-07 14:35:08.229   138   340 I MFC     : F301 processed
12-07 14:35:08.229   138   340 I MFC     : Receive
12-07 14:35:08.229   138   340 I MFC     : Rx size 16 id= 0x302 len=2
12-07 14:35:08.229   138   340 I MFC     : hexdata=80 80
12-07 14:35:08.229   138   340 I MFC     : F302 processed
12-07 14:35:08.229   138   340 I MFC     : Receive
12-07 14:35:08.243  2198  2447 I chatty  : uid=1000(system) Thread-133 expire 1 line
12-07 14:35:08.322  2989  3039 W harman_gps: process_ndr_data(): Fractional seconds = 223511500 is >1 second, Time Invalid: UTC time 0; DR time = 223511500; Fix Type=0
12-07 14:35:08.360   139   156 E ProtoKey: Protokey request failed
12-07 14:35:08.419  1149  1568 I chatty  : uid=1000(system) pool-11-thread- expire 1 line
12-07 14:35:08.422  2989  3039 W harman_gps: process_ndr_data(): Fractional seconds = 223511600 is >1 second, Time Invalid: UTC time 0; DR time = 223511600; Fix Type=0
12-07 14:35:08.471  1149  1149 I chatty  : uid=1000(system) com.gm.domain.server.primary expire 2 lines
12-07 14:35:08.479   138   340 I MFC     : Rx size 16 id= 0x301 len=8
12-07 14:35:08.479   138   340 I MFC     : hexdata=20 80 0 0 0 0 0 0
12-07 14:35:08.479   138   340 I MFC     : F301 processed
12-07 14:35:08.479   138   340 I MFC     : Receive
12-07 14:35:08.479   138   340 I MFC     : Rx size 16 id= 0x302 len=2
12-07 14:35:08.479   138   340 I MFC     : hexdata=80 80
12-07 14:35:08.479   138   340 I MFC     : F302 processed
12-07 14:35:08.479   138   340 I MFC     : Receive
12-07 14:35:08.515  1149  1520 I chatty  : uid=1000(system) TcpInternetMana expire 13 lines
12-07 14:35:08.516  1149  1520 E TcpInternetManager: getOnstarSubscription: getData failure. 
12-07 14:35:08.522  2989  3039 W harman_gps: process_ndr_data(): Fractional seconds = 223511701 is >1 second, Time Invalid: UTC time 0; DR time = 223511701; Fix Type=0
12-07 14:35:08.553  1241  1508 E VMS-LocationSrvGA: Signal ID: 558-- VehicleDataUnavailable:gm.vehicle.VehicleDataUnavailable: Vehicle Data Still Not Available From Bus
12-07 14:35:08.555  1241  1508 I GMStatusBar: updateLocationStatus(): Vehicle Data Still Not Available From Bus 
12-07 14:35:08.622  2989  3039 W harman_gps: process_ndr_data(): Fractional seconds = 223511800 is >1 second, Time Invalid: UTC time 0; DR time = 223511800; Fix Type=0
12-07 14:35:08.722  2989  3039 W harman_gps: process_ndr_data(): Fractional seconds = 223511900 is >1 second, Time Invalid: UTC time 0; DR time = 223511900; Fix Type=0
12-07 14:35:08.729   138   340 I MFC     : Rx size 16 id= 0x301 len=8
12-07 14:35:08.729   138   340 I MFC     : hexdata=20 80 0 0 0 0 0 0
12-07 14:35:08.729   138   340 I MFC     : F301 processed
12-07 14:35:08.729   138   340 I MFC     : Receive
12-07 14:35:08.729   138   340 I MFC     : Rx size 16 id= 0x302 len=2
12-07 14:35:08.729   138   340 I MFC     : hexdata=80 80
12-07 14:35:08.729   138   340 I MFC     : F302 processed
12-07 14:35:08.729   138   340 I MFC     : Receive
12-07 14:35:08.822  2989  3039 W harman_gps: process_ndr_data(): Fractional seconds = 223512000 is >1 second, Time Invalid: UTC time 0; DR time = 223512000; Fix Type=0
12-07 14:35:08.865   139   156 E ProtoKey: Protokey request failed
12-07 14:35:08.922  2989  3039 W harman_gps: process_ndr_data(): Fractional seconds = 223512101 is >1 second, Time Invalid: UTC time 0; DR time = 223512101; Fix Type=0
12-07 14:35:08.973  1149  1149 I chatty  : uid=1000(system) com.gm.domain.server.primary expire 2 lines
12-07 14:35:08.980   138   340 I MFC     : Rx size 16 id= 0x301 len=8
12-07 14:35:08.980   138   340 I MFC     : hexdata=20 80 0 0 0 0 0 0
12-07 14:35:08.980   138   340 I MFC     : F301 processed
12-07 14:35:08.980   138   340 I MFC     : Receive
12-07 14:35:08.980   138   340 I MFC     : Rx size 16 id= 0x302 len=2
12-07 14:35:08.980   138   340 I MFC     : hexdata=80 80
12-07 14:35:08.980   138   340 I MFC     : F302 processed
12-07 14:35:08.980   138   340 I MFC     : Receive
12-07 14:35:09.022  2989  3039 W harman_gps: process_ndr_data(): Fractional seconds = 223512201 is >1 second, Time Invalid: UTC time 0; DR time = 223512201; Fix Type=0
12-07 14:35:09.122  2989  3039 W harman_gps: process_ndr_data(): Fractional seconds = 223512300 is >1 second, Time Invalid: UTC time 0; DR time = 223512300; Fix Type=0
12-07 14:35:09.222  2989  3039 W harman_gps: process_ndr_data(): Fractional seconds = 223512400 is >1 second, Time Invalid: UTC time 0; DR time = 223512400; Fix Type=0
12-07 14:35:09.229   138   340 I MFC     : Rx size 16 id= 0x301 len=8
12-07 14:35:09.230   138   340 I MFC     : hexdata=20 80 0 0 0 0 0 0
12-07 14:35:09.230   138   340 I MFC     : F301 processed
12-07 14:35:09.230   138   340 I MFC     : Receive
12-07 14:35:09.230   138   340 I MFC     : Rx size 16 id= 0x302 len=2
